******************************************************************************
                  TI ARM Linker PC v5.1.6                      
******************************************************************************
>> Linked Tue Feb 24 17:41:24 2015

OUTPUT FILE NAME:   <armV4_oldXfer.out>
ENTRY POINT SYMBOL: "_c_int00"  address: 00001209


MEMORY CONFIGURATION

         name            origin    length      used     unused   attr    fill
----------------------  --------  ---------  --------  --------  ----  --------
  FLASH                 00000000   00040000  00001a9c  0003e564  R  X
  SRAM                  20000000   00008000  00000388  00007c78  RW X


SEGMENT ALLOCATION MAP

run origin  load origin   length   init length attrs members
----------  ----------- ---------- ----------- ----- -------
00000000    00000000    00001aa0   00001aa0    r-x
  00000000    00000000    0000026c   0000026c    r-- .intvecs
  0000026c    0000026c    000015f4   000015f4    r-x .text
  00001860    00001860    00000204   00000204    r-- .const
  00001a68    00001a68    00000038   00000038    r-- .cinit
20000000    20000000    00000388   00000000    rw-
  20000000    20000000    0000026c   00000000    rw- .vtable
  2000026c    2000026c    00000100   00000000    rw- .stack
  2000036c    2000036c    0000001c   00000000    rw- .data


SECTION ALLOCATION MAP

 output                                  attributes/
section   page    origin      length       input sections
--------  ----  ----------  ----------   ----------------
.intvecs   0    00000000    0000026c     
                  00000000    0000026c     startup_ccs.obj (.intvecs)

.init_array 
*          0    00000000    00000000     UNINITIALIZED

.text      0    0000026c    000015f4     
                  0000026c    0000023e     armMainV4_oldXfer.obj (.text:GPIOPadConfigSet)
                  000004aa    00000002     startup_ccs.obj (.text:FaultISR)
                  000004ac    000001e8     armMainV4_oldXfer.obj (.text:SysCtlClockGet)
                  00000694    000001dc     armMainV4_oldXfer.obj (.text:SysCtlClockSet)
                  00000870    0000013c     armMainV4_oldXfer.obj (.text:initHardware)
                  000009ac    00000118     armMainV4_oldXfer.obj (.text:main)
                  00000ac4    00000118     struct_xfer_armVersion_Old.obj (.text:recv_struct)
                  00000bdc    0000009c     dynamixel.obj (.text:dynoMove)
                  00000c78    0000009c     rtsv7M4_T_le_v4SPD16_eabi.lib : memcpy_t2.obj (.text)
                  00000d14    00000094     armMainV4_oldXfer.obj (.text:initDynos)
                  00000da8    00000094     rtsv7M4_T_le_v4SPD16_eabi.lib : auto_init.obj (.text)
                  00000e3c    00000080     armMainV4_oldXfer.obj (.text:IntEnable)
                  00000ebc    00000080     armMainV4_oldXfer.obj (.text:_UARTIntNumberGet)
                  00000f3c    0000007e     dynamixel.obj (.text:dynoMultiModeSet)
                  00000fba    00000076     armMainV4_oldXfer.obj (.text:UARTConfigSetExpClk)
                  00001030    00000068     armMainV4_oldXfer.obj (.text:GPIOPinConfigure)
                  00001098    0000005e     rtsv7M4_T_le_v4SPD16_eabi.lib : copy_decompress_rle.obj (.text)
                  000010f6    0000005c     armMainV4_oldXfer.obj (.text:GPIODirModeSet)
                  00001152    00000002     startup_ccs.obj (.text:NmiSR)
                  00001154    0000005c     armMainV4_oldXfer.obj (.text:IntRegister)
                  000011b0    00000058     armMainV4_oldXfer.obj (.text:resetStruct)
                  00001208    00000048     rtsv7M4_T_le_v4SPD16_eabi.lib : boot.obj (.text)
                  00001250    00000044     armMainV4_oldXfer.obj (.text:UARTMotherIntHandler)
                  00001294    00000044     rtsv7M4_T_le_v4SPD16_eabi.lib : cpy_tbl.obj (.text)
                  000012d8    00000044                                   : exit.obj (.text)
                  0000131c    00000040     armMainV4_oldXfer.obj (.text:SysCtlPeripheralEnable)
                  0000135c    00000034     armMainV4_oldXfer.obj (.text:IntSetup)
                  00001390    00000030     armMainV4_oldXfer.obj (.text:UARTDisable)
                  000013c0    00000030     armMainV4_oldXfer.obj (.text:actuatorForward)
                  000013f0    00000030     armMainV4_oldXfer.obj (.text:actuatorReverse)
                  00001420    00000030     armMainV4_oldXfer.obj (.text:setForward)
                  00001450    00000030     armMainV4_oldXfer.obj (.text:setReverse)
                  00001480    0000002e     armMainV4_oldXfer.obj (.text:setStop)
                  000014ae    00000002     --HOLE-- [fill = 0]
                  000014b0    0000002c     armMainV4_oldXfer.obj (.text:wristClockWise)
                  000014dc    00000028     armMainV4_oldXfer.obj (.text:baseClockWise)
                  00001504    00000028     armMainV4_oldXfer.obj (.text:baseCounterClockWise)
                  0000152c    00000028     armMainV4_oldXfer.obj (.text:elbowClockWise)
                  00001554    00000028     armMainV4_oldXfer.obj (.text:elbowCounterClockWise)
                  0000157c    00000028     armMainV4_oldXfer.obj (.text:elbowDown)
                  000015a4    00000028     armMainV4_oldXfer.obj (.text:elbowUp)
                  000015cc    00000028     dynamixel.obj (.text:switchCom)
                  000015f4    00000028     armMainV4_oldXfer.obj (.text:wristCounterClockWise)
                  0000161c    00000028     armMainV4_oldXfer.obj (.text:wristDown)
                  00001644    00000028     armMainV4_oldXfer.obj (.text:wristUp)
                  0000166c    00000024     armMainV4_oldXfer.obj (.text:GPIOPinTypeGPIOOutput)
                  00001690    00000024     armMainV4_oldXfer.obj (.text:GPIOPinTypeUART)
                  000016b4    00000024     armMainV4_oldXfer.obj (.text:UARTEnable)
                  000016d8    00000020     armMainV4_oldXfer.obj (.text:GPIOPinWrite)
                  000016f8    0000001e     armMainV4_oldXfer.obj (.text:UARTCharPut)
                  00001716    0000001e     armMainV4_oldXfer.obj (.text:UARTCharsAvail)
                  00001734    0000001e     armMainV4_oldXfer.obj (.text:UARTIntRegister)
                  00001752    0000001c     armMainV4_oldXfer.obj (.text:UARTCharGetNonBlocking)
                  0000176e    00000018     armMainV4_oldXfer.obj (.text:UARTFIFOLevelSet)
                  00001786    00000018     armMainV4_oldXfer.obj (.text:UARTIntEnable)
                  0000179e    00000018     armMainV4_oldXfer.obj (.text:delay)
                  000017b6    00000018     armMainV4_oldXfer.obj (.text:flushUart)
                  000017ce    00000002     --HOLE-- [fill = 0]
                  000017d0    00000018     rtsv7M4_T_le_v4SPD16_eabi.lib : args_main.obj (.text)
                  000017e8    00000014                                   : _lock.obj (.text)
                  000017fc    00000012     armMainV4_oldXfer.obj (.text:UARTIntClear)
                  0000180e    00000012     rtsv7M4_T_le_v4SPD16_eabi.lib : copy_zero_init.obj (.text:decompress:ZI)
                  00001820    00000010     armMainV4_oldXfer.obj (.text:IntMasterEnable)
                  00001830    0000000e     rtsv7M4_T_le_v4SPD16_eabi.lib : copy_decompress_none.obj (.text:decompress:none)
                  0000183e    0000000c     armMainV4_oldXfer.obj (.text:CPUcpsie)
                  0000184a    00000006     startup_ccs.obj (.text:ResetISR)
                  00001850    00000006     armMainV4_oldXfer.obj (.text:SysCtlDelay)
                  00001856    00000006     rtsv7M4_T_le_v4SPD16_eabi.lib : copy_decompress_rle.obj (.text:decompress:rle24)
                  0000185c    00000004     startup_ccs.obj (.text:IntDefaultHandler)

.const     0    00001860    00000204     
                  00001860    00000090     armMainV4_oldXfer.obj (.const:g_pui32GPIOBaseAddrs)
                  000018f0    00000088     armMainV4_oldXfer.obj (.const)
                  00001978    0000006c     armMainV4_oldXfer.obj (.const:g_pui32Xtals)
                  000019e4    00000040     armMainV4_oldXfer.obj (.const:g_ppui32UARTIntMap)
                  00001a24    00000040     armMainV4_oldXfer.obj (.const:g_ppui32UARTIntMapSnowflake)

.cinit     0    00001a68    00000038     
                  00001a68    00000013     (.cinit..data.load) [load image, compression = rle]
                  00001a7b    00000001     --HOLE-- [fill = 0]
                  00001a7c    0000000c     (__TI_handler_table)
                  00001a88    00000008     (.cinit..vtable.load) [load image, compression = zero_init]
                  00001a90    00000010     (__TI_cinit_table)

.vtable    0    20000000    0000026c     UNINITIALIZED
                  20000000    0000026c     armMainV4_oldXfer.obj (.vtable)

.stack     0    2000026c    00000100     UNINITIALIZED
                  2000026c    00000100     --HOLE--

.data      0    2000036c    0000001c     UNINITIALIZED
                  2000036c    00000008     rtsv7M4_T_le_v4SPD16_eabi.lib : _lock.obj (.data)
                  20000374    00000008                                   : exit.obj (.data)
                  2000037c    00000005     armMainV4_oldXfer.obj (.data)
                  20000381    00000003     --HOLE--
                  20000384    00000004     rtsv7M4_T_le_v4SPD16_eabi.lib : stkdepth_vars.obj (.data)


LINKER GENERATED COPY TABLES

__TI_cinit_table @ 00001a90 records: 2, size/record: 8, table size: 16
	.data: load addr=00001a68, load size=00000013 bytes, run addr=2000036c, run size=0000001c bytes, compression=rle
	.vtable: load addr=00001a88, load size=00000008 bytes, run addr=20000000, run size=0000026c bytes, compression=zero_init


LINKER GENERATED HANDLER TABLE

__TI_handler_table @ 00001a7c records: 3, size/record: 4, table size: 12
	index: 0, handler: __TI_zero_init
	index: 1, handler: __TI_decompress_rle24
	index: 2, handler: __TI_decompress_none


GLOBAL SYMBOLS: SORTED ALPHABETICALLY BY Name 

address    name
--------   ----
000012d9   C$$EXIT
0000183f   CPUcpsie
000010f7   GPIODirModeSet
0000026d   GPIOPadConfigSet
00001031   GPIOPinConfigure
0000166d   GPIOPinTypeGPIOOutput
00001691   GPIOPinTypeUART
000016d9   GPIOPinWrite
00000e3d   IntEnable
00001821   IntMasterEnable
00001155   IntRegister
0000135d   IntSetup
0000184b   ResetISR
UNDEFED    SHT$$INIT_ARRAY$$Base
UNDEFED    SHT$$INIT_ARRAY$$Limit
000004ad   SysCtlClockGet
00000695   SysCtlClockSet
00001851   SysCtlDelay
0000131d   SysCtlPeripheralEnable
00001753   UARTCharGetNonBlocking
000016f9   UARTCharPut
00001717   UARTCharsAvail
00000fbb   UARTConfigSetExpClk
00001391   UARTDisable
000016b5   UARTEnable
0000176f   UARTFIFOLevelSet
000017fd   UARTIntClear
00001787   UARTIntEnable
00001735   UARTIntRegister
00001251   UARTMotherIntHandler
2000036c   __STACK_END
00000100   __STACK_SIZE
2000036c   __STACK_TOP
00001a90   __TI_CINIT_Base
00001aa0   __TI_CINIT_Limit
00001a7c   __TI_Handler_Table_Base
00001a88   __TI_Handler_Table_Limit
00000001   __TI_args_main
00000da9   __TI_auto_init
20000374   __TI_cleanup_ptr
00001831   __TI_decompress_none
00001857   __TI_decompress_rle24
20000378   __TI_dtors_ptr
00000000   __TI_static_base__
0000180f   __TI_zero_init
00000c79   __aeabi_memcpy
00000c79   __aeabi_memcpy4
00000c79   __aeabi_memcpy8
ffffffff   __binit__
ffffffff   __c_args__
2000026c   __stack
000017d1   _args_main
00001209   _c_int00
2000036c   _lock
000017f7   _nop
000017ef   _register_lock
000017e9   _register_unlock
20000370   _unlock
000012dd   abort
000013c1   actuatorForward
000013f1   actuatorReverse
000014dd   baseClockWise
00001505   baseCounterClockWise
ffffffff   binit
00001295   copy_in
0000179f   delay
00000bdd   dynoMove
00000f3d   dynoMultiModeSet
0000152d   elbowClockWise
00001555   elbowCounterClockWise
0000157d   elbowDown
000015a5   elbowUp
000012e5   exit
000017b7   flushUart
20000000   g_pfnRAMVectors
00000000   g_pfnVectors
20000380   handled
00000d15   initDynos
00000871   initHardware
000009ad   main
20000384   main_func_sp
00000c79   memcpy
00000ac5   recv_struct
000011b1   resetStruct
00001421   setForward
00001451   setReverse
00001481   setStop
000015cd   switchCom
2000037c   uartRxBuf
000014b1   wristClockWise
000015f5   wristCounterClockWise
0000161d   wristDown
00001645   wristUp


GLOBAL SYMBOLS: SORTED BY Symbol Address 

address    name
--------   ----
00000000   __TI_static_base__
00000000   g_pfnVectors
00000001   __TI_args_main
00000100   __STACK_SIZE
0000026d   GPIOPadConfigSet
000004ad   SysCtlClockGet
00000695   SysCtlClockSet
00000871   initHardware
000009ad   main
00000ac5   recv_struct
00000bdd   dynoMove
00000c79   __aeabi_memcpy
00000c79   __aeabi_memcpy4
00000c79   __aeabi_memcpy8
00000c79   memcpy
00000d15   initDynos
00000da9   __TI_auto_init
00000e3d   IntEnable
00000f3d   dynoMultiModeSet
00000fbb   UARTConfigSetExpClk
00001031   GPIOPinConfigure
000010f7   GPIODirModeSet
00001155   IntRegister
000011b1   resetStruct
00001209   _c_int00
00001251   UARTMotherIntHandler
00001295   copy_in
000012d9   C$$EXIT
000012dd   abort
000012e5   exit
0000131d   SysCtlPeripheralEnable
0000135d   IntSetup
00001391   UARTDisable
000013c1   actuatorForward
000013f1   actuatorReverse
00001421   setForward
00001451   setReverse
00001481   setStop
000014b1   wristClockWise
000014dd   baseClockWise
00001505   baseCounterClockWise
0000152d   elbowClockWise
00001555   elbowCounterClockWise
0000157d   elbowDown
000015a5   elbowUp
000015cd   switchCom
000015f5   wristCounterClockWise
0000161d   wristDown
00001645   wristUp
0000166d   GPIOPinTypeGPIOOutput
00001691   GPIOPinTypeUART
000016b5   UARTEnable
000016d9   GPIOPinWrite
000016f9   UARTCharPut
00001717   UARTCharsAvail
00001735   UARTIntRegister
00001753   UARTCharGetNonBlocking
0000176f   UARTFIFOLevelSet
00001787   UARTIntEnable
0000179f   delay
000017b7   flushUart
000017d1   _args_main
000017e9   _register_unlock
000017ef   _register_lock
000017f7   _nop
000017fd   UARTIntClear
0000180f   __TI_zero_init
00001821   IntMasterEnable
00001831   __TI_decompress_none
0000183f   CPUcpsie
0000184b   ResetISR
00001851   SysCtlDelay
00001857   __TI_decompress_rle24
00001a7c   __TI_Handler_Table_Base
00001a88   __TI_Handler_Table_Limit
00001a90   __TI_CINIT_Base
00001aa0   __TI_CINIT_Limit
20000000   g_pfnRAMVectors
2000026c   __stack
2000036c   __STACK_END
2000036c   __STACK_TOP
2000036c   _lock
20000370   _unlock
20000374   __TI_cleanup_ptr
20000378   __TI_dtors_ptr
2000037c   uartRxBuf
20000380   handled
20000384   main_func_sp
ffffffff   __binit__
ffffffff   __c_args__
ffffffff   binit
UNDEFED    SHT$$INIT_ARRAY$$Base
UNDEFED    SHT$$INIT_ARRAY$$Limit

[93 symbols]
