******************************************************************************
                  TI ARM Linker PC v5.1.6                      
******************************************************************************
>> Linked Sun Feb 15 13:12:10 2015

OUTPUT FILE NAME:   <V4_2.out>
ENTRY POINT SYMBOL: "_c_int00"  address: 00000ddd


MEMORY CONFIGURATION

         name            origin    length      used     unused   attr    fill
----------------------  --------  ---------  --------  --------  ----  --------
  FLASH                 00000000   00040000  000011ac  0003ee54  R  X
  SRAM                  20000000   00008000  00000114  00007eec  RW X


SEGMENT ALLOCATION MAP

run origin  load origin   length   init length attrs members
----------  ----------- ---------- ----------- ----- -------
00000000    00000000    000011b0   000011b0    r-x
  00000000    00000000    0000026c   0000026c    r-- .intvecs
  0000026c    0000026c    00000e24   00000e24    r-x .text
  00001090    00001090    000000fc   000000fc    r-- .const
  00001190    00001190    00000020   00000020    r-- .cinit
20000000    20000000    00000114   00000000    rw-
  20000000    20000000    00000100   00000000    rw- .stack
  20000100    20000100    00000014   00000000    rw- .data


SECTION ALLOCATION MAP

 output                                  attributes/
section   page    origin      length       input sections
--------  ----  ----------  ----------   ----------------
.intvecs   0    00000000    0000026c     
                  00000000    0000026c     startup_ccs.obj (.intvecs)

.init_array 
*          0    00000000    00000000     UNINITIALIZED

.text      0    0000026c    00000e24     
                  0000026c    0000023e     armMainV4_2Testing.obj (.text:GPIOPadConfigSet)
                  000004aa    00000002     startup_ccs.obj (.text:FaultISR)
                  000004ac    000001e8     armMainV4_2Testing.obj (.text:SysCtlClockGet)
                  00000694    000001dc     armMainV4_2Testing.obj (.text:SysCtlClockSet)
                  00000870    000000f4     armMainV4_2Testing.obj (.text:initHardware)
                  00000964    0000009c     dynamixel.obj (.text:dynoMove)
                  00000a00    0000009c     rtsv7M4_T_le_v4SPD16_eabi.lib : memcpy_t2.obj (.text)
                  00000a9c    00000094     armMainV4_2Testing.obj (.text:initDynos)
                  00000b30    00000094     rtsv7M4_T_le_v4SPD16_eabi.lib : auto_init.obj (.text)
                  00000bc4    0000007e     dynamixel.obj (.text:dynoMultiModeSet)
                  00000c42    00000076     armMainV4_2Testing.obj (.text:UARTConfigSetExpClk)
                  00000cb8    00000068     armMainV4_2Testing.obj (.text:GPIOPinConfigure)
                  00000d20    0000005e     rtsv7M4_T_le_v4SPD16_eabi.lib : copy_decompress_rle.obj (.text)
                  00000d7e    0000005c     armMainV4_2Testing.obj (.text:GPIODirModeSet)
                  00000dda    00000002     startup_ccs.obj (.text:IntDefaultHandler)
                  00000ddc    00000048     rtsv7M4_T_le_v4SPD16_eabi.lib : boot.obj (.text)
                  00000e24    00000044                                   : cpy_tbl.obj (.text)
                  00000e68    00000044                                   : exit.obj (.text)
                  00000eac    00000040     armMainV4_2Testing.obj (.text:SysCtlPeripheralEnable)
                  00000eec    0000003c     armMainV4_2Testing.obj (.text:main)
                  00000f28    00000030     armMainV4_2Testing.obj (.text:UARTDisable)
                  00000f58    00000028     dynamixel.obj (.text:switchCom)
                  00000f80    00000024     armMainV4_2Testing.obj (.text:GPIOPinTypeGPIOOutput)
                  00000fa4    00000024     armMainV4_2Testing.obj (.text:GPIOPinTypeUART)
                  00000fc8    00000024     armMainV4_2Testing.obj (.text:UARTEnable)
                  00000fec    00000020     armMainV4_2Testing.obj (.text:GPIOPinWrite)
                  0000100c    0000001e     armMainV4_2Testing.obj (.text:UARTCharPut)
                  0000102a    00000002     startup_ccs.obj (.text:NmiSR)
                  0000102c    00000018     rtsv7M4_T_le_v4SPD16_eabi.lib : args_main.obj (.text)
                  00001044    00000016     armMainV4_2Testing.obj (.text:delay)
                  0000105a    00000002     --HOLE-- [fill = 0]
                  0000105c    00000014     rtsv7M4_T_le_v4SPD16_eabi.lib : _lock.obj (.text)
                  00001070    0000000e                                   : copy_decompress_none.obj (.text:decompress:none)
                  0000107e    00000006     startup_ccs.obj (.text:ResetISR)
                  00001084    00000006     armMainV4_2Testing.obj (.text:SysCtlDelay)
                  0000108a    00000006     rtsv7M4_T_le_v4SPD16_eabi.lib : copy_decompress_rle.obj (.text:decompress:rle24)

.const     0    00001090    000000fc     
                  00001090    00000090     armMainV4_2Testing.obj (.const:g_pui32GPIOBaseAddrs)
                  00001120    0000006c     armMainV4_2Testing.obj (.const:g_pui32Xtals)

.cinit     0    00001190    00000020     
                  00001190    0000000f     (.cinit..data.load) [load image, compression = rle]
                  0000119f    00000001     --HOLE-- [fill = 0]
                  000011a0    00000008     (__TI_handler_table)
                  000011a8    00000008     (__TI_cinit_table)

.stack     0    20000000    00000100     UNINITIALIZED
                  20000000    00000100     --HOLE--

.data      0    20000100    00000014     UNINITIALIZED
                  20000100    00000008     rtsv7M4_T_le_v4SPD16_eabi.lib : _lock.obj (.data)
                  20000108    00000008                                   : exit.obj (.data)
                  20000110    00000004                                   : stkdepth_vars.obj (.data)


LINKER GENERATED COPY TABLES

__TI_cinit_table @ 000011a8 records: 1, size/record: 8, table size: 8
	.data: load addr=00001190, load size=0000000f bytes, run addr=20000100, run size=00000014 bytes, compression=rle


LINKER GENERATED HANDLER TABLE

__TI_handler_table @ 000011a0 records: 2, size/record: 4, table size: 8
	index: 0, handler: __TI_decompress_rle24
	index: 1, handler: __TI_decompress_none


GLOBAL SYMBOLS: SORTED ALPHABETICALLY BY Name 

address    name
--------   ----
00000e69   C$$EXIT
00000d7f   GPIODirModeSet
0000026d   GPIOPadConfigSet
00000cb9   GPIOPinConfigure
00000f81   GPIOPinTypeGPIOOutput
00000fa5   GPIOPinTypeUART
00000fed   GPIOPinWrite
0000107f   ResetISR
UNDEFED    SHT$$INIT_ARRAY$$Base
UNDEFED    SHT$$INIT_ARRAY$$Limit
000004ad   SysCtlClockGet
00000695   SysCtlClockSet
00001085   SysCtlDelay
00000ead   SysCtlPeripheralEnable
0000100d   UARTCharPut
00000c43   UARTConfigSetExpClk
00000f29   UARTDisable
00000fc9   UARTEnable
20000100   __STACK_END
00000100   __STACK_SIZE
20000100   __STACK_TOP
000011a8   __TI_CINIT_Base
000011b0   __TI_CINIT_Limit
000011a0   __TI_Handler_Table_Base
000011a8   __TI_Handler_Table_Limit
00000001   __TI_args_main
00000b31   __TI_auto_init
20000108   __TI_cleanup_ptr
00001071   __TI_decompress_none
0000108b   __TI_decompress_rle24
2000010c   __TI_dtors_ptr
00000000   __TI_static_base__
00000a01   __aeabi_memcpy
00000a01   __aeabi_memcpy4
00000a01   __aeabi_memcpy8
ffffffff   __binit__
ffffffff   __c_args__
20000000   __stack
0000102d   _args_main
00000ddd   _c_int00
20000100   _lock
0000106b   _nop
00001063   _register_lock
0000105d   _register_unlock
20000104   _unlock
00000e6d   abort
ffffffff   binit
00000e25   copy_in
00001045   delay
00000965   dynoMove
00000bc5   dynoMultiModeSet
00000e75   exit
00000000   g_pfnVectors
00000a9d   initDynos
00000871   initHardware
00000eed   main
20000110   main_func_sp
00000a01   memcpy
00000f59   switchCom


GLOBAL SYMBOLS: SORTED BY Symbol Address 

address    name
--------   ----
00000000   __TI_static_base__
00000000   g_pfnVectors
00000001   __TI_args_main
00000100   __STACK_SIZE
0000026d   GPIOPadConfigSet
000004ad   SysCtlClockGet
00000695   SysCtlClockSet
00000871   initHardware
00000965   dynoMove
00000a01   __aeabi_memcpy
00000a01   __aeabi_memcpy4
00000a01   __aeabi_memcpy8
00000a01   memcpy
00000a9d   initDynos
00000b31   __TI_auto_init
00000bc5   dynoMultiModeSet
00000c43   UARTConfigSetExpClk
00000cb9   GPIOPinConfigure
00000d7f   GPIODirModeSet
00000ddd   _c_int00
00000e25   copy_in
00000e69   C$$EXIT
00000e6d   abort
00000e75   exit
00000ead   SysCtlPeripheralEnable
00000eed   main
00000f29   UARTDisable
00000f59   switchCom
00000f81   GPIOPinTypeGPIOOutput
00000fa5   GPIOPinTypeUART
00000fc9   UARTEnable
00000fed   GPIOPinWrite
0000100d   UARTCharPut
0000102d   _args_main
00001045   delay
0000105d   _register_unlock
00001063   _register_lock
0000106b   _nop
00001071   __TI_decompress_none
0000107f   ResetISR
00001085   SysCtlDelay
0000108b   __TI_decompress_rle24
000011a0   __TI_Handler_Table_Base
000011a8   __TI_CINIT_Base
000011a8   __TI_Handler_Table_Limit
000011b0   __TI_CINIT_Limit
20000000   __stack
20000100   __STACK_END
20000100   __STACK_TOP
20000100   _lock
20000104   _unlock
20000108   __TI_cleanup_ptr
2000010c   __TI_dtors_ptr
20000110   main_func_sp
ffffffff   __binit__
ffffffff   __c_args__
ffffffff   binit
UNDEFED    SHT$$INIT_ARRAY$$Base
UNDEFED    SHT$$INIT_ARRAY$$Limit

[59 symbols]
