******************************************************************************
                  TI ARM Linker PC v5.1.6                      
******************************************************************************
>> Linked Fri Apr 10 02:55:43 2015

OUTPUT FILE NAME:   <armV4_3.out>
ENTRY POINT SYMBOL: "_c_int00"  address: 00001529


MEMORY CONFIGURATION

         name            origin    length      used     unused   attr    fill
----------------------  --------  ---------  --------  --------  ----  --------
  FLASH                 00000000   00040000  00001bfc  0003e404  R  X
  SRAM                  20000000   00008000  0000039c  00007c64  RW X


SEGMENT ALLOCATION MAP

run origin  load origin   length   init length attrs members
----------  ----------- ---------- ----------- ----- -------
00000000    00000000    00001c00   00001c00    r-x
  00000000    00000000    0000026c   0000026c    r-- .intvecs
  0000026c    0000026c    00001710   00001710    r-x .text
  0000197c    0000197c    00000230   00000230    r-- .const
  00001bb0    00001bb0    00000050   00000050    r-- .cinit
20000000    20000000    0000039c   00000000    rw-
  20000000    20000000    0000026c   00000000    rw- .vtable
  2000026c    2000026c    00000100   00000000    rw- .stack
  2000036c    2000036c    00000024   00000000    rw- .data
  20000390    20000390    0000000c   00000000    rw- .bss


SECTION ALLOCATION MAP

 output                                  attributes/
section   page    origin      length       input sections
--------  ----  ----------  ----------   ----------------
.intvecs   0    00000000    0000026c     
                  00000000    0000026c     startup_ccs.obj (.intvecs)

.init_array 
*          0    00000000    00000000     UNINITIALIZED

.text      0    0000026c    00001710     
                  0000026c    0000023e     armMainV4_3.obj (.text:GPIOPadConfigSet)
                  000004aa    00000002     startup_ccs.obj (.text:FaultISR)
                  000004ac    000001e8     armMainV4_3.obj (.text:SysCtlClockGet)
                  00000694    000001dc     armMainV4_3.obj (.text:SysCtlClockSet)
                  00000870    00000134     armMainV4_3.obj (.text:initHardware)
                  000009a4    00000130     armMainV4_3.obj (.text:main)
                  00000ad4    00000118     struct_xfer_armVersion.obj (.text:recv_struct)
                  00000bec    0000009c     dynamixel.obj (.text:dynoMove)
                  00000c88    0000009c     rtsv7M4_T_le_v4SPD16_eabi.lib : memcpy_t2.obj (.text)
                  00000d24    00000094                                   : auto_init.obj (.text)
                  00000db8    00000080     armMainV4_3.obj (.text:IntEnable)
                  00000e38    00000080     armMainV4_3.obj (.text:_UARTIntNumberGet)
                  00000eb8    00000076     armMainV4_3.obj (.text:UARTConfigSetExpClk)
                  00000f2e    00000002     startup_ccs.obj (.text:NmiSR)
                  00000f30    0000006c     armMainV4_3.obj (.text:UARTMotherIntHandler)
                  00000f9c    00000068     armMainV4_3.obj (.text:GPIOPinConfigure)
                  00001004    00000068     armMainV4_3.obj (.text:actuatorReverse)
                  0000106c    00000068     armMainV4_3.obj (.text:elbowClockWise)
                  000010d4    00000068     armMainV4_3.obj (.text:elbowCounterClockWise)
                  0000113c    00000068     armMainV4_3.obj (.text:elbowDown)
                  000011a4    00000068     armMainV4_3.obj (.text:elbowUp)
                  0000120c    00000068     armMainV4_3.obj (.text:wristClockWise)
                  00001274    00000068     armMainV4_3.obj (.text:wristCounterClockWise)
                  000012dc    00000068     armMainV4_3.obj (.text:wristDown)
                  00001344    00000068     armMainV4_3.obj (.text:wristUp)
                  000013ac    00000064     armMainV4_3.obj (.text:actuatorForward)
                  00001410    0000005e     rtsv7M4_T_le_v4SPD16_eabi.lib : copy_decompress_rle.obj (.text)
                  0000146e    0000005c     armMainV4_3.obj (.text:GPIODirModeSet)
                  000014ca    00000002     --HOLE-- [fill = 0]
                  000014cc    0000005c     armMainV4_3.obj (.text:IntRegister)
                  00001528    00000048     rtsv7M4_T_le_v4SPD16_eabi.lib : boot.obj (.text)
                  00001570    00000044                                   : cpy_tbl.obj (.text)
                  000015b4    00000044                                   : exit.obj (.text)
                  000015f8    00000042     armMainV4_3.obj (.text:setMotor)
                  0000163a    00000002     --HOLE-- [fill = 0]
                  0000163c    00000040     armMainV4_3.obj (.text:SysCtlPeripheralEnable)
                  0000167c    00000038     armMainV4_3.obj (.text:baseClockWise)
                  000016b4    00000038     armMainV4_3.obj (.text:baseCounterClockWise)
                  000016ec    00000034     armMainV4_3.obj (.text:IntSetup)
                  00001720    00000032     armMainV4_3.obj (.text:resetStruct)
                  00001752    00000002     --HOLE-- [fill = 0]
                  00001754    00000030     armMainV4_3.obj (.text:UARTDisable)
                  00001784    00000028     dynamixel.obj (.text:switchCom)
                  000017ac    00000024     armMainV4_3.obj (.text:GPIOPinTypeUART)
                  000017d0    00000024     armMainV4_3.obj (.text:UARTEnable)
                  000017f4    00000020     armMainV4_3.obj (.text:GPIOPinWrite)
                  00001814    0000001e     armMainV4_3.obj (.text:UARTCharPut)
                  00001832    0000001e     armMainV4_3.obj (.text:UARTCharsAvail)
                  00001850    0000001e     armMainV4_3.obj (.text:UARTIntRegister)
                  0000186e    0000001c     armMainV4_3.obj (.text:UARTCharGetNonBlocking)
                  0000188a    0000001a     armMainV4_3.obj (.text:delay)
                  000018a4    00000018     armMainV4_3.obj (.text:UARTFIFOLevelSet)
                  000018bc    00000018     armMainV4_3.obj (.text:UARTIntEnable)
                  000018d4    00000018     armMainV4_3.obj (.text:flushUart)
                  000018ec    00000018     rtsv7M4_T_le_v4SPD16_eabi.lib : args_main.obj (.text)
                  00001904    00000014                                   : _lock.obj (.text)
                  00001918    00000012     armMainV4_3.obj (.text:UARTIntClear)
                  0000192a    00000012     rtsv7M4_T_le_v4SPD16_eabi.lib : copy_zero_init.obj (.text:decompress:ZI)
                  0000193c    00000010     armMainV4_3.obj (.text:IntMasterEnable)
                  0000194c    0000000e     rtsv7M4_T_le_v4SPD16_eabi.lib : copy_decompress_none.obj (.text:decompress:none)
                  0000195a    0000000c     armMainV4_3.obj (.text:CPUcpsie)
                  00001966    00000006     startup_ccs.obj (.text:ResetISR)
                  0000196c    00000006     armMainV4_3.obj (.text:SysCtlDelay)
                  00001972    00000006     rtsv7M4_T_le_v4SPD16_eabi.lib : copy_decompress_rle.obj (.text:decompress:rle24)
                  00001978    00000004     startup_ccs.obj (.text:IntDefaultHandler)

.const     0    0000197c    00000230     
                  0000197c    000000b4     armMainV4_3.obj (.const)
                  00001a30    00000090     armMainV4_3.obj (.const:g_pui32GPIOBaseAddrs)
                  00001ac0    0000006c     armMainV4_3.obj (.const:g_pui32Xtals)
                  00001b2c    00000040     armMainV4_3.obj (.const:g_ppui32UARTIntMap)
                  00001b6c    00000040     armMainV4_3.obj (.const:g_ppui32UARTIntMapSnowflake)

.cinit     0    00001bb0    00000050     
                  00001bb0    00000017     (.cinit..data.load) [load image, compression = rle]
                  00001bc7    00000001     --HOLE-- [fill = 0]
                  00001bc8    0000000c     (__TI_handler_table)
                  00001bd4    00000004     --HOLE-- [fill = 0]
                  00001bd8    00000008     (.cinit..bss.load) [load image, compression = zero_init]
                  00001be0    00000008     (.cinit..vtable.load) [load image, compression = zero_init]
                  00001be8    00000018     (__TI_cinit_table)

.vtable    0    20000000    0000026c     UNINITIALIZED
                  20000000    0000026c     armMainV4_3.obj (.vtable)

.stack     0    2000026c    00000100     UNINITIALIZED
                  2000026c    00000100     --HOLE--

.data      0    2000036c    00000024     UNINITIALIZED
                  2000036c    0000000e     armMainV4_3.obj (.data)
                  2000037a    00000002     --HOLE--
                  2000037c    00000008     rtsv7M4_T_le_v4SPD16_eabi.lib : _lock.obj (.data)
                  20000384    00000008                                   : exit.obj (.data)
                  2000038c    00000004                                   : stkdepth_vars.obj (.data)

.bss       0    20000390    0000000c     UNINITIALIZED
                  20000390    00000002     (.common:actuatorPos)
                  20000392    00000002     (.common:basePos)
                  20000394    00000002     (.common:elbowDyno1Pos)
                  20000396    00000002     (.common:elbowDyno2Pos)
                  20000398    00000002     (.common:wristDyno1Pos)
                  2000039a    00000002     (.common:wristDyno2Pos)


LINKER GENERATED COPY TABLES

__TI_cinit_table @ 00001be8 records: 3, size/record: 8, table size: 24
	.data: load addr=00001bb0, load size=00000017 bytes, run addr=2000036c, run size=00000024 bytes, compression=rle
	.bss: load addr=00001bd8, load size=00000008 bytes, run addr=20000390, run size=0000000c bytes, compression=zero_init
	.vtable: load addr=00001be0, load size=00000008 bytes, run addr=20000000, run size=0000026c bytes, compression=zero_init


LINKER GENERATED HANDLER TABLE

__TI_handler_table @ 00001bc8 records: 3, size/record: 4, table size: 12
	index: 0, handler: __TI_zero_init
	index: 1, handler: __TI_decompress_rle24
	index: 2, handler: __TI_decompress_none


GLOBAL SYMBOLS: SORTED ALPHABETICALLY BY Name 

address    name
--------   ----
00001a04   ACTUATOR_FORWARD_LIMIT
00001a06   ACTUATOR_REVERSE_LIMIT
00001a28   BASE_CLOCKWISE_LIMIT
00001a2c   BASE_COUNTERCLOCKWISE_LIMIT
000015b5   C$$EXIT
0000195b   CPUcpsie
00001a20   ELBOW_CLOCKWISE_LIMIT
00001a24   ELBOW_COUNTERCLOCKWISE_LIMIT
00001a14   ELBOW_LOWER_LIMIT
00001a10   ELBOW_UPPER_LIMIT
0000146f   GPIODirModeSet
0000026d   GPIOPadConfigSet
00000f9d   GPIOPinConfigure
000017ad   GPIOPinTypeUART
000017f5   GPIOPinWrite
00000db9   IntEnable
0000193d   IntMasterEnable
000014cd   IntRegister
000016ed   IntSetup
00001967   ResetISR
UNDEFED    SHT$$INIT_ARRAY$$Base
UNDEFED    SHT$$INIT_ARRAY$$Limit
000004ad   SysCtlClockGet
00000695   SysCtlClockSet
0000196d   SysCtlDelay
0000163d   SysCtlPeripheralEnable
0000186f   UARTCharGetNonBlocking
00001815   UARTCharPut
00001833   UARTCharsAvail
00000eb9   UARTConfigSetExpClk
00001755   UARTDisable
000017d1   UARTEnable
000018a5   UARTFIFOLevelSet
00001919   UARTIntClear
000018bd   UARTIntEnable
00001851   UARTIntRegister
00000f31   UARTMotherIntHandler
00001a18   WRIST_CLOCKWISE_LIMIT
00001a1c   WRIST_COUNTERCLOCKWISE_LIMIT
00001a0c   WRIST_LOWER_LIMIT
00001a08   WRIST_UPPER_LIMIT
2000036c   __STACK_END
00000100   __STACK_SIZE
2000036c   __STACK_TOP
00001be8   __TI_CINIT_Base
00001c00   __TI_CINIT_Limit
00001bc8   __TI_Handler_Table_Base
00001bd4   __TI_Handler_Table_Limit
00000001   __TI_args_main
00000d25   __TI_auto_init
20000384   __TI_cleanup_ptr
0000194d   __TI_decompress_none
00001973   __TI_decompress_rle24
20000388   __TI_dtors_ptr
00000000   __TI_static_base__
0000192b   __TI_zero_init
00000c89   __aeabi_memcpy
00000c89   __aeabi_memcpy4
00000c89   __aeabi_memcpy8
ffffffff   __binit__
ffffffff   __c_args__
2000026c   __stack
000018ed   _args_main
00001529   _c_int00
2000037c   _lock
00001913   _nop
0000190b   _register_lock
00001905   _register_unlock
20000380   _unlock
000015b9   abort
000013ad   actuatorForward
20000390   actuatorPos
00001005   actuatorReverse
0000167d   baseClockWise
000016b5   baseCounterClockWise
20000392   basePos
ffffffff   binit
00001571   copy_in
0000188b   delay
00000bed   dynoMove
0000106d   elbowClockWise
20000378   elbowClockwisePos
000010d5   elbowCounterClockWise
0000113d   elbowDown
20000394   elbowDyno1Pos
20000396   elbowDyno2Pos
000011a5   elbowUp
20000374   elbowVertPos
000015c1   exit
000018d5   flushUart
20000000   g_pfnRAMVectors
00000000   g_pfnVectors
20000370   handled
00000871   initHardware
000009a5   main
2000038c   main_func_sp
00000c89   memcpy
00000ad5   recv_struct
00001721   resetStruct
000015f9   setMotor
00001785   switchCom
2000036c   uartRxBuf
0000120d   wristClockWise
20000376   wristClockwisePos
00001275   wristCounterClockWise
000012dd   wristDown
20000398   wristDyno1Pos
2000039a   wristDyno2Pos
00001345   wristUp
20000372   wristVertPos


GLOBAL SYMBOLS: SORTED BY Symbol Address 

address    name
--------   ----
00000000   __TI_static_base__
00000000   g_pfnVectors
00000001   __TI_args_main
00000100   __STACK_SIZE
0000026d   GPIOPadConfigSet
000004ad   SysCtlClockGet
00000695   SysCtlClockSet
00000871   initHardware
000009a5   main
00000ad5   recv_struct
00000bed   dynoMove
00000c89   __aeabi_memcpy
00000c89   __aeabi_memcpy4
00000c89   __aeabi_memcpy8
00000c89   memcpy
00000d25   __TI_auto_init
00000db9   IntEnable
00000eb9   UARTConfigSetExpClk
00000f31   UARTMotherIntHandler
00000f9d   GPIOPinConfigure
00001005   actuatorReverse
0000106d   elbowClockWise
000010d5   elbowCounterClockWise
0000113d   elbowDown
000011a5   elbowUp
0000120d   wristClockWise
00001275   wristCounterClockWise
000012dd   wristDown
00001345   wristUp
000013ad   actuatorForward
0000146f   GPIODirModeSet
000014cd   IntRegister
00001529   _c_int00
00001571   copy_in
000015b5   C$$EXIT
000015b9   abort
000015c1   exit
000015f9   setMotor
0000163d   SysCtlPeripheralEnable
0000167d   baseClockWise
000016b5   baseCounterClockWise
000016ed   IntSetup
00001721   resetStruct
00001755   UARTDisable
00001785   switchCom
000017ad   GPIOPinTypeUART
000017d1   UARTEnable
000017f5   GPIOPinWrite
00001815   UARTCharPut
00001833   UARTCharsAvail
00001851   UARTIntRegister
0000186f   UARTCharGetNonBlocking
0000188b   delay
000018a5   UARTFIFOLevelSet
000018bd   UARTIntEnable
000018d5   flushUart
000018ed   _args_main
00001905   _register_unlock
0000190b   _register_lock
00001913   _nop
00001919   UARTIntClear
0000192b   __TI_zero_init
0000193d   IntMasterEnable
0000194d   __TI_decompress_none
0000195b   CPUcpsie
00001967   ResetISR
0000196d   SysCtlDelay
00001973   __TI_decompress_rle24
00001a04   ACTUATOR_FORWARD_LIMIT
00001a06   ACTUATOR_REVERSE_LIMIT
00001a08   WRIST_UPPER_LIMIT
00001a0c   WRIST_LOWER_LIMIT
00001a10   ELBOW_UPPER_LIMIT
00001a14   ELBOW_LOWER_LIMIT
00001a18   WRIST_CLOCKWISE_LIMIT
00001a1c   WRIST_COUNTERCLOCKWISE_LIMIT
00001a20   ELBOW_CLOCKWISE_LIMIT
00001a24   ELBOW_COUNTERCLOCKWISE_LIMIT
00001a28   BASE_CLOCKWISE_LIMIT
00001a2c   BASE_COUNTERCLOCKWISE_LIMIT
00001bc8   __TI_Handler_Table_Base
00001bd4   __TI_Handler_Table_Limit
00001be8   __TI_CINIT_Base
00001c00   __TI_CINIT_Limit
20000000   g_pfnRAMVectors
2000026c   __stack
2000036c   __STACK_END
2000036c   __STACK_TOP
2000036c   uartRxBuf
20000370   handled
20000372   wristVertPos
20000374   elbowVertPos
20000376   wristClockwisePos
20000378   elbowClockwisePos
2000037c   _lock
20000380   _unlock
20000384   __TI_cleanup_ptr
20000388   __TI_dtors_ptr
2000038c   main_func_sp
20000390   actuatorPos
20000392   basePos
20000394   elbowDyno1Pos
20000396   elbowDyno2Pos
20000398   wristDyno1Pos
2000039a   wristDyno2Pos
ffffffff   __binit__
ffffffff   __c_args__
ffffffff   binit
UNDEFED    SHT$$INIT_ARRAY$$Base
UNDEFED    SHT$$INIT_ARRAY$$Limit

[110 symbols]
