******************************************************************************
                  TI ARM Linker PC v5.1.9                      
******************************************************************************
>> Linked Sat Feb 07 16:37:08 2015

OUTPUT FILE NAME:   <ArmV3.out>
ENTRY POINT SYMBOL: "_c_int00"  address: 000049ed


MEMORY CONFIGURATION

         name            origin    length      used     unused   attr    fill
----------------------  --------  ---------  --------  --------  ----  --------
  FLASH                 00000000   00040000  00004f84  0003b07c  R  X
  SRAM                  20000000   00008000  000004f0  00007b10  RW X


SEGMENT ALLOCATION MAP

run origin  load origin   length   init length attrs members
----------  ----------- ---------- ----------- ----- -------
00000000    00000000    00004f88   00004f88    r-x
  00000000    00000000    0000026c   0000026c    r-- .intvecs
  0000026c    0000026c    000048b4   000048b4    r-x .text
  00004b20    00004b20    000003fc   000003fc    r-- .const
  00004f20    00004f20    00000068   00000068    r-- .cinit
20000000    20000000    000004f0   00000000    rw-
  20000000    20000000    0000026c   00000000    rw- .vtable
  2000026c    2000026c    00000200   00000000    rw- .stack
  2000046c    2000046c    00000050   00000000    rw- .data
  200004bc    200004bc    00000034   00000000    rw- .bss


SECTION ALLOCATION MAP

 output                                  attributes/
section   page    origin      length       input sections
--------  ----  ----------  ----------   ----------------
.init_array 
*          0    00000000    00000000     UNINITIALIZED

.intvecs   0    00000000    0000026c     
                  00000000    0000026c     lm4f210h5qr_startup_ccs.obj (.intvecs)

.text      0    0000026c    000048b4     
                  0000026c    00004576     armMainV3.obj (.text)
                  000047e2    0000009c     rtsv7M4_T_le_v4SPD16_eabi.lib : memcpy_t2.obj (.text)
                  0000487e    00000002     --HOLE-- [fill = 0]
                  00004880    00000094                                   : auto_init.obj (.text)
                  00004914    0000007a                                   : memset_t2.obj (.text)
                  0000498e    0000005e                                   : copy_decompress_rle.obj (.text)
                  000049ec    00000048                                   : boot.obj (.text)
                  00004a34    00000044                                   : cpy_tbl.obj (.text)
                  00004a78    00000044                                   : exit.obj (.text)
                  00004abc    00000018                                   : args_main.obj (.text)
                  00004ad4    00000014                                   : _lock.obj (.text)
                  00004ae8    00000012                                   : copy_zero_init.obj (.text:decompress:ZI)
                  00004afa    0000000e                                   : copy_decompress_none.obj (.text:decompress:none)
                  00004b08    0000000c     lm4f210h5qr_startup_ccs.obj (.text)
                  00004b14    00000006     armMainV3.obj (.text:SysCtlDelay)
                  00004b1a    00000006     rtsv7M4_T_le_v4SPD16_eabi.lib : copy_decompress_rle.obj (.text:decompress:rle24)

.const     0    00004b20    000003fc     
                  00004b20    00000120     armMainV3.obj (.const:g_ppulPeripheralMap)
                  00004c40    000000bc     armMainV3.obj (.const)
                  00004cfc    0000009c     armMainV3.obj (.const:g_pulRegs)
                  00004d98    00000078     armMainV3.obj (.const:g_pulGPIOBaseAddrs)
                  00004e10    0000006c     armMainV3.obj (.const:g_pulXtals)
                  00004e7c    00000060     armMainV3.obj (.const:g_ppulTimerIntMap)
                  00004edc    00000040     armMainV3.obj (.const:g_ppulUARTIntMap)

.cinit     0    00004f20    00000068     
                  00004f20    00000032     (.cinit..data.load) [load image, compression = rle]
                  00004f52    00000002     --HOLE-- [fill = 0]
                  00004f54    0000000c     (__TI_handler_table)
                  00004f60    00000008     (.cinit..bss.load) [load image, compression = zero_init]
                  00004f68    00000008     (.cinit..vtable.load) [load image, compression = zero_init]
                  00004f70    00000018     (__TI_cinit_table)

.vtable    0    20000000    0000026c     UNINITIALIZED
                  20000000    0000026c     armMainV3.obj (.vtable)

.stack     0    2000026c    00000200     UNINITIALIZED
                  2000026c    00000200     --HOLE--

.data      0    2000046c    00000050     UNINITIALIZED
                  2000046c    0000003b     armMainV3.obj (.data)
                  200004a7    00000001     --HOLE--
                  200004a8    00000008     rtsv7M4_T_le_v4SPD16_eabi.lib : _lock.obj (.data)
                  200004b0    00000008                                   : exit.obj (.data)
                  200004b8    00000004                                   : stkdepth_vars.obj (.data)

.bss       0    200004bc    00000034     UNINITIALIZED
                  200004bc    00000034     armMainV3.obj (.bss:myUart)


LINKER GENERATED COPY TABLES

__TI_cinit_table @ 00004f70 records: 3, size/record: 8, table size: 24
	.data: load addr=00004f20, load size=00000032 bytes, run addr=2000046c, run size=00000050 bytes, compression=rle
	.bss: load addr=00004f60, load size=00000008 bytes, run addr=200004bc, run size=00000034 bytes, compression=zero_init
	.vtable: load addr=00004f68, load size=00000008 bytes, run addr=20000000, run size=0000026c bytes, compression=zero_init


LINKER GENERATED HANDLER TABLE

__TI_handler_table @ 00004f54 records: 3, size/record: 4, table size: 12
	index: 0, handler: __TI_zero_init
	index: 1, handler: __TI_decompress_rle24
	index: 2, handler: __TI_decompress_none


GLOBAL SYMBOLS: SORTED ALPHABETICALLY BY Name 

address    name
--------   ----
00004a79   C$$EXIT
000006ed   CPUbasepriGet
000006df   CPUbasepriSet
000006b9   CPUcpsid
000006cf   CPUcpsie
000006c5   CPUprimask
000006db   CPUwfi
00004cf4   DYNO_CLOCKWISE
00004cf8   DYNO_COUNTERCLOCKWISE
00004cf0   FORWARD_CHARACTER
00003e8b   GPIOADCTriggerDisable
00003e6d   GPIOADCTriggerEnable
00003e4f   GPIODMATriggerDisable
00003e31   GPIODMATriggerEnable
000034d5   GPIODirModeGet
00003479   GPIODirModeSet
000035a3   GPIOIntTypeGet
00003521   GPIOIntTypeSet
0000376f   GPIOPadConfigGet
00003609   GPIOPadConfigSet
00003dbb   GPIOPinConfigure
000038bf   GPIOPinIntClear
0000387f   GPIOPinIntDisable
00003861   GPIOPinIntEnable
0000389d   GPIOPinIntStatus
00003915   GPIOPinRead
0000394d   GPIOPinTypeADC
00003977   GPIOPinTypeCAN
000039a1   GPIOPinTypeComparator
000039cb   GPIOPinTypeEPI
000039f5   GPIOPinTypeEthernetLED
00003a1f   GPIOPinTypeEthernetMII
00003a49   GPIOPinTypeFan
00003a73   GPIOPinTypeGPIOInput
00003a9d   GPIOPinTypeGPIOOutput
00003ac7   GPIOPinTypeGPIOOutputOD
00003af1   GPIOPinTypeI2C
00003b1b   GPIOPinTypeI2CSCL
00003bed   GPIOPinTypeI2S
00003c17   GPIOPinTypeLPC
00003c41   GPIOPinTypePECIRx
00003c6b   GPIOPinTypePECITx
00003c95   GPIOPinTypePWM
00003cbf   GPIOPinTypeQEI
00003ce9   GPIOPinTypeSSI
00003d13   GPIOPinTypeTimer
00003d3d   GPIOPinTypeUART
00003d67   GPIOPinTypeUSBAnalog
00003d91   GPIOPinTypeUSBDigital
0000392d   GPIOPinWrite
000038d7   GPIOPortIntRegister
000038fb   GPIOPortIntUnregister
000004a3   IntDisable
00000413   IntEnable
00000533   IntIsEnabled
00000279   IntMasterDisable
0000026f   IntMasterEnable
00000645   IntPendClear
000005cd   IntPendSet
000003e9   IntPriorityGet
00000349   IntPriorityGroupingGet
0000031f   IntPriorityGroupingSet
000006b1   IntPriorityMaskGet
000006a5   IntPriorityMaskSet
0000038d   IntPrioritySet
00000283   IntRegister
000002ff   IntUnregister
00004cf2   REVERSE_CHARACTER
00004b09   ResetISR
UNDEFED    SHT$$INIT_ARRAY$$Base
UNDEFED    SHT$$INIT_ARRAY$$Limit
0000316d   SoftUARTBreakCtl
0000319f   SoftUARTBusy
00003255   SoftUARTCallbackSet
00003065   SoftUARTCharGet
00003001   SoftUARTCharGetNonBlocking
00003115   SoftUARTCharPut
000030c3   SoftUARTCharPutNonBlocking
00002f55   SoftUARTCharsAvail
00002eff   SoftUARTConfigGet
00002479   SoftUARTConfigSet
00002f2f   SoftUARTDisable
00002f17   SoftUARTEnable
00002ed5   SoftUARTFIFOLevelGet
00002ea7   SoftUARTFIFOLevelSet
00002461   SoftUARTInit
0000321d   SoftUARTIntClear
000031e3   SoftUARTIntDisable
000031cd   SoftUARTIntEnable
000031f9   SoftUARTIntStatus
00002d75   SoftUARTParityModeGet
00002d59   SoftUARTParityModeSet
000032f7   SoftUARTRxBufferSet
00003243   SoftUARTRxErrorClear
00003233   SoftUARTRxErrorGet
00003291   SoftUARTRxGPIOSet
000028b1   SoftUARTRxTick
00002f71   SoftUARTSpaceAvail
000032c5   SoftUARTTxBufferSet
00003267   SoftUARTTxGPIOSet
0000253f   SoftUARTTxTimerTick
00001c23   SysCtlADCSpeedGet
00001be1   SysCtlADCSpeedSet
000014e5   SysCtlBrownOutConfigSet
00001ccf   SysCtlClkVerificationClear
00001817   SysCtlClockGet
0000159d   SysCtlClockSet
00001497   SysCtlDeepSleep
00001b83   SysCtlDeepSleepClockSet
00004b15   SysCtlDelay
00000d63   SysCtlFlashSizeGet
00001d07   SysCtlGPIOAHBDisable
00001ce9   SysCtlGPIOAHBEnable
00001d49   SysCtlI2SMClkSet
00001c33   SysCtlIOSCVerificationSet
00001407   SysCtlIntClear
000013ed   SysCtlIntDisable
000013d3   SysCtlIntEnable
000013af   SysCtlIntRegister
0000141d   SysCtlIntStatus
000013c3   SysCtlIntUnregister
00001467   SysCtlLDOConfigSet
0000145b   SysCtlLDOGet
00001445   SysCtlLDOSet
00001503   SysCtlMOSCConfigSet
00001c67   SysCtlMOSCVerificationSet
00001519   SysCtlPIOSCCalibrate
00001c9b   SysCtlPLLVerificationSet
00001bbf   SysCtlPWMClockGet
00001b99   SysCtlPWMClockSet
0000137b   SysCtlPeripheralClockGating
000012f7   SysCtlPeripheralDeepSleepDisable
00001273   SysCtlPeripheralDeepSleepEnable
000010e7   SysCtlPeripheralDisable
00001063   SysCtlPeripheralEnable
00000ef3   SysCtlPeripheralPowerOff
00000e9d   SysCtlPeripheralPowerOn
00000d99   SysCtlPeripheralPresent
00000e47   SysCtlPeripheralReady
00000f49   SysCtlPeripheralReset
000011ef   SysCtlPeripheralSleepDisable
0000116b   SysCtlPeripheralSleepEnable
00000d79   SysCtlPinPresent
0000147d   SysCtlReset
000014cb   SysCtlResetCauseClear
000014bf   SysCtlResetCauseGet
00000d4d   SysCtlSRAMSizeGet
0000148f   SysCtlSleep
00001d37   SysCtlUSBPLLDisable
00001d25   SysCtlUSBPLLEnable
000047b9   Timer0AIntHandler
00001f33   TimerConfigure
00001fe1   TimerControlEvent
00001f75   TimerControlLevel
0000200f   TimerControlStall
00001fab   TimerControlTrigger
00002045   TimerControlWaitOnTrigger
00001f15   TimerDisable
00001ef7   TimerEnable
000023b3   TimerIntClear
0000237d   TimerIntDisable
00002365   TimerIntEnable
000022db   TimerIntRegister
00002395   TimerIntStatus
00002323   TimerIntUnregister
00002187   TimerLoadGet
000021c3   TimerLoadGet64
0000215d   TimerLoadSet
000021a3   TimerLoadSet64
0000226d   TimerMatchGet
000022a9   TimerMatchGet64
00002243   TimerMatchSet
00002289   TimerMatchSet64
000020fb   TimerPrescaleGet
00002141   TimerPrescaleMatchGet
00002117   TimerPrescaleMatchSet
000020d1   TimerPrescaleSet
000023d7   TimerQuiesce
000020bb   TimerRTCDisable
000020a5   TimerRTCEnable
000023c5   TimerSynchronize
000021f5   TimerValueGet
00002211   TimerValueGet64
00000caf   UART9BitAddrSend
00000c89   UART9BitAddrSet
00000c73   UART9BitDisable
00000c5d   UART9BitEnable
00000b01   UARTBreakCtl
00000b2b   UARTBusy
00000a99   UARTCharGet
00000a7d   UARTCharGetNonBlocking
00000adb   UARTCharPut
00000ab7   UARTCharPutNonBlocking
00000a4d   UARTCharsAvail
00000c4d   UARTClockSourceGet
00000c39   UARTClockSourceSet
00000823   UARTConfigGetExpClk
000007ad   UARTConfigSetExpClk
00000bff   UARTDMADisable
00000be7   UARTDMAEnable
00000893   UARTDisable
00000925   UARTDisableSIR
0000086f   UARTEnable
000008f7   UARTEnableSIR
000008e1   UARTFIFODisable
000008cb   UARTFIFOEnable
00000785   UARTFIFOLevelGet
0000076d   UARTFIFOLevelSet
00000a0d   UARTFlowControlGet
000009f1   UARTFlowControlSet
00000bd5   UARTIntClear
00000b9f   UARTIntDisable
00000b87   UARTIntEnable
00000b43   UARTIntRegister
00000bb7   UARTIntStatus
00000b67   UARTIntUnregister
000009a7   UARTModemControlClear
000009cb   UARTModemControlGet
00000983   UARTModemControlSet
000009dd   UARTModemStatusGet
0000075b   UARTParityModeGet
0000073f   UARTParityModeSet
00000c29   UARTRxErrorClear
00000c17   UARTRxErrorGet
0000096d   UARTSmartCardDisable
0000093b   UARTSmartCardEnable
00000a65   UARTSpaceAvail
00000a3b   UARTTxIntModeGet
00000a1f   UARTTxIntModeSet
2000046c   __STACK_END
00000200   __STACK_SIZE
2000046c   __STACK_TOP
00004f70   __TI_CINIT_Base
00004f88   __TI_CINIT_Limit
00004f54   __TI_Handler_Table_Base
00004f60   __TI_Handler_Table_Limit
00000001   __TI_args_main
00004881   __TI_auto_init
200004b0   __TI_cleanup_ptr
00004afb   __TI_decompress_none
00004b1b   __TI_decompress_rle24
200004b4   __TI_dtors_ptr
00000000   __TI_static_base__
00004ae9   __TI_zero_init
00004915   __aeabi_memclr
00004915   __aeabi_memclr4
00004915   __aeabi_memclr8
000047e3   __aeabi_memcpy
000047e3   __aeabi_memcpy4
000047e3   __aeabi_memcpy8
00004917   __aeabi_memset
00004917   __aeabi_memset4
00004917   __aeabi_memset8
ffffffff   __binit__
ffffffff   __c_args__
2000026c   __stack
00004abd   _args_main
000049ed   _c_int00
200004a8   _lock
00004ae3   _nop
00004adb   _register_lock
00004ad5   _register_unlock
200004ac   _unlock
00004a7d   abort
000041cb   actuatorForward
000041fd   actuatorReverse
0000422d   baseClockWise
00004269   baseCounterClockWise
ffffffff   binit
00004a35   copy_in
00003fab   delay
0000468f   dynoSpeedSet
00004613   dynoWheelModeSet
0000410b   elbowClockWise
000040cb   elbowCounterClockWise
0000414b   elbowDown
0000418b   elbowUp
00004a85   exit
20000000   g_pfnRAMVectors
00000000   g_pfnVectors
000042a3   initHardware
00003ea9   main
200004b8   main_func_sp
000047e3   memcpy
0000491d   memset
200004bc   myUart
000045bb   resetStruct
2000048c   rxBuffer
0000472b   setForward
0000475b   setReverse
0000478b   setStop
2000049e   txBuffer
00003fdb   wristClockWise
00004013   wristCounterClockWise
0000408b   wristDown
0000404b   wristUp


GLOBAL SYMBOLS: SORTED BY Symbol Address 

address    name
--------   ----
00000000   __TI_static_base__
00000000   g_pfnVectors
00000001   __TI_args_main
00000200   __STACK_SIZE
0000026f   IntMasterEnable
00000279   IntMasterDisable
00000283   IntRegister
000002ff   IntUnregister
0000031f   IntPriorityGroupingSet
00000349   IntPriorityGroupingGet
0000038d   IntPrioritySet
000003e9   IntPriorityGet
00000413   IntEnable
000004a3   IntDisable
00000533   IntIsEnabled
000005cd   IntPendSet
00000645   IntPendClear
000006a5   IntPriorityMaskSet
000006b1   IntPriorityMaskGet
000006b9   CPUcpsid
000006c5   CPUprimask
000006cf   CPUcpsie
000006db   CPUwfi
000006df   CPUbasepriSet
000006ed   CPUbasepriGet
0000073f   UARTParityModeSet
0000075b   UARTParityModeGet
0000076d   UARTFIFOLevelSet
00000785   UARTFIFOLevelGet
000007ad   UARTConfigSetExpClk
00000823   UARTConfigGetExpClk
0000086f   UARTEnable
00000893   UARTDisable
000008cb   UARTFIFOEnable
000008e1   UARTFIFODisable
000008f7   UARTEnableSIR
00000925   UARTDisableSIR
0000093b   UARTSmartCardEnable
0000096d   UARTSmartCardDisable
00000983   UARTModemControlSet
000009a7   UARTModemControlClear
000009cb   UARTModemControlGet
000009dd   UARTModemStatusGet
000009f1   UARTFlowControlSet
00000a0d   UARTFlowControlGet
00000a1f   UARTTxIntModeSet
00000a3b   UARTTxIntModeGet
00000a4d   UARTCharsAvail
00000a65   UARTSpaceAvail
00000a7d   UARTCharGetNonBlocking
00000a99   UARTCharGet
00000ab7   UARTCharPutNonBlocking
00000adb   UARTCharPut
00000b01   UARTBreakCtl
00000b2b   UARTBusy
00000b43   UARTIntRegister
00000b67   UARTIntUnregister
00000b87   UARTIntEnable
00000b9f   UARTIntDisable
00000bb7   UARTIntStatus
00000bd5   UARTIntClear
00000be7   UARTDMAEnable
00000bff   UARTDMADisable
00000c17   UARTRxErrorGet
00000c29   UARTRxErrorClear
00000c39   UARTClockSourceSet
00000c4d   UARTClockSourceGet
00000c5d   UART9BitEnable
00000c73   UART9BitDisable
00000c89   UART9BitAddrSet
00000caf   UART9BitAddrSend
00000d4d   SysCtlSRAMSizeGet
00000d63   SysCtlFlashSizeGet
00000d79   SysCtlPinPresent
00000d99   SysCtlPeripheralPresent
00000e47   SysCtlPeripheralReady
00000e9d   SysCtlPeripheralPowerOn
00000ef3   SysCtlPeripheralPowerOff
00000f49   SysCtlPeripheralReset
00001063   SysCtlPeripheralEnable
000010e7   SysCtlPeripheralDisable
0000116b   SysCtlPeripheralSleepEnable
000011ef   SysCtlPeripheralSleepDisable
00001273   SysCtlPeripheralDeepSleepEnable
000012f7   SysCtlPeripheralDeepSleepDisable
0000137b   SysCtlPeripheralClockGating
000013af   SysCtlIntRegister
000013c3   SysCtlIntUnregister
000013d3   SysCtlIntEnable
000013ed   SysCtlIntDisable
00001407   SysCtlIntClear
0000141d   SysCtlIntStatus
00001445   SysCtlLDOSet
0000145b   SysCtlLDOGet
00001467   SysCtlLDOConfigSet
0000147d   SysCtlReset
0000148f   SysCtlSleep
00001497   SysCtlDeepSleep
000014bf   SysCtlResetCauseGet
000014cb   SysCtlResetCauseClear
000014e5   SysCtlBrownOutConfigSet
00001503   SysCtlMOSCConfigSet
00001519   SysCtlPIOSCCalibrate
0000159d   SysCtlClockSet
00001817   SysCtlClockGet
00001b83   SysCtlDeepSleepClockSet
00001b99   SysCtlPWMClockSet
00001bbf   SysCtlPWMClockGet
00001be1   SysCtlADCSpeedSet
00001c23   SysCtlADCSpeedGet
00001c33   SysCtlIOSCVerificationSet
00001c67   SysCtlMOSCVerificationSet
00001c9b   SysCtlPLLVerificationSet
00001ccf   SysCtlClkVerificationClear
00001ce9   SysCtlGPIOAHBEnable
00001d07   SysCtlGPIOAHBDisable
00001d25   SysCtlUSBPLLEnable
00001d37   SysCtlUSBPLLDisable
00001d49   SysCtlI2SMClkSet
00001ef7   TimerEnable
00001f15   TimerDisable
00001f33   TimerConfigure
00001f75   TimerControlLevel
00001fab   TimerControlTrigger
00001fe1   TimerControlEvent
0000200f   TimerControlStall
00002045   TimerControlWaitOnTrigger
000020a5   TimerRTCEnable
000020bb   TimerRTCDisable
000020d1   TimerPrescaleSet
000020fb   TimerPrescaleGet
00002117   TimerPrescaleMatchSet
00002141   TimerPrescaleMatchGet
0000215d   TimerLoadSet
00002187   TimerLoadGet
000021a3   TimerLoadSet64
000021c3   TimerLoadGet64
000021f5   TimerValueGet
00002211   TimerValueGet64
00002243   TimerMatchSet
0000226d   TimerMatchGet
00002289   TimerMatchSet64
000022a9   TimerMatchGet64
000022db   TimerIntRegister
00002323   TimerIntUnregister
00002365   TimerIntEnable
0000237d   TimerIntDisable
00002395   TimerIntStatus
000023b3   TimerIntClear
000023c5   TimerSynchronize
000023d7   TimerQuiesce
00002461   SoftUARTInit
00002479   SoftUARTConfigSet
0000253f   SoftUARTTxTimerTick
000028b1   SoftUARTRxTick
00002d59   SoftUARTParityModeSet
00002d75   SoftUARTParityModeGet
00002ea7   SoftUARTFIFOLevelSet
00002ed5   SoftUARTFIFOLevelGet
00002eff   SoftUARTConfigGet
00002f17   SoftUARTEnable
00002f2f   SoftUARTDisable
00002f55   SoftUARTCharsAvail
00002f71   SoftUARTSpaceAvail
00003001   SoftUARTCharGetNonBlocking
00003065   SoftUARTCharGet
000030c3   SoftUARTCharPutNonBlocking
00003115   SoftUARTCharPut
0000316d   SoftUARTBreakCtl
0000319f   SoftUARTBusy
000031cd   SoftUARTIntEnable
000031e3   SoftUARTIntDisable
000031f9   SoftUARTIntStatus
0000321d   SoftUARTIntClear
00003233   SoftUARTRxErrorGet
00003243   SoftUARTRxErrorClear
00003255   SoftUARTCallbackSet
00003267   SoftUARTTxGPIOSet
00003291   SoftUARTRxGPIOSet
000032c5   SoftUARTTxBufferSet
000032f7   SoftUARTRxBufferSet
00003479   GPIODirModeSet
000034d5   GPIODirModeGet
00003521   GPIOIntTypeSet
000035a3   GPIOIntTypeGet
00003609   GPIOPadConfigSet
0000376f   GPIOPadConfigGet
00003861   GPIOPinIntEnable
0000387f   GPIOPinIntDisable
0000389d   GPIOPinIntStatus
000038bf   GPIOPinIntClear
000038d7   GPIOPortIntRegister
000038fb   GPIOPortIntUnregister
00003915   GPIOPinRead
0000392d   GPIOPinWrite
0000394d   GPIOPinTypeADC
00003977   GPIOPinTypeCAN
000039a1   GPIOPinTypeComparator
000039cb   GPIOPinTypeEPI
000039f5   GPIOPinTypeEthernetLED
00003a1f   GPIOPinTypeEthernetMII
00003a49   GPIOPinTypeFan
00003a73   GPIOPinTypeGPIOInput
00003a9d   GPIOPinTypeGPIOOutput
00003ac7   GPIOPinTypeGPIOOutputOD
00003af1   GPIOPinTypeI2C
00003b1b   GPIOPinTypeI2CSCL
00003bed   GPIOPinTypeI2S
00003c17   GPIOPinTypeLPC
00003c41   GPIOPinTypePECIRx
00003c6b   GPIOPinTypePECITx
00003c95   GPIOPinTypePWM
00003cbf   GPIOPinTypeQEI
00003ce9   GPIOPinTypeSSI
00003d13   GPIOPinTypeTimer
00003d3d   GPIOPinTypeUART
00003d67   GPIOPinTypeUSBAnalog
00003d91   GPIOPinTypeUSBDigital
00003dbb   GPIOPinConfigure
00003e31   GPIODMATriggerEnable
00003e4f   GPIODMATriggerDisable
00003e6d   GPIOADCTriggerEnable
00003e8b   GPIOADCTriggerDisable
00003ea9   main
00003fab   delay
00003fdb   wristClockWise
00004013   wristCounterClockWise
0000404b   wristUp
0000408b   wristDown
000040cb   elbowCounterClockWise
0000410b   elbowClockWise
0000414b   elbowDown
0000418b   elbowUp
000041cb   actuatorForward
000041fd   actuatorReverse
0000422d   baseClockWise
00004269   baseCounterClockWise
000042a3   initHardware
000045bb   resetStruct
00004613   dynoWheelModeSet
0000468f   dynoSpeedSet
0000472b   setForward
0000475b   setReverse
0000478b   setStop
000047b9   Timer0AIntHandler
000047e3   __aeabi_memcpy
000047e3   __aeabi_memcpy4
000047e3   __aeabi_memcpy8
000047e3   memcpy
00004881   __TI_auto_init
00004915   __aeabi_memclr
00004915   __aeabi_memclr4
00004915   __aeabi_memclr8
00004917   __aeabi_memset
00004917   __aeabi_memset4
00004917   __aeabi_memset8
0000491d   memset
000049ed   _c_int00
00004a35   copy_in
00004a79   C$$EXIT
00004a7d   abort
00004a85   exit
00004abd   _args_main
00004ad5   _register_unlock
00004adb   _register_lock
00004ae3   _nop
00004ae9   __TI_zero_init
00004afb   __TI_decompress_none
00004b09   ResetISR
00004b15   SysCtlDelay
00004b1b   __TI_decompress_rle24
00004cf0   FORWARD_CHARACTER
00004cf2   REVERSE_CHARACTER
00004cf4   DYNO_CLOCKWISE
00004cf8   DYNO_COUNTERCLOCKWISE
00004f54   __TI_Handler_Table_Base
00004f60   __TI_Handler_Table_Limit
00004f70   __TI_CINIT_Base
00004f88   __TI_CINIT_Limit
20000000   g_pfnRAMVectors
2000026c   __stack
2000046c   __STACK_END
2000046c   __STACK_TOP
2000048c   rxBuffer
2000049e   txBuffer
200004a8   _lock
200004ac   _unlock
200004b0   __TI_cleanup_ptr
200004b4   __TI_dtors_ptr
200004b8   main_func_sp
200004bc   myUart
ffffffff   __binit__
ffffffff   __c_args__
ffffffff   binit
UNDEFED    SHT$$INIT_ARRAY$$Base
UNDEFED    SHT$$INIT_ARRAY$$Limit

[296 symbols]
