******************************************************************************
                  TI ARM Linker PC v5.1.9                      
******************************************************************************
>> Linked Sat Feb 07 18:13:47 2015

OUTPUT FILE NAME:   <ArmV3.out>
ENTRY POINT SYMBOL: "_c_int00"  address: 00003e3d


MEMORY CONFIGURATION

         name            origin    length      used     unused   attr    fill
----------------------  --------  ---------  --------  --------  ----  --------
  FLASH                 00000000   00040000  000043c6  0003bc3a  R  X
  SRAM                  20000000   00008000  000004f0  00007b10  RW X


SEGMENT ALLOCATION MAP

run origin  load origin   length   init length attrs members
----------  ----------- ---------- ----------- ----- -------
00000000    00000000    000043c8   000043c8    r-x
  00000000    00000000    0000026c   0000026c    r-- .intvecs
  0000026c    0000026c    00003cfe   00003cfe    r-x .text
  00003f6c    00003f6c    000003fc   000003fc    r-- .const
  00004368    00004368    00000060   00000060    r-- .cinit
20000000    20000000    000004f0   00000000    rw-
  20000000    20000000    0000026c   00000000    rw- .vtable
  2000026c    2000026c    00000200   00000000    rw- .stack
  2000046c    2000046c    00000084   00000000    rw- .data


SECTION ALLOCATION MAP

 output                                  attributes/
section   page    origin      length       input sections
--------  ----  ----------  ----------   ----------------
.init_array 
*          0    00000000    00000000     UNINITIALIZED

.intvecs   0    00000000    0000026c     
                  00000000    0000026c     lm4f210h5qr_startup_ccs.obj (.intvecs)

.text      0    0000026c    00003cfe     
                  0000026c    000039c8     armMainV3.obj (.text)
                  00003c34    0000009c     rtsv7M4_T_le_v4SPD16_eabi.lib : memcpy_t2.obj (.text)
                  00003cd0    00000094                                   : auto_init.obj (.text)
                  00003d64    0000007a                                   : memset_t2.obj (.text)
                  00003dde    0000005e                                   : copy_decompress_rle.obj (.text:decompress:rle24)
                  00003e3c    00000048                                   : boot.obj (.text)
                  00003e84    00000044                                   : cpy_tbl.obj (.text)
                  00003ec8    00000044                                   : exit.obj (.text)
                  00003f0c    00000018                                   : args_main.obj (.text)
                  00003f24    00000014                                   : _lock.obj (.text)
                  00003f38    00000012                                   : copy_zero_init.obj (.text:decompress:ZI)
                  00003f4a    0000000e                                   : copy_decompress_none.obj (.text:decompress:none)
                  00003f58    0000000c     lm4f210h5qr_startup_ccs.obj (.text)
                  00003f64    00000006     armMainV3.obj (.text:SysCtlDelay)

.const     0    00003f6c    000003fc     
                  00003f6c    000003fc     armMainV3.obj (.const)

.cinit     0    00004368    00000060     
                  00004368    00000036     (.cinit..data.load) [load image, compression = rle]
                  0000439e    00000002     --HOLE-- [fill = 0]
                  000043a0    0000000c     (__TI_handler_table)
                  000043ac    00000004     --HOLE-- [fill = 0]
                  000043b0    00000008     (.cinit..vtable.load) [load image, compression = zero_init]
                  000043b8    00000010     (__TI_cinit_table)

.vtable    0    20000000    0000026c     UNINITIALIZED
                  20000000    0000026c     armMainV3.obj (.vtable)

.stack     0    2000026c    00000200     UNINITIALIZED
                  2000026c    00000200     --HOLE--

.data      0    2000046c    00000084     UNINITIALIZED
                  2000046c    00000070     armMainV3.obj (.data)
                  200004dc    00000008     rtsv7M4_T_le_v4SPD16_eabi.lib : _lock.obj (.data)
                  200004e4    00000008                                   : exit.obj (.data)
                  200004ec    00000004                                   : stkdepth_vars.obj (.data)


LINKER GENERATED COPY TABLES

__TI_cinit_table @ 000043b8 records: 2, size/record: 8, table size: 16
	.data: load addr=00004368, load size=00000036 bytes, run addr=2000046c, run size=00000084 bytes, compression=rle
	.vtable: load addr=000043b0, load size=00000008 bytes, run addr=20000000, run size=0000026c bytes, compression=zero_init


LINKER GENERATED HANDLER TABLE

__TI_handler_table @ 000043a0 records: 3, size/record: 4, table size: 12
	index: 0, handler: __TI_zero_init
	index: 1, handler: __TI_decompress_rle24
	index: 2, handler: __TI_decompress_none


GLOBAL SYMBOLS: SORTED ALPHABETICALLY BY Name 

address    name
--------   ----
00003ec9   C$$EXIT
00002d03   CPUbasepriGet
00002cf9   CPUbasepriSet
00002e85   CPUcpsid
00002e6f   CPUcpsie
00003c2b   CPUprimask
00001bfd   CPUwfi
00003f70   DYNO_CLOCKWISE
00003f74   DYNO_COUNTERCLOCKWISE
00003f6c   FORWARD_CHARACTER
00003c1d   GPIOADCTriggerDisable
00003c11   GPIOADCTriggerEnable
00003c03   GPIODMATriggerDisable
00003bf7   GPIODMATriggerEnable
00003bd1   GPIODirModeGet
00000513   GPIODirModeSet
00003b9d   GPIOIntTypeGet
00002a8d   GPIOIntTypeSet
00003b2d   GPIOPadConfigGet
0000053f   GPIOPadConfigSet
000004c1   GPIOPinConfigure
000024ed   GPIOPinIntClear
000024ff   GPIOPinIntDisable
000024f3   GPIOPinIntEnable
00003b1f   GPIOPinIntStatus
000024e7   GPIOPinRead
00003aad   GPIOPinTypeADC
00003a3b   GPIOPinTypeCAN
000039c9   GPIOPinTypeComparator
00003957   GPIOPinTypeEPI
000038e5   GPIOPinTypeEthernetLED
00003873   GPIOPinTypeEthernetMII
00003801   GPIOPinTypeFan
00002a1b   GPIOPinTypeGPIOInput
00000913   GPIOPinTypeGPIOOutput
0000378f   GPIOPinTypeGPIOOutputOD
0000371d   GPIOPinTypeI2C
000035f5   GPIOPinTypeI2CSCL
00003583   GPIOPinTypeI2S
00003511   GPIOPinTypeLPC
0000349f   GPIOPinTypePECIRx
0000342d   GPIOPinTypePECITx
000033bb   GPIOPinTypePWM
00003349   GPIOPinTypeQEI
000032d7   GPIOPinTypeSSI
00003265   GPIOPinTypeTimer
000005f7   GPIOPinTypeUART
000031f3   GPIOPinTypeUSBAnalog
00003181   GPIOPinTypeUSBDigital
0000026d   GPIOPinWrite
000030b7   GPIOPortIntRegister
0000301f   GPIOPortIntUnregister
00001093   IntDisable
0000126d   IntEnable
00002e9b   IntIsEnabled
00002e91   IntMasterDisable
00002e7b   IntMasterEnable
00002e1f   IntPendClear
00002db9   IntPendSet
00002d99   IntPriorityGet
00002d31   IntPriorityGroupingGet
00002d11   IntPriorityGroupingSet
00002d0d   IntPriorityMaskGet
00002cff   IntPriorityMaskSet
00002cd1   IntPrioritySet
0000121f   IntRegister
0000110f   IntUnregister
00003f6e   REVERSE_CHARACTER
00003f59   ResetISR
UNDEFED    SHT$$INIT_ARRAY$$Base
UNDEFED    SHT$$INIT_ARRAY$$Limit
00002cb3   SoftUARTBreakCtl
000029c7   SoftUARTBusy
00002caf   SoftUARTCallbackSet
00002c41   SoftUARTCharGet
00002bd5   SoftUARTCharGetNonBlocking
00002bb1   SoftUARTCharPut
00002b8b   SoftUARTCharPutNonBlocking
00002b7d   SoftUARTCharsAvail
00002b73   SoftUARTConfigGet
00002acb   SoftUARTConfigSet
000029e5   SoftUARTDisable
000029b9   SoftUARTEnable
000029a5   SoftUARTFIFOLevelGet
000028ff   SoftUARTFIFOLevelSet
000028eb   SoftUARTInit
000028e1   SoftUARTIntClear
000028d7   SoftUARTIntDisable
000028cf   SoftUARTIntEnable
000028c1   SoftUARTIntStatus
000028b9   SoftUARTParityModeGet
000028ad   SoftUARTParityModeSet
0000285d   SoftUARTRxBufferSet
00002855   SoftUARTRxErrorClear
0000284f   SoftUARTRxErrorGet
0000283b   SoftUARTRxGPIOSet
0000250d   SoftUARTRxTick
000024cd   SoftUARTSpaceAvail
0000247d   SoftUARTTxBufferSet
0000246d   SoftUARTTxGPIOSet
000019b5   SoftUARTTxTimerTick
0000245d   SysCtlADCSpeedGet
0000243f   SysCtlADCSpeedSet
0000242f   SysCtlBrownOutConfigSet
0000241d   SysCtlClkVerificationClear
00000715   SysCtlClockGet
00000323   SysCtlClockSet
000023fd   SysCtlDeepSleep
000023f1   SysCtlDeepSleepClockSet
00003f65   SysCtlDelay
000023dd   SysCtlFlashSizeGet
000023c3   SysCtlGPIOAHBDisable
000023af   SysCtlGPIOAHBEnable
000022d9   SysCtlI2SMClkSet
000022b3   SysCtlIOSCVerificationSet
000022a7   SysCtlIntClear
00002295   SysCtlIntDisable
00002285   SysCtlIntEnable
00002229   SysCtlIntRegister
0000220f   SysCtlIntStatus
000021eb   SysCtlIntUnregister
000021df   SysCtlLDOConfigSet
000021d3   SysCtlLDOGet
000021c7   SysCtlLDOSet
000021bb   SysCtlMOSCConfigSet
00002195   SysCtlMOSCVerificationSet
00002141   SysCtlPIOSCCalibrate
0000211b   SysCtlPLLVerificationSet
00002103   SysCtlPWMClockGet
000020ef   SysCtlPWMClockSet
000020c9   SysCtlPeripheralClockGating
00002065   SysCtlPeripheralDeepSleepDisable
00002001   SysCtlPeripheralDeepSleepEnable
00001f9d   SysCtlPeripheralDisable
0000045d   SysCtlPeripheralEnable
00001f31   SysCtlPeripheralPowerOff
00001ec5   SysCtlPeripheralPowerOn
00001e43   SysCtlPeripheralPresent
00001ddb   SysCtlPeripheralReady
00001d2b   SysCtlPeripheralReset
00001cc7   SysCtlPeripheralSleepDisable
00001c63   SysCtlPeripheralSleepEnable
00001c4d   SysCtlPinPresent
00001c3b   SysCtlReset
00001c29   SysCtlResetCauseClear
00001c1d   SysCtlResetCauseGet
00001c01   SysCtlSRAMSizeGet
00001bfd   SysCtlSleep
00001beb   SysCtlUSBPLLDisable
00001bd9   SysCtlUSBPLLEnable
00001bbb   Timer0AIntHandler
00001989   TimerConfigure
00001975   TimerControlEvent
0000195d   TimerControlLevel
00001945   TimerControlStall
0000192d   TimerControlTrigger
000018f7   TimerControlWaitOnTrigger
000018e3   TimerDisable
000018d5   TimerEnable
000018d1   TimerIntClear
000018c7   TimerIntDisable
000018bf   TimerIntEnable
00001779   TimerIntRegister
0000176f   TimerIntStatus
000015b5   TimerIntUnregister
00001765   TimerLoadGet
0000174f   TimerLoadGet64
0000173d   TimerLoadSet
00001735   TimerLoadSet64
0000172b   TimerMatchGet
00001715   TimerMatchGet64
00001703   TimerMatchSet
000016fb   TimerMatchSet64
000016f1   TimerPrescaleGet
000016e7   TimerPrescaleMatchGet
000016d5   TimerPrescaleMatchSet
000016c3   TimerPrescaleSet
00001687   TimerQuiesce
000015ab   TimerRTCDisable
000015a1   TimerRTCEnable
0000159d   TimerSynchronize
00001593   TimerValueGet
0000157d   TimerValueGet64
0000154b   UART9BitAddrSend
00001541   UART9BitAddrSet
00001533   UART9BitDisable
00001525   UART9BitEnable
00001511   UARTBreakCtl
00001509   UARTBusy
000014f9   UARTCharGet
000014eb   UARTCharGetNonBlocking
00000985   UARTCharPut
000014dd   UARTCharPutNonBlocking
000014d1   UARTCharsAvail
000014cb   UARTClockSourceGet
000014c5   UARTClockSourceSet
0000149f   UARTConfigGetExpClk
000006a3   UARTConfigSetExpClk
00001495   UARTDMADisable
0000148d   UARTDMAEnable
00000669   UARTDisable
00001483   UARTDisableSIR
0000068f   UARTEnable
0000146d   UARTEnableSIR
00001463   UARTFIFODisable
00001459   UARTFIFOEnable
00001449   UARTFIFOLevelGet
00001443   UARTFIFOLevelSet
0000143b   UARTFlowControlGet
0000142f   UARTFlowControlSet
0000142b   UARTIntClear
00001421   UARTIntDisable
00001419   UARTIntEnable
000012e9   UARTIntRegister
00001215   UARTIntStatus
00001125   UARTIntUnregister
00001083   UARTModemControlClear
0000107b   UARTModemControlGet
0000106f   UARTModemControlSet
00001065   UARTModemStatusGet
0000105d   UARTParityModeGet
00001051   UARTParityModeSet
0000104b   UARTRxErrorClear
00001043   UARTRxErrorGet
00001039   UARTSmartCardDisable
00001023   UARTSmartCardEnable
00001017   UARTSpaceAvail
0000100f   UARTTxIntModeGet
00001003   UARTTxIntModeSet
2000046c   __STACK_END
00000200   __STACK_SIZE
2000046c   __STACK_TOP
000043b8   __TI_CINIT_Base
000043c8   __TI_CINIT_Limit
000043a0   __TI_Handler_Table_Base
000043ac   __TI_Handler_Table_Limit
00000001   __TI_args_main
00003cd1   __TI_auto_init
200004e4   __TI_cleanup_ptr
00003f4b   __TI_decompress_none
00003ddf   __TI_decompress_rle24
200004e8   __TI_dtors_ptr
00000000   __TI_static_base__
00003f39   __TI_zero_init
00003d65   __aeabi_memclr
00003d65   __aeabi_memclr4
00003d65   __aeabi_memclr8
00003c35   __aeabi_memcpy
00003c35   __aeabi_memcpy4
00003c35   __aeabi_memcpy8
00003d67   __aeabi_memset
00003d67   __aeabi_memset4
00003d67   __aeabi_memset8
ffffffff   __binit__
ffffffff   __c_args__
2000026c   __stack
00003f0d   _args_main
00003e3d   _c_int00
200004dc   _lock
00003f33   _nop
00003f2b   _register_lock
00003f25   _register_unlock
200004e0   _unlock
00003ecd   abort
00000f7d   actuatorForward
00000f67   actuatorReverse
00000ead   baseClockWise
00000e8f   baseCounterClockWise
ffffffff   binit
00003e85   copy_in
00000e2d   delay
00000e2f   dynoSpeedSet
00000995   dynoWheelModeSet
00000fb1   elbowClockWise
00000f93   elbowCounterClockWise
00000fcf   elbowDown
00000fe5   elbowUp
00003ed5   exit
20000000   g_pfnRAMVectors
00000000   g_pfnVectors
000009f7   initHardware
00000ffb   main
200004ec   main_func_sp
00003c35   memcpy
00003d6d   memset
200004a8   myUart
00000305   resetStruct
2000046c   rxBuffer
00000273   setForward
000002a5   setReverse
00000281   setStop
2000047e   txBuffer
000002e7   wristClockWise
000002c9   wristCounterClockWise
000002b3   wristDown
0000028f   wristUp


GLOBAL SYMBOLS: SORTED BY Symbol Address 

address    name
--------   ----
00000000   __TI_static_base__
00000000   g_pfnVectors
00000001   __TI_args_main
00000200   __STACK_SIZE
0000026d   GPIOPinWrite
00000273   setForward
00000281   setStop
0000028f   wristUp
000002a5   setReverse
000002b3   wristDown
000002c9   wristCounterClockWise
000002e7   wristClockWise
00000305   resetStruct
00000323   SysCtlClockSet
0000045d   SysCtlPeripheralEnable
000004c1   GPIOPinConfigure
00000513   GPIODirModeSet
0000053f   GPIOPadConfigSet
000005f7   GPIOPinTypeUART
00000669   UARTDisable
0000068f   UARTEnable
000006a3   UARTConfigSetExpClk
00000715   SysCtlClockGet
00000913   GPIOPinTypeGPIOOutput
00000985   UARTCharPut
00000995   dynoWheelModeSet
000009f7   initHardware
00000e2d   delay
00000e2f   dynoSpeedSet
00000e8f   baseCounterClockWise
00000ead   baseClockWise
00000f67   actuatorReverse
00000f7d   actuatorForward
00000f93   elbowCounterClockWise
00000fb1   elbowClockWise
00000fcf   elbowDown
00000fe5   elbowUp
00000ffb   main
00001003   UARTTxIntModeSet
0000100f   UARTTxIntModeGet
00001017   UARTSpaceAvail
00001023   UARTSmartCardEnable
00001039   UARTSmartCardDisable
00001043   UARTRxErrorGet
0000104b   UARTRxErrorClear
00001051   UARTParityModeSet
0000105d   UARTParityModeGet
00001065   UARTModemStatusGet
0000106f   UARTModemControlSet
0000107b   UARTModemControlGet
00001083   UARTModemControlClear
00001093   IntDisable
0000110f   IntUnregister
00001125   UARTIntUnregister
00001215   UARTIntStatus
0000121f   IntRegister
0000126d   IntEnable
000012e9   UARTIntRegister
00001419   UARTIntEnable
00001421   UARTIntDisable
0000142b   UARTIntClear
0000142f   UARTFlowControlSet
0000143b   UARTFlowControlGet
00001443   UARTFIFOLevelSet
00001449   UARTFIFOLevelGet
00001459   UARTFIFOEnable
00001463   UARTFIFODisable
0000146d   UARTEnableSIR
00001483   UARTDisableSIR
0000148d   UARTDMAEnable
00001495   UARTDMADisable
0000149f   UARTConfigGetExpClk
000014c5   UARTClockSourceSet
000014cb   UARTClockSourceGet
000014d1   UARTCharsAvail
000014dd   UARTCharPutNonBlocking
000014eb   UARTCharGetNonBlocking
000014f9   UARTCharGet
00001509   UARTBusy
00001511   UARTBreakCtl
00001525   UART9BitEnable
00001533   UART9BitDisable
00001541   UART9BitAddrSet
0000154b   UART9BitAddrSend
0000157d   TimerValueGet64
00001593   TimerValueGet
0000159d   TimerSynchronize
000015a1   TimerRTCEnable
000015ab   TimerRTCDisable
000015b5   TimerIntUnregister
00001687   TimerQuiesce
000016c3   TimerPrescaleSet
000016d5   TimerPrescaleMatchSet
000016e7   TimerPrescaleMatchGet
000016f1   TimerPrescaleGet
000016fb   TimerMatchSet64
00001703   TimerMatchSet
00001715   TimerMatchGet64
0000172b   TimerMatchGet
00001735   TimerLoadSet64
0000173d   TimerLoadSet
0000174f   TimerLoadGet64
00001765   TimerLoadGet
0000176f   TimerIntStatus
00001779   TimerIntRegister
000018bf   TimerIntEnable
000018c7   TimerIntDisable
000018d1   TimerIntClear
000018d5   TimerEnable
000018e3   TimerDisable
000018f7   TimerControlWaitOnTrigger
0000192d   TimerControlTrigger
00001945   TimerControlStall
0000195d   TimerControlLevel
00001975   TimerControlEvent
00001989   TimerConfigure
000019b5   SoftUARTTxTimerTick
00001bbb   Timer0AIntHandler
00001bd9   SysCtlUSBPLLEnable
00001beb   SysCtlUSBPLLDisable
00001bfd   CPUwfi
00001bfd   SysCtlSleep
00001c01   SysCtlSRAMSizeGet
00001c1d   SysCtlResetCauseGet
00001c29   SysCtlResetCauseClear
00001c3b   SysCtlReset
00001c4d   SysCtlPinPresent
00001c63   SysCtlPeripheralSleepEnable
00001cc7   SysCtlPeripheralSleepDisable
00001d2b   SysCtlPeripheralReset
00001ddb   SysCtlPeripheralReady
00001e43   SysCtlPeripheralPresent
00001ec5   SysCtlPeripheralPowerOn
00001f31   SysCtlPeripheralPowerOff
00001f9d   SysCtlPeripheralDisable
00002001   SysCtlPeripheralDeepSleepEnable
00002065   SysCtlPeripheralDeepSleepDisable
000020c9   SysCtlPeripheralClockGating
000020ef   SysCtlPWMClockSet
00002103   SysCtlPWMClockGet
0000211b   SysCtlPLLVerificationSet
00002141   SysCtlPIOSCCalibrate
00002195   SysCtlMOSCVerificationSet
000021bb   SysCtlMOSCConfigSet
000021c7   SysCtlLDOSet
000021d3   SysCtlLDOGet
000021df   SysCtlLDOConfigSet
000021eb   SysCtlIntUnregister
0000220f   SysCtlIntStatus
00002229   SysCtlIntRegister
00002285   SysCtlIntEnable
00002295   SysCtlIntDisable
000022a7   SysCtlIntClear
000022b3   SysCtlIOSCVerificationSet
000022d9   SysCtlI2SMClkSet
000023af   SysCtlGPIOAHBEnable
000023c3   SysCtlGPIOAHBDisable
000023dd   SysCtlFlashSizeGet
000023f1   SysCtlDeepSleepClockSet
000023fd   SysCtlDeepSleep
0000241d   SysCtlClkVerificationClear
0000242f   SysCtlBrownOutConfigSet
0000243f   SysCtlADCSpeedSet
0000245d   SysCtlADCSpeedGet
0000246d   SoftUARTTxGPIOSet
0000247d   SoftUARTTxBufferSet
000024cd   SoftUARTSpaceAvail
000024e7   GPIOPinRead
000024ed   GPIOPinIntClear
000024f3   GPIOPinIntEnable
000024ff   GPIOPinIntDisable
0000250d   SoftUARTRxTick
0000283b   SoftUARTRxGPIOSet
0000284f   SoftUARTRxErrorGet
00002855   SoftUARTRxErrorClear
0000285d   SoftUARTRxBufferSet
000028ad   SoftUARTParityModeSet
000028b9   SoftUARTParityModeGet
000028c1   SoftUARTIntStatus
000028cf   SoftUARTIntEnable
000028d7   SoftUARTIntDisable
000028e1   SoftUARTIntClear
000028eb   SoftUARTInit
000028ff   SoftUARTFIFOLevelSet
000029a5   SoftUARTFIFOLevelGet
000029b9   SoftUARTEnable
000029c7   SoftUARTBusy
000029e5   SoftUARTDisable
00002a1b   GPIOPinTypeGPIOInput
00002a8d   GPIOIntTypeSet
00002acb   SoftUARTConfigSet
00002b73   SoftUARTConfigGet
00002b7d   SoftUARTCharsAvail
00002b8b   SoftUARTCharPutNonBlocking
00002bb1   SoftUARTCharPut
00002bd5   SoftUARTCharGetNonBlocking
00002c41   SoftUARTCharGet
00002caf   SoftUARTCallbackSet
00002cb3   SoftUARTBreakCtl
00002cd1   IntPrioritySet
00002cf9   CPUbasepriSet
00002cff   IntPriorityMaskSet
00002d03   CPUbasepriGet
00002d0d   IntPriorityMaskGet
00002d11   IntPriorityGroupingSet
00002d31   IntPriorityGroupingGet
00002d99   IntPriorityGet
00002db9   IntPendSet
00002e1f   IntPendClear
00002e6f   CPUcpsie
00002e7b   IntMasterEnable
00002e85   CPUcpsid
00002e91   IntMasterDisable
00002e9b   IntIsEnabled
0000301f   GPIOPortIntUnregister
000030b7   GPIOPortIntRegister
00003181   GPIOPinTypeUSBDigital
000031f3   GPIOPinTypeUSBAnalog
00003265   GPIOPinTypeTimer
000032d7   GPIOPinTypeSSI
00003349   GPIOPinTypeQEI
000033bb   GPIOPinTypePWM
0000342d   GPIOPinTypePECITx
0000349f   GPIOPinTypePECIRx
00003511   GPIOPinTypeLPC
00003583   GPIOPinTypeI2S
000035f5   GPIOPinTypeI2CSCL
0000371d   GPIOPinTypeI2C
0000378f   GPIOPinTypeGPIOOutputOD
00003801   GPIOPinTypeFan
00003873   GPIOPinTypeEthernetMII
000038e5   GPIOPinTypeEthernetLED
00003957   GPIOPinTypeEPI
000039c9   GPIOPinTypeComparator
00003a3b   GPIOPinTypeCAN
00003aad   GPIOPinTypeADC
00003b1f   GPIOPinIntStatus
00003b2d   GPIOPadConfigGet
00003b9d   GPIOIntTypeGet
00003bd1   GPIODirModeGet
00003bf7   GPIODMATriggerEnable
00003c03   GPIODMATriggerDisable
00003c11   GPIOADCTriggerEnable
00003c1d   GPIOADCTriggerDisable
00003c2b   CPUprimask
00003c35   __aeabi_memcpy
00003c35   __aeabi_memcpy4
00003c35   __aeabi_memcpy8
00003c35   memcpy
00003cd1   __TI_auto_init
00003d65   __aeabi_memclr
00003d65   __aeabi_memclr4
00003d65   __aeabi_memclr8
00003d67   __aeabi_memset
00003d67   __aeabi_memset4
00003d67   __aeabi_memset8
00003d6d   memset
00003ddf   __TI_decompress_rle24
00003e3d   _c_int00
00003e85   copy_in
00003ec9   C$$EXIT
00003ecd   abort
00003ed5   exit
00003f0d   _args_main
00003f25   _register_unlock
00003f2b   _register_lock
00003f33   _nop
00003f39   __TI_zero_init
00003f4b   __TI_decompress_none
00003f59   ResetISR
00003f65   SysCtlDelay
00003f6c   FORWARD_CHARACTER
00003f6e   REVERSE_CHARACTER
00003f70   DYNO_CLOCKWISE
00003f74   DYNO_COUNTERCLOCKWISE
000043a0   __TI_Handler_Table_Base
000043ac   __TI_Handler_Table_Limit
000043b8   __TI_CINIT_Base
000043c8   __TI_CINIT_Limit
20000000   g_pfnRAMVectors
2000026c   __stack
2000046c   __STACK_END
2000046c   __STACK_TOP
2000046c   rxBuffer
2000047e   txBuffer
200004a8   myUart
200004dc   _lock
200004e0   _unlock
200004e4   __TI_cleanup_ptr
200004e8   __TI_dtors_ptr
200004ec   main_func_sp
ffffffff   __binit__
ffffffff   __c_args__
ffffffff   binit
UNDEFED    SHT$$INIT_ARRAY$$Base
UNDEFED    SHT$$INIT_ARRAY$$Limit

[296 symbols]
