<?xml version="1.0"?>
<link_info>
   <banner>TI ARM Linker PC v5.1.9</banner>
   <copyright>Copyright (c) 1996-2014 Texas Instruments Incorporated</copyright>
   <link_time>0x54d6aa3b</link_time>
   <link_errors>0x0</link_errors>
   <output_file>ArmV3.out</output_file>
   <entry_point>
      <name>_c_int00</name>
      <address>0x3e3d</address>
   </entry_point>
   <input_file_list>
      <input_file id="fl-2">
         <path>.\</path>
         <kind>object</kind>
         <file>armMainV3.obj</file>
         <name>armMainV3.obj</name>
      </input_file>
      <input_file id="fl-3">
         <path>.\</path>
         <kind>object</kind>
         <file>lm4f210h5qr_startup_ccs.obj</file>
         <name>lm4f210h5qr_startup_ccs.obj</name>
      </input_file>
      <input_file id="fl-131">
         <path>c:\ti\ccsv6\tools\compiler\arm_5.1.9\lib\</path>
         <kind>archive</kind>
         <file>rtsv7M4_T_le_v4SPD16_eabi.lib</file>
         <name>boot.obj</name>
      </input_file>
      <input_file id="fl-135">
         <path>c:\ti\ccsv6\tools\compiler\arm_5.1.9\lib\</path>
         <kind>archive</kind>
         <file>rtsv7M4_T_le_v4SPD16_eabi.lib</file>
         <name>exit.obj</name>
      </input_file>
      <input_file id="fl-136">
         <path>c:\ti\ccsv6\tools\compiler\arm_5.1.9\lib\</path>
         <kind>archive</kind>
         <file>rtsv7M4_T_le_v4SPD16_eabi.lib</file>
         <name>memcpy_t2.obj</name>
      </input_file>
      <input_file id="fl-137">
         <path>c:\ti\ccsv6\tools\compiler\arm_5.1.9\lib\</path>
         <kind>archive</kind>
         <file>rtsv7M4_T_le_v4SPD16_eabi.lib</file>
         <name>memset_t2.obj</name>
      </input_file>
      <input_file id="fl-13a">
         <path>c:\ti\ccsv6\tools\compiler\arm_5.1.9\lib\</path>
         <kind>archive</kind>
         <file>rtsv7M4_T_le_v4SPD16_eabi.lib</file>
         <name>args_main.obj</name>
      </input_file>
      <input_file id="fl-13b">
         <path>c:\ti\ccsv6\tools\compiler\arm_5.1.9\lib\</path>
         <kind>archive</kind>
         <file>rtsv7M4_T_le_v4SPD16_eabi.lib</file>
         <name>auto_init.obj</name>
      </input_file>
      <input_file id="fl-13c">
         <path>c:\ti\ccsv6\tools\compiler\arm_5.1.9\lib\</path>
         <kind>archive</kind>
         <file>rtsv7M4_T_le_v4SPD16_eabi.lib</file>
         <name>cpy_tbl.obj</name>
      </input_file>
      <input_file id="fl-13d">
         <path>C:\Users\B1g\AppData\Local\Temp\</path>
         <kind>object</kind>
         <file>124442</file>
         <name>124442</name>
      </input_file>
   </input_file_list>
   <object_component_list>
      <object_component id="oc-e">
         <name>.intvecs</name>
         <load_address>0x0</load_address>
         <run_address>0x0</run_address>
         <size>0x26c</size>
         <input_file_ref idref="fl-3"/>
      </object_component>
      <object_component id="oc-6f">
         <name>.text</name>
         <load_address>0x26c</load_address>
         <run_address>0x26c</run_address>
         <size>0x39c8</size>
         <input_file_ref idref="fl-2"/>
      </object_component>
      <object_component id="oc-47">
         <name>.text</name>
         <load_address>0x3c34</load_address>
         <run_address>0x3c34</run_address>
         <size>0x9c</size>
         <input_file_ref idref="fl-136"/>
      </object_component>
      <object_component id="oc-32">
         <name>.text</name>
         <load_address>0x3cd0</load_address>
         <run_address>0x3cd0</run_address>
         <size>0x94</size>
         <input_file_ref idref="fl-13b"/>
      </object_component>
      <object_component id="oc-96">
         <name>.text</name>
         <load_address>0x3d64</load_address>
         <run_address>0x3d64</run_address>
         <size>0x7a</size>
         <input_file_ref idref="fl-137"/>
      </object_component>
      <object_component id="oc-22">
         <name>.text:decompress:rle24</name>
         <load_address>0x3dde</load_address>
         <run_address>0x3dde</run_address>
         <size>0x5e</size>
         <input_file_ref idref="fl-133"/>
      </object_component>
      <object_component id="oc-11">
         <name>.text</name>
         <load_address>0x3e3c</load_address>
         <run_address>0x3e3c</run_address>
         <size>0x48</size>
         <input_file_ref idref="fl-131"/>
      </object_component>
      <object_component id="oc-68">
         <name>.text</name>
         <load_address>0x3e84</load_address>
         <run_address>0x3e84</run_address>
         <size>0x44</size>
         <input_file_ref idref="fl-13c"/>
      </object_component>
      <object_component id="oc-3d">
         <name>.text</name>
         <load_address>0x3ec8</load_address>
         <run_address>0x3ec8</run_address>
         <size>0x44</size>
         <input_file_ref idref="fl-135"/>
      </object_component>
      <object_component id="oc-37">
         <name>.text</name>
         <load_address>0x3f0c</load_address>
         <run_address>0x3f0c</run_address>
         <size>0x18</size>
         <input_file_ref idref="fl-13a"/>
      </object_component>
      <object_component id="oc-ab">
         <name>.text</name>
         <load_address>0x3f24</load_address>
         <run_address>0x3f24</run_address>
         <size>0x14</size>
         <input_file_ref idref="fl-139"/>
      </object_component>
      <object_component id="oc-1c">
         <name>.text:decompress:ZI</name>
         <load_address>0x3f38</load_address>
         <run_address>0x3f38</run_address>
         <size>0x12</size>
         <input_file_ref idref="fl-134"/>
      </object_component>
      <object_component id="oc-16">
         <name>.text:decompress:none</name>
         <load_address>0x3f4a</load_address>
         <run_address>0x3f4a</run_address>
         <size>0xe</size>
         <input_file_ref idref="fl-132"/>
      </object_component>
      <object_component id="oc-29">
         <name>.text</name>
         <load_address>0x3f58</load_address>
         <run_address>0x3f58</run_address>
         <size>0xc</size>
         <input_file_ref idref="fl-3"/>
      </object_component>
      <object_component id="oc-8c">
         <name>.text:SysCtlDelay</name>
         <load_address>0x3f64</load_address>
         <run_address>0x3f64</run_address>
         <size>0x6</size>
         <input_file_ref idref="fl-2"/>
      </object_component>
      <object_component id="oc-8d">
         <name>.const</name>
         <load_address>0x3f6c</load_address>
         <run_address>0x3f6c</run_address>
         <size>0x3fc</size>
         <input_file_ref idref="fl-2"/>
      </object_component>
      <object_component id="oc-f1">
         <name>.cinit..data.load</name>
         <load_address>0x4368</load_address>
         <run_address>0x4368</run_address>
         <size>0x36</size>
      </object_component>
      <object_component id="oc-ee">
         <name>__TI_handler_table</name>
         <load_address>0x43a0</load_address>
         <run_address>0x43a0</run_address>
         <size>0xc</size>
      </object_component>
      <object_component id="oc-f0">
         <name>.cinit..vtable.load</name>
         <load_address>0x43b0</load_address>
         <run_address>0x43b0</run_address>
         <size>0x8</size>
      </object_component>
      <object_component id="oc-ef">
         <name>__TI_cinit_table</name>
         <load_address>0x43b8</load_address>
         <run_address>0x43b8</run_address>
         <size>0x10</size>
      </object_component>
      <object_component id="oc-90">
         <name>.vtable</name>
         <uninitialized>true</uninitialized>
         <run_address>0x20000000</run_address>
         <size>0x26c</size>
         <input_file_ref idref="fl-2"/>
      </object_component>
      <object_component id="oc-43">
         <name>.data</name>
         <load_address>0x200004ec</load_address>
         <run_address>0x200004ec</run_address>
         <size>0x4</size>
         <input_file_ref idref="fl-138"/>
      </object_component>
      <object_component id="oc-77">
         <name>.data</name>
         <load_address>0x200004dc</load_address>
         <run_address>0x200004dc</run_address>
         <size>0x8</size>
         <input_file_ref idref="fl-139"/>
      </object_component>
      <object_component id="oc-7a">
         <name>.data</name>
         <load_address>0x200004e4</load_address>
         <run_address>0x200004e4</run_address>
         <size>0x8</size>
         <input_file_ref idref="fl-135"/>
      </object_component>
      <object_component id="oc-93">
         <name>.data</name>
         <load_address>0x2000046c</load_address>
         <run_address>0x2000046c</run_address>
         <size>0x70</size>
         <input_file_ref idref="fl-2"/>
      </object_component>
      <object_component id="oc-28">
         <name>.stack</name>
         <uninitialized>true</uninitialized>
         <run_address>0x2000026c</run_address>
         <size>0x0</size>
         <input_file_ref idref="fl-131"/>
      </object_component>
      <object_component id="oc-f2">
         <name>.stack</name>
         <uninitialized>true</uninitialized>
         <run_address>0x2000026c</run_address>
         <size>0x0</size>
      </object_component>
      <object_component id="oc-f">
         <name>.debug_info</name>
         <load_address>0x0</load_address>
         <run_address>0x0</run_address>
         <size>0xda</size>
         <input_file_ref idref="fl-3"/>
      </object_component>
      <object_component id="oc-13">
         <name>.debug_info</name>
         <load_address>0xda</load_address>
         <run_address>0xda</run_address>
         <size>0xf3</size>
         <input_file_ref idref="fl-131"/>
      </object_component>
      <object_component id="oc-17">
         <name>.debug_info</name>
         <load_address>0x1cd</load_address>
         <run_address>0x1cd</run_address>
         <size>0x180</size>
         <input_file_ref idref="fl-13d"/>
      </object_component>
      <object_component id="oc-1d">
         <name>.debug_info</name>
         <load_address>0x34d</load_address>
         <run_address>0x34d</run_address>
         <size>0x15c</size>
         <input_file_ref idref="fl-13d"/>
      </object_component>
      <object_component id="oc-23">
         <name>.debug_info</name>
         <load_address>0x4a9</load_address>
         <run_address>0x4a9</run_address>
         <size>0x1cd</size>
         <input_file_ref idref="fl-13d"/>
      </object_component>
      <object_component id="oc-2b">
         <name>.debug_info</name>
         <load_address>0x676</load_address>
         <run_address>0x676</run_address>
         <size>0x24e</size>
         <input_file_ref idref="fl-3"/>
      </object_component>
      <object_component id="oc-31">
         <name>.debug_info</name>
         <load_address>0x8c4</load_address>
         <run_address>0x8c4</run_address>
         <size>0xf5</size>
         <input_file_ref idref="fl-3"/>
      </object_component>
      <object_component id="oc-33">
         <name>.debug_info</name>
         <load_address>0x9b9</load_address>
         <run_address>0x9b9</run_address>
         <size>0x13d</size>
         <input_file_ref idref="fl-13b"/>
      </object_component>
      <object_component id="oc-3b">
         <name>.debug_info</name>
         <load_address>0xaf6</load_address>
         <run_address>0xaf6</run_address>
         <size>0x11c</size>
         <input_file_ref idref="fl-13a"/>
      </object_component>
      <object_component id="oc-41">
         <name>.debug_info</name>
         <load_address>0xc12</load_address>
         <run_address>0xc12</run_address>
         <size>0x1c2</size>
         <input_file_ref idref="fl-135"/>
      </object_component>
      <object_component id="oc-44">
         <name>.debug_info</name>
         <load_address>0xdd4</load_address>
         <run_address>0xdd4</run_address>
         <size>0xbd</size>
         <input_file_ref idref="fl-13d"/>
      </object_component>
      <object_component id="oc-48">
         <name>.debug_info</name>
         <load_address>0xe91</load_address>
         <run_address>0xe91</run_address>
         <size>0xcc</size>
         <input_file_ref idref="fl-136"/>
      </object_component>
      <object_component id="oc-4d">
         <name>.debug_info</name>
         <load_address>0xf5d</load_address>
         <run_address>0xf5d</run_address>
         <size>0x46</size>
         <input_file_ref idref="fl-13d"/>
      </object_component>
      <object_component id="oc-52">
         <name>.debug_info</name>
         <load_address>0xfa3</load_address>
         <run_address>0xfa3</run_address>
         <size>0x17e</size>
         <input_file_ref idref="fl-13d"/>
      </object_component>
      <object_component id="oc-56">
         <name>.debug_info</name>
         <load_address>0x1121</load_address>
         <run_address>0x1121</run_address>
         <size>0x8b</size>
         <input_file_ref idref="fl-13d"/>
      </object_component>
      <object_component id="oc-5e">
         <name>.debug_info</name>
         <load_address>0x11ac</load_address>
         <run_address>0x11ac</run_address>
         <size>0x84</size>
         <input_file_ref idref="fl-2"/>
      </object_component>
      <object_component id="oc-63">
         <name>.debug_info</name>
         <load_address>0x1230</load_address>
         <run_address>0x1230</run_address>
         <size>0x18b</size>
         <input_file_ref idref="fl-2"/>
      </object_component>
      <object_component id="oc-6b">
         <name>.debug_info</name>
         <load_address>0x13bb</load_address>
         <run_address>0x13bb</run_address>
         <size>0x14b</size>
         <input_file_ref idref="fl-13c"/>
      </object_component>
      <object_component id="oc-70">
         <name>.debug_info</name>
         <load_address>0x1506</load_address>
         <run_address>0x1506</run_address>
         <size>0xcd75</size>
         <input_file_ref idref="fl-2"/>
      </object_component>
      <object_component id="oc-76">
         <name>.debug_info</name>
         <load_address>0xe27b</load_address>
         <run_address>0xe27b</run_address>
         <size>0x11b</size>
         <input_file_ref idref="fl-13a"/>
      </object_component>
      <object_component id="oc-78">
         <name>.debug_info</name>
         <load_address>0xe396</load_address>
         <run_address>0xe396</run_address>
         <size>0xce</size>
         <input_file_ref idref="fl-13d"/>
      </object_component>
      <object_component id="oc-7b">
         <name>.debug_info</name>
         <load_address>0xe464</load_address>
         <run_address>0xe464</run_address>
         <size>0xeb</size>
         <input_file_ref idref="fl-135"/>
      </object_component>
      <object_component id="oc-7e">
         <name>.debug_info</name>
         <load_address>0xe54f</load_address>
         <run_address>0xe54f</run_address>
         <size>0x146</size>
         <input_file_ref idref="fl-135"/>
      </object_component>
      <object_component id="oc-83">
         <name>.debug_info</name>
         <load_address>0xe695</load_address>
         <run_address>0xe695</run_address>
         <size>0x2c</size>
         <input_file_ref idref="fl-2"/>
      </object_component>
      <object_component id="oc-8b">
         <name>.debug_info</name>
         <load_address>0xe6c1</load_address>
         <run_address>0xe6c1</run_address>
         <size>0x148</size>
         <input_file_ref idref="fl-13c"/>
      </object_component>
      <object_component id="oc-8e">
         <name>.debug_info</name>
         <load_address>0xe809</load_address>
         <run_address>0xe809</run_address>
         <size>0x422</size>
         <input_file_ref idref="fl-2"/>
      </object_component>
      <object_component id="oc-91">
         <name>.debug_info</name>
         <load_address>0xec2b</load_address>
         <run_address>0xec2b</run_address>
         <size>0xd2</size>
         <input_file_ref idref="fl-2"/>
      </object_component>
      <object_component id="oc-94">
         <name>.debug_info</name>
         <load_address>0xecfd</load_address>
         <run_address>0xecfd</run_address>
         <size>0x12e</size>
         <input_file_ref idref="fl-2"/>
      </object_component>
      <object_component id="oc-99">
         <name>.debug_info</name>
         <load_address>0xee2b</load_address>
         <run_address>0xee2b</run_address>
         <size>0xfc</size>
         <input_file_ref idref="fl-137"/>
      </object_component>
      <object_component id="oc-9c">
         <name>.debug_info</name>
         <load_address>0xef27</load_address>
         <run_address>0xef27</run_address>
         <size>0x667</size>
         <input_file_ref idref="fl-2"/>
      </object_component>
      <object_component id="oc-9f">
         <name>.debug_info</name>
         <load_address>0xf58e</load_address>
         <run_address>0xf58e</run_address>
         <size>0x2c</size>
         <input_file_ref idref="fl-2"/>
      </object_component>
      <object_component id="oc-a6">
         <name>.debug_info</name>
         <load_address>0xf5ba</load_address>
         <run_address>0xf5ba</run_address>
         <size>0x5e</size>
         <input_file_ref idref="fl-13a"/>
      </object_component>
      <object_component id="oc-ac">
         <name>.debug_info</name>
         <load_address>0xf618</load_address>
         <run_address>0xf618</run_address>
         <size>0x1b9</size>
         <input_file_ref idref="fl-13d"/>
      </object_component>
      <object_component id="oc-b9">
         <name>.debug_info</name>
         <load_address>0xf7d1</load_address>
         <run_address>0xf7d1</run_address>
         <size>0xcd</size>
         <input_file_ref idref="fl-13c"/>
      </object_component>
      <object_component id="oc-c4">
         <name>.debug_info</name>
         <load_address>0xf89e</load_address>
         <run_address>0xf89e</run_address>
         <size>0x22a</size>
         <input_file_ref idref="fl-2"/>
      </object_component>
      <object_component id="oc-cc">
         <name>.debug_info</name>
         <load_address>0xfac8</load_address>
         <run_address>0xfac8</run_address>
         <size>0x131</size>
         <input_file_ref idref="fl-2"/>
      </object_component>
      <object_component id="oc-f3">
         <name>.debug_info</name>
         <load_address>0xfbf9</load_address>
         <run_address>0xfbf9</run_address>
         <size>0x95</size>
      </object_component>
      <object_component id="oc-10">
         <name>.debug_pubnames</name>
         <load_address>0x0</load_address>
         <run_address>0x0</run_address>
         <size>0x23</size>
         <input_file_ref idref="fl-3"/>
      </object_component>
      <object_component id="oc-14">
         <name>.debug_pubnames</name>
         <load_address>0x23</load_address>
         <run_address>0x23</run_address>
         <size>0x1f</size>
         <input_file_ref idref="fl-131"/>
      </object_component>
      <object_component id="oc-19">
         <name>.debug_pubnames</name>
         <load_address>0x42</load_address>
         <run_address>0x42</run_address>
         <size>0x2b</size>
         <input_file_ref idref="fl-13d"/>
      </object_component>
      <object_component id="oc-1e">
         <name>.debug_pubnames</name>
         <load_address>0x6d</load_address>
         <run_address>0x6d</run_address>
         <size>0x25</size>
         <input_file_ref idref="fl-13d"/>
      </object_component>
      <object_component id="oc-24">
         <name>.debug_pubnames</name>
         <load_address>0x92</load_address>
         <run_address>0x92</run_address>
         <size>0x2c</size>
         <input_file_ref idref="fl-13d"/>
      </object_component>
      <object_component id="oc-2d">
         <name>.debug_pubnames</name>
         <load_address>0xbe</load_address>
         <run_address>0xbe</run_address>
         <size>0x4c</size>
         <input_file_ref idref="fl-3"/>
      </object_component>
      <object_component id="oc-34">
         <name>.debug_pubnames</name>
         <load_address>0x10a</load_address>
         <run_address>0x10a</run_address>
         <size>0x37</size>
         <input_file_ref idref="fl-13b"/>
      </object_component>
      <object_component id="oc-3c">
         <name>.debug_pubnames</name>
         <load_address>0x141</load_address>
         <run_address>0x141</run_address>
         <size>0x21</size>
         <input_file_ref idref="fl-13a"/>
      </object_component>
      <object_component id="oc-42">
         <name>.debug_pubnames</name>
         <load_address>0x162</load_address>
         <run_address>0x162</run_address>
         <size>0x35</size>
         <input_file_ref idref="fl-135"/>
      </object_component>
      <object_component id="oc-45">
         <name>.debug_pubnames</name>
         <load_address>0x197</load_address>
         <run_address>0x197</run_address>
         <size>0x23</size>
         <input_file_ref idref="fl-13d"/>
      </object_component>
      <object_component id="oc-4a">
         <name>.debug_pubnames</name>
         <load_address>0x1ba</load_address>
         <run_address>0x1ba</run_address>
         <size>0x1d</size>
         <input_file_ref idref="fl-136"/>
      </object_component>
      <object_component id="oc-6c">
         <name>.debug_pubnames</name>
         <load_address>0x1d7</load_address>
         <run_address>0x1d7</run_address>
         <size>0x1e</size>
         <input_file_ref idref="fl-13c"/>
      </object_component>
      <object_component id="oc-72">
         <name>.debug_pubnames</name>
         <load_address>0x1f5</load_address>
         <run_address>0x1f5</run_address>
         <size>0x1439</size>
         <input_file_ref idref="fl-2"/>
      </object_component>
      <object_component id="oc-79">
         <name>.debug_pubnames</name>
         <load_address>0x162e</load_address>
         <run_address>0x162e</run_address>
         <size>0x28</size>
         <input_file_ref idref="fl-13d"/>
      </object_component>
      <object_component id="oc-7c">
         <name>.debug_pubnames</name>
         <load_address>0x1656</load_address>
         <run_address>0x1656</run_address>
         <size>0x3a</size>
         <input_file_ref idref="fl-135"/>
      </object_component>
      <object_component id="oc-8f">
         <name>.debug_pubnames</name>
         <load_address>0x1690</load_address>
         <run_address>0x1690</run_address>
         <size>0x193</size>
         <input_file_ref idref="fl-2"/>
      </object_component>
      <object_component id="oc-92">
         <name>.debug_pubnames</name>
         <load_address>0x1823</load_address>
         <run_address>0x1823</run_address>
         <size>0x26</size>
         <input_file_ref idref="fl-2"/>
      </object_component>
      <object_component id="oc-95">
         <name>.debug_pubnames</name>
         <load_address>0x1849</load_address>
         <run_address>0x1849</run_address>
         <size>0x4a</size>
         <input_file_ref idref="fl-2"/>
      </object_component>
      <object_component id="oc-9a">
         <name>.debug_pubnames</name>
         <load_address>0x1893</load_address>
         <run_address>0x1893</run_address>
         <size>0x37</size>
         <input_file_ref idref="fl-137"/>
      </object_component>
      <object_component id="oc-9e">
         <name>.debug_pubnames</name>
         <load_address>0x18ca</load_address>
         <run_address>0x18ca</run_address>
         <size>0x45</size>
         <input_file_ref idref="fl-2"/>
      </object_component>
      <object_component id="oc-ae">
         <name>.debug_pubnames</name>
         <load_address>0x190f</load_address>
         <run_address>0x190f</run_address>
         <size>0x43</size>
         <input_file_ref idref="fl-13d"/>
      </object_component>
      <object_component id="oc-12">
         <name>.debug_aranges</name>
         <load_address>0x0</load_address>
         <run_address>0x0</run_address>
         <size>0x20</size>
         <input_file_ref idref="fl-131"/>
      </object_component>
      <object_component id="oc-18">
         <name>.debug_aranges</name>
         <load_address>0x20</load_address>
         <run_address>0x20</run_address>
         <size>0x20</size>
         <input_file_ref idref="fl-13d"/>
      </object_component>
      <object_component id="oc-1f">
         <name>.debug_aranges</name>
         <load_address>0x40</load_address>
         <run_address>0x40</run_address>
         <size>0x20</size>
         <input_file_ref idref="fl-13d"/>
      </object_component>
      <object_component id="oc-25">
         <name>.debug_aranges</name>
         <load_address>0x60</load_address>
         <run_address>0x60</run_address>
         <size>0x20</size>
         <input_file_ref idref="fl-13d"/>
      </object_component>
      <object_component id="oc-2c">
         <name>.debug_aranges</name>
         <load_address>0x80</load_address>
         <run_address>0x80</run_address>
         <size>0x38</size>
         <input_file_ref idref="fl-3"/>
      </object_component>
      <object_component id="oc-35">
         <name>.debug_aranges</name>
         <load_address>0xb8</load_address>
         <run_address>0xb8</run_address>
         <size>0x28</size>
         <input_file_ref idref="fl-13b"/>
      </object_component>
      <object_component id="oc-3a">
         <name>.debug_aranges</name>
         <load_address>0xe0</load_address>
         <run_address>0xe0</run_address>
         <size>0x20</size>
         <input_file_ref idref="fl-13a"/>
      </object_component>
      <object_component id="oc-3f">
         <name>.debug_aranges</name>
         <load_address>0x100</load_address>
         <run_address>0x100</run_address>
         <size>0x30</size>
         <input_file_ref idref="fl-135"/>
      </object_component>
      <object_component id="oc-49">
         <name>.debug_aranges</name>
         <load_address>0x130</load_address>
         <run_address>0x130</run_address>
         <size>0x20</size>
         <input_file_ref idref="fl-136"/>
      </object_component>
      <object_component id="oc-69">
         <name>.debug_aranges</name>
         <load_address>0x150</load_address>
         <run_address>0x150</run_address>
         <size>0x20</size>
         <input_file_ref idref="fl-13c"/>
      </object_component>
      <object_component id="oc-71">
         <name>.debug_aranges</name>
         <load_address>0x170</load_address>
         <run_address>0x170</run_address>
         <size>0x7a8</size>
         <input_file_ref idref="fl-2"/>
      </object_component>
      <object_component id="oc-97">
         <name>.debug_aranges</name>
         <load_address>0x918</load_address>
         <run_address>0x918</run_address>
         <size>0x28</size>
         <input_file_ref idref="fl-137"/>
      </object_component>
      <object_component id="oc-ad">
         <name>.debug_aranges</name>
         <load_address>0x940</load_address>
         <run_address>0x940</run_address>
         <size>0x30</size>
         <input_file_ref idref="fl-13d"/>
      </object_component>
      <object_component id="oc-15">
         <name>.debug_line</name>
         <load_address>0x0</load_address>
         <run_address>0x0</run_address>
         <size>0x4f</size>
         <input_file_ref idref="fl-131"/>
      </object_component>
      <object_component id="oc-1b">
         <name>.debug_line</name>
         <load_address>0x4f</load_address>
         <run_address>0x4f</run_address>
         <size>0x55</size>
         <input_file_ref idref="fl-13d"/>
      </object_component>
      <object_component id="oc-21">
         <name>.debug_line</name>
         <load_address>0xa4</load_address>
         <run_address>0xa4</run_address>
         <size>0x4c</size>
         <input_file_ref idref="fl-13d"/>
      </object_component>
      <object_component id="oc-27">
         <name>.debug_line</name>
         <load_address>0xf0</load_address>
         <run_address>0xf0</run_address>
         <size>0x93</size>
         <input_file_ref idref="fl-13d"/>
      </object_component>
      <object_component id="oc-2a">
         <name>.debug_line</name>
         <load_address>0x183</load_address>
         <run_address>0x183</run_address>
         <size>0x9a</size>
         <input_file_ref idref="fl-3"/>
      </object_component>
      <object_component id="oc-30">
         <name>.debug_line</name>
         <load_address>0x21d</load_address>
         <run_address>0x21d</run_address>
         <size>0x40</size>
         <input_file_ref idref="fl-3"/>
      </object_component>
      <object_component id="oc-36">
         <name>.debug_line</name>
         <load_address>0x25d</load_address>
         <run_address>0x25d</run_address>
         <size>0x87</size>
         <input_file_ref idref="fl-13b"/>
      </object_component>
      <object_component id="oc-39">
         <name>.debug_line</name>
         <load_address>0x2e4</load_address>
         <run_address>0x2e4</run_address>
         <size>0x50</size>
         <input_file_ref idref="fl-13a"/>
      </object_component>
      <object_component id="oc-40">
         <name>.debug_line</name>
         <load_address>0x334</load_address>
         <run_address>0x334</run_address>
         <size>0x7a</size>
         <input_file_ref idref="fl-135"/>
      </object_component>
      <object_component id="oc-4b">
         <name>.debug_line</name>
         <load_address>0x3ae</load_address>
         <run_address>0x3ae</run_address>
         <size>0x88</size>
         <input_file_ref idref="fl-136"/>
      </object_component>
      <object_component id="oc-50">
         <name>.debug_line</name>
         <load_address>0x436</load_address>
         <run_address>0x436</run_address>
         <size>0x34</size>
         <input_file_ref idref="fl-13d"/>
      </object_component>
      <object_component id="oc-59">
         <name>.debug_line</name>
         <load_address>0x46a</load_address>
         <run_address>0x46a</run_address>
         <size>0x20</size>
         <input_file_ref idref="fl-13d"/>
      </object_component>
      <object_component id="oc-5d">
         <name>.debug_line</name>
         <load_address>0x48a</load_address>
         <run_address>0x48a</run_address>
         <size>0x40</size>
         <input_file_ref idref="fl-3"/>
      </object_component>
      <object_component id="oc-61">
         <name>.debug_line</name>
         <load_address>0x4ca</load_address>
         <run_address>0x4ca</run_address>
         <size>0x20</size>
         <input_file_ref idref="fl-2"/>
      </object_component>
      <object_component id="oc-66">
         <name>.debug_line</name>
         <load_address>0x4ea</load_address>
         <run_address>0x4ea</run_address>
         <size>0x59</size>
         <input_file_ref idref="fl-2"/>
      </object_component>
      <object_component id="oc-6d">
         <name>.debug_line</name>
         <load_address>0x543</load_address>
         <run_address>0x543</run_address>
         <size>0x6d</size>
         <input_file_ref idref="fl-13c"/>
      </object_component>
      <object_component id="oc-73">
         <name>.debug_line</name>
         <load_address>0x5b0</load_address>
         <run_address>0x5b0</run_address>
         <size>0x31a5</size>
         <input_file_ref idref="fl-2"/>
      </object_component>
      <object_component id="oc-81">
         <name>.debug_line</name>
         <load_address>0x3755</load_address>
         <run_address>0x3755</run_address>
         <size>0x33</size>
         <input_file_ref idref="fl-13d"/>
      </object_component>
      <object_component id="oc-86">
         <name>.debug_line</name>
         <load_address>0x3788</load_address>
         <run_address>0x3788</run_address>
         <size>0x59</size>
         <input_file_ref idref="fl-2"/>
      </object_component>
      <object_component id="oc-89">
         <name>.debug_line</name>
         <load_address>0x37e1</load_address>
         <run_address>0x37e1</run_address>
         <size>0x45</size>
         <input_file_ref idref="fl-13d"/>
      </object_component>
      <object_component id="oc-98">
         <name>.debug_line</name>
         <load_address>0x3826</load_address>
         <run_address>0x3826</run_address>
         <size>0x79</size>
         <input_file_ref idref="fl-137"/>
      </object_component>
      <object_component id="oc-a2">
         <name>.debug_line</name>
         <load_address>0x389f</load_address>
         <run_address>0x389f</run_address>
         <size>0x43</size>
         <input_file_ref idref="fl-2"/>
      </object_component>
      <object_component id="oc-a5">
         <name>.debug_line</name>
         <load_address>0x38e2</load_address>
         <run_address>0x38e2</run_address>
         <size>0x2b</size>
         <input_file_ref idref="fl-13a"/>
      </object_component>
      <object_component id="oc-a9">
         <name>.debug_line</name>
         <load_address>0x390d</load_address>
         <run_address>0x390d</run_address>
         <size>0x2b</size>
         <input_file_ref idref="fl-13a"/>
      </object_component>
      <object_component id="oc-af">
         <name>.debug_line</name>
         <load_address>0x3938</load_address>
         <run_address>0x3938</run_address>
         <size>0x66</size>
         <input_file_ref idref="fl-13d"/>
      </object_component>
      <object_component id="oc-b2">
         <name>.debug_line</name>
         <load_address>0x399e</load_address>
         <run_address>0x399e</run_address>
         <size>0x2b</size>
         <input_file_ref idref="fl-13d"/>
      </object_component>
      <object_component id="oc-b4">
         <name>.debug_line</name>
         <load_address>0x39c9</load_address>
         <run_address>0x39c9</run_address>
         <size>0x2a</size>
         <input_file_ref idref="fl-135"/>
      </object_component>
      <object_component id="oc-b6">
         <name>.debug_line</name>
         <load_address>0x39f3</load_address>
         <run_address>0x39f3</run_address>
         <size>0x43</size>
         <input_file_ref idref="fl-135"/>
      </object_component>
      <object_component id="oc-b8">
         <name>.debug_line</name>
         <load_address>0x3a36</load_address>
         <run_address>0x3a36</run_address>
         <size>0x51</size>
         <input_file_ref idref="fl-13c"/>
      </object_component>
      <object_component id="oc-bc">
         <name>.debug_line</name>
         <load_address>0x3a87</load_address>
         <run_address>0x3a87</run_address>
         <size>0x45</size>
         <input_file_ref idref="fl-13c"/>
      </object_component>
      <object_component id="oc-bf">
         <name>.debug_line</name>
         <load_address>0x3acc</load_address>
         <run_address>0x3acc</run_address>
         <size>0xf1</size>
         <input_file_ref idref="fl-2"/>
      </object_component>
      <object_component id="oc-c1">
         <name>.debug_line</name>
         <load_address>0x3bbd</load_address>
         <run_address>0x3bbd</run_address>
         <size>0x4a</size>
         <input_file_ref idref="fl-2"/>
      </object_component>
      <object_component id="oc-c3">
         <name>.debug_line</name>
         <load_address>0x3c07</load_address>
         <run_address>0x3c07</run_address>
         <size>0x57</size>
         <input_file_ref idref="fl-2"/>
      </object_component>
      <object_component id="oc-c7">
         <name>.debug_line</name>
         <load_address>0x3c5e</load_address>
         <run_address>0x3c5e</run_address>
         <size>0x45</size>
         <input_file_ref idref="fl-2"/>
      </object_component>
      <object_component id="oc-cb">
         <name>.debug_line</name>
         <load_address>0x3ca3</load_address>
         <run_address>0x3ca3</run_address>
         <size>0xa7</size>
         <input_file_ref idref="fl-2"/>
      </object_component>
      <object_component id="oc-cf">
         <name>.debug_line</name>
         <load_address>0x3d4a</load_address>
         <run_address>0x3d4a</run_address>
         <size>0x34</size>
         <input_file_ref idref="fl-2"/>
      </object_component>
      <object_component id="oc-1a">
         <name>.debug_frame</name>
         <load_address>0x0</load_address>
         <run_address>0x0</run_address>
         <size>0x7f</size>
         <input_file_ref idref="fl-13d"/>
      </object_component>
      <object_component id="oc-20">
         <name>.debug_frame</name>
         <load_address>0x7f</load_address>
         <run_address>0x7f</run_address>
         <size>0x7f</size>
         <input_file_ref idref="fl-13d"/>
      </object_component>
      <object_component id="oc-26">
         <name>.debug_frame</name>
         <load_address>0xfe</load_address>
         <run_address>0xfe</run_address>
         <size>0x8a</size>
         <input_file_ref idref="fl-13d"/>
      </object_component>
      <object_component id="oc-2e">
         <name>.debug_frame</name>
         <load_address>0x188</load_address>
         <run_address>0x188</run_address>
         <size>0xb2</size>
         <input_file_ref idref="fl-3"/>
      </object_component>
      <object_component id="oc-38">
         <name>.debug_frame</name>
         <load_address>0x23a</load_address>
         <run_address>0x23a</run_address>
         <size>0x7f</size>
         <input_file_ref idref="fl-13a"/>
      </object_component>
      <object_component id="oc-3e">
         <name>.debug_frame</name>
         <load_address>0x2b9</load_address>
         <run_address>0x2b9</run_address>
         <size>0xb3</size>
         <input_file_ref idref="fl-135"/>
      </object_component>
      <object_component id="oc-6a">
         <name>.debug_frame</name>
         <load_address>0x36c</load_address>
         <run_address>0x36c</run_address>
         <size>0x8a</size>
         <input_file_ref idref="fl-13c"/>
      </object_component>
      <object_component id="oc-74">
         <name>.debug_frame</name>
         <load_address>0x3f6</load_address>
         <run_address>0x3f6</run_address>
         <size>0x12df</size>
         <input_file_ref idref="fl-2"/>
      </object_component>
      <object_component id="oc-b0">
         <name>.debug_frame</name>
         <load_address>0x16d5</load_address>
         <run_address>0x16d5</run_address>
         <size>0xa1</size>
         <input_file_ref idref="fl-13d"/>
      </object_component>
      <object_component id="oc-2f">
         <name>.debug_abbrev</name>
         <load_address>0x0</load_address>
         <run_address>0x0</run_address>
         <size>0x29</size>
         <input_file_ref idref="fl-3"/>
      </object_component>
      <object_component id="oc-46">
         <name>.debug_abbrev</name>
         <load_address>0x29</load_address>
         <run_address>0x29</run_address>
         <size>0x3d</size>
         <input_file_ref idref="fl-131"/>
      </object_component>
      <object_component id="oc-4c">
         <name>.debug_abbrev</name>
         <load_address>0x66</load_address>
         <run_address>0x66</run_address>
         <size>0x6f</size>
         <input_file_ref idref="fl-13d"/>
      </object_component>
      <object_component id="oc-4f">
         <name>.debug_abbrev</name>
         <load_address>0xd5</load_address>
         <run_address>0xd5</run_address>
         <size>0x24</size>
         <input_file_ref idref="fl-13d"/>
      </object_component>
      <object_component id="oc-54">
         <name>.debug_abbrev</name>
         <load_address>0xf9</load_address>
         <run_address>0xf9</run_address>
         <size>0x6a</size>
         <input_file_ref idref="fl-13d"/>
      </object_component>
      <object_component id="oc-55">
         <name>.debug_abbrev</name>
         <load_address>0x163</load_address>
         <run_address>0x163</run_address>
         <size>0x6a</size>
         <input_file_ref idref="fl-13d"/>
      </object_component>
      <object_component id="oc-58">
         <name>.debug_abbrev</name>
         <load_address>0x1cd</load_address>
         <run_address>0x1cd</run_address>
         <size>0x1f</size>
         <input_file_ref idref="fl-13d"/>
      </object_component>
      <object_component id="oc-5b">
         <name>.debug_abbrev</name>
         <load_address>0x1ec</load_address>
         <run_address>0x1ec</run_address>
         <size>0x79</size>
         <input_file_ref idref="fl-3"/>
      </object_component>
      <object_component id="oc-5c">
         <name>.debug_abbrev</name>
         <load_address>0x265</load_address>
         <run_address>0x265</run_address>
         <size>0x5d</size>
         <input_file_ref idref="fl-3"/>
      </object_component>
      <object_component id="oc-60">
         <name>.debug_abbrev</name>
         <load_address>0x2c2</load_address>
         <run_address>0x2c2</run_address>
         <size>0x1f</size>
         <input_file_ref idref="fl-2"/>
      </object_component>
      <object_component id="oc-65">
         <name>.debug_abbrev</name>
         <load_address>0x2e1</load_address>
         <run_address>0x2e1</run_address>
         <size>0x35</size>
         <input_file_ref idref="fl-2"/>
      </object_component>
      <object_component id="oc-6e">
         <name>.debug_abbrev</name>
         <load_address>0x316</load_address>
         <run_address>0x316</run_address>
         <size>0x80</size>
         <input_file_ref idref="fl-13b"/>
      </object_component>
      <object_component id="oc-75">
         <name>.debug_abbrev</name>
         <load_address>0x396</load_address>
         <run_address>0x396</run_address>
         <size>0x68</size>
         <input_file_ref idref="fl-13a"/>
      </object_component>
      <object_component id="oc-7d">
         <name>.debug_abbrev</name>
         <load_address>0x3fe</load_address>
         <run_address>0x3fe</run_address>
         <size>0xba</size>
         <input_file_ref idref="fl-135"/>
      </object_component>
      <object_component id="oc-80">
         <name>.debug_abbrev</name>
         <load_address>0x4b8</load_address>
         <run_address>0x4b8</run_address>
         <size>0x27</size>
         <input_file_ref idref="fl-13d"/>
      </object_component>
      <object_component id="oc-82">
         <name>.debug_abbrev</name>
         <load_address>0x4df</load_address>
         <run_address>0x4df</run_address>
         <size>0x3d</size>
         <input_file_ref idref="fl-136"/>
      </object_component>
      <object_component id="oc-85">
         <name>.debug_abbrev</name>
         <load_address>0x51c</load_address>
         <run_address>0x51c</run_address>
         <size>0x24</size>
         <input_file_ref idref="fl-2"/>
      </object_component>
      <object_component id="oc-88">
         <name>.debug_abbrev</name>
         <load_address>0x540</load_address>
         <run_address>0x540</run_address>
         <size>0x9f</size>
         <input_file_ref idref="fl-13d"/>
      </object_component>
      <object_component id="oc-8a">
         <name>.debug_abbrev</name>
         <load_address>0x5df</load_address>
         <run_address>0x5df</run_address>
         <size>0x8c</size>
         <input_file_ref idref="fl-13c"/>
      </object_component>
      <object_component id="oc-9b">
         <name>.debug_abbrev</name>
         <load_address>0x66b</load_address>
         <run_address>0x66b</run_address>
         <size>0x1d3</size>
         <input_file_ref idref="fl-2"/>
      </object_component>
      <object_component id="oc-a1">
         <name>.debug_abbrev</name>
         <load_address>0x83e</load_address>
         <run_address>0x83e</run_address>
         <size>0x24</size>
         <input_file_ref idref="fl-2"/>
      </object_component>
      <object_component id="oc-a4">
         <name>.debug_abbrev</name>
         <load_address>0x862</load_address>
         <run_address>0x862</run_address>
         <size>0x8e</size>
         <input_file_ref idref="fl-13a"/>
      </object_component>
      <object_component id="oc-a8">
         <name>.debug_abbrev</name>
         <load_address>0x8f0</load_address>
         <run_address>0x8f0</run_address>
         <size>0x49</size>
         <input_file_ref idref="fl-13a"/>
      </object_component>
      <object_component id="oc-b1">
         <name>.debug_abbrev</name>
         <load_address>0x939</load_address>
         <run_address>0x939</run_address>
         <size>0x27</size>
         <input_file_ref idref="fl-13d"/>
      </object_component>
      <object_component id="oc-b3">
         <name>.debug_abbrev</name>
         <load_address>0x960</load_address>
         <run_address>0x960</run_address>
         <size>0x29</size>
         <input_file_ref idref="fl-135"/>
      </object_component>
      <object_component id="oc-b5">
         <name>.debug_abbrev</name>
         <load_address>0x989</load_address>
         <run_address>0x989</run_address>
         <size>0x6b</size>
         <input_file_ref idref="fl-135"/>
      </object_component>
      <object_component id="oc-b7">
         <name>.debug_abbrev</name>
         <load_address>0x9f4</load_address>
         <run_address>0x9f4</run_address>
         <size>0x8c</size>
         <input_file_ref idref="fl-13c"/>
      </object_component>
      <object_component id="oc-bb">
         <name>.debug_abbrev</name>
         <load_address>0xa80</load_address>
         <run_address>0xa80</run_address>
         <size>0x4b</size>
         <input_file_ref idref="fl-13c"/>
      </object_component>
      <object_component id="oc-be">
         <name>.debug_abbrev</name>
         <load_address>0xacb</load_address>
         <run_address>0xacb</run_address>
         <size>0x51</size>
         <input_file_ref idref="fl-2"/>
      </object_component>
      <object_component id="oc-c0">
         <name>.debug_abbrev</name>
         <load_address>0xb1c</load_address>
         <run_address>0xb1c</run_address>
         <size>0x29</size>
         <input_file_ref idref="fl-2"/>
      </object_component>
      <object_component id="oc-c2">
         <name>.debug_abbrev</name>
         <load_address>0xb45</load_address>
         <run_address>0xb45</run_address>
         <size>0x3d</size>
         <input_file_ref idref="fl-2"/>
      </object_component>
      <object_component id="oc-c6">
         <name>.debug_abbrev</name>
         <load_address>0xb82</load_address>
         <run_address>0xb82</run_address>
         <size>0x49</size>
         <input_file_ref idref="fl-2"/>
      </object_component>
      <object_component id="oc-c9">
         <name>.debug_abbrev</name>
         <load_address>0xbcb</load_address>
         <run_address>0xbcb</run_address>
         <size>0x4d</size>
         <input_file_ref idref="fl-137"/>
      </object_component>
      <object_component id="oc-ca">
         <name>.debug_abbrev</name>
         <load_address>0xc18</load_address>
         <run_address>0xc18</run_address>
         <size>0xf7</size>
         <input_file_ref idref="fl-2"/>
      </object_component>
      <object_component id="oc-ce">
         <name>.debug_abbrev</name>
         <load_address>0xd0f</load_address>
         <run_address>0xd0f</run_address>
         <size>0x3a</size>
         <input_file_ref idref="fl-2"/>
      </object_component>
      <object_component id="oc-d1">
         <name>.debug_abbrev</name>
         <load_address>0xd49</load_address>
         <run_address>0xd49</run_address>
         <size>0x6a</size>
         <input_file_ref idref="fl-13d"/>
      </object_component>
      <object_component id="oc-f4">
         <name>.debug_abbrev</name>
         <load_address>0xdb3</load_address>
         <run_address>0xdb3</run_address>
         <size>0xf</size>
      </object_component>
      <object_component id="oc-4e">
         <name>.debug_pubtypes</name>
         <load_address>0x0</load_address>
         <run_address>0x0</run_address>
         <size>0x48</size>
         <input_file_ref idref="fl-13d"/>
      </object_component>
      <object_component id="oc-53">
         <name>.debug_pubtypes</name>
         <load_address>0x48</load_address>
         <run_address>0x48</run_address>
         <size>0x1f</size>
         <input_file_ref idref="fl-13d"/>
      </object_component>
      <object_component id="oc-57">
         <name>.debug_pubtypes</name>
         <load_address>0x67</load_address>
         <run_address>0x67</run_address>
         <size>0xff</size>
         <input_file_ref idref="fl-13d"/>
      </object_component>
      <object_component id="oc-5f">
         <name>.debug_pubtypes</name>
         <load_address>0x166</load_address>
         <run_address>0x166</run_address>
         <size>0xed</size>
         <input_file_ref idref="fl-2"/>
      </object_component>
      <object_component id="oc-64">
         <name>.debug_pubtypes</name>
         <load_address>0x253</load_address>
         <run_address>0x253</run_address>
         <size>0x1c6</size>
         <input_file_ref idref="fl-2"/>
      </object_component>
      <object_component id="oc-7f">
         <name>.debug_pubtypes</name>
         <load_address>0x419</load_address>
         <run_address>0x419</run_address>
         <size>0x1f</size>
         <input_file_ref idref="fl-135"/>
      </object_component>
      <object_component id="oc-84">
         <name>.debug_pubtypes</name>
         <load_address>0x438</load_address>
         <run_address>0x438</run_address>
         <size>0x1d</size>
         <input_file_ref idref="fl-2"/>
      </object_component>
      <object_component id="oc-9d">
         <name>.debug_pubtypes</name>
         <load_address>0x455</load_address>
         <run_address>0x455</run_address>
         <size>0x2c</size>
         <input_file_ref idref="fl-2"/>
      </object_component>
      <object_component id="oc-a0">
         <name>.debug_pubtypes</name>
         <load_address>0x481</load_address>
         <run_address>0x481</run_address>
         <size>0x1f</size>
         <input_file_ref idref="fl-2"/>
      </object_component>
      <object_component id="oc-a7">
         <name>.debug_pubtypes</name>
         <load_address>0x4a0</load_address>
         <run_address>0x4a0</run_address>
         <size>0x1b</size>
         <input_file_ref idref="fl-13a"/>
      </object_component>
      <object_component id="oc-ba">
         <name>.debug_pubtypes</name>
         <load_address>0x4bb</load_address>
         <run_address>0x4bb</run_address>
         <size>0x50</size>
         <input_file_ref idref="fl-13c"/>
      </object_component>
      <object_component id="oc-c5">
         <name>.debug_pubtypes</name>
         <load_address>0x50b</load_address>
         <run_address>0x50b</run_address>
         <size>0x20</size>
         <input_file_ref idref="fl-2"/>
      </object_component>
      <object_component id="oc-cd">
         <name>.debug_pubtypes</name>
         <load_address>0x52b</load_address>
         <run_address>0x52b</run_address>
         <size>0x2d</size>
         <input_file_ref idref="fl-2"/>
      </object_component>
      <object_component id="oc-51">
         <name>.debug_str</name>
         <load_address>0x0</load_address>
         <run_address>0x0</run_address>
         <size>0xbd</size>
         <input_file_ref idref="fl-13d"/>
      </object_component>
      <object_component id="oc-5a">
         <name>.debug_str</name>
         <load_address>0xbd</load_address>
         <run_address>0xbd</run_address>
         <size>0xf5</size>
         <input_file_ref idref="fl-13d"/>
      </object_component>
      <object_component id="oc-62">
         <name>.debug_str</name>
         <load_address>0x1b2</load_address>
         <run_address>0x1b2</run_address>
         <size>0xf5</size>
         <input_file_ref idref="fl-2"/>
      </object_component>
      <object_component id="oc-67">
         <name>.debug_str</name>
         <load_address>0x2a7</load_address>
         <run_address>0x2a7</run_address>
         <size>0x1fc</size>
         <input_file_ref idref="fl-2"/>
      </object_component>
      <object_component id="oc-87">
         <name>.debug_str</name>
         <load_address>0x4a3</load_address>
         <run_address>0x4a3</run_address>
         <size>0xbf</size>
         <input_file_ref idref="fl-2"/>
      </object_component>
      <object_component id="oc-a3">
         <name>.debug_str</name>
         <load_address>0x562</load_address>
         <run_address>0x562</run_address>
         <size>0xab</size>
         <input_file_ref idref="fl-2"/>
      </object_component>
      <object_component id="oc-aa">
         <name>.debug_str</name>
         <load_address>0x60d</load_address>
         <run_address>0x60d</run_address>
         <size>0x8b</size>
         <input_file_ref idref="fl-13a"/>
      </object_component>
      <object_component id="oc-bd">
         <name>.debug_str</name>
         <load_address>0x698</load_address>
         <run_address>0x698</run_address>
         <size>0xf3</size>
         <input_file_ref idref="fl-13c"/>
      </object_component>
      <object_component id="oc-c8">
         <name>.debug_str</name>
         <load_address>0x78b</load_address>
         <run_address>0x78b</run_address>
         <size>0x1d8</size>
         <input_file_ref idref="fl-2"/>
      </object_component>
      <object_component id="oc-d0">
         <name>.debug_str</name>
         <load_address>0x963</load_address>
         <run_address>0x963</run_address>
         <size>0x161</size>
         <input_file_ref idref="fl-2"/>
      </object_component>
   </object_component_list>
   <logical_group_list>
      <logical_group id="lg-3" display="no" color="cyan">
         <name>.intvecs</name>
         <load_address>0x0</load_address>
         <run_address>0x0</run_address>
         <size>0x26c</size>
         <contents>
            <object_component_ref idref="oc-e"/>
         </contents>
      </logical_group>
      <logical_group id="lg-4" display="no" color="cyan">
         <name>.text</name>
         <load_address>0x26c</load_address>
         <run_address>0x26c</run_address>
         <size>0x3cfe</size>
         <contents>
            <object_component_ref idref="oc-6f"/>
            <object_component_ref idref="oc-47"/>
            <object_component_ref idref="oc-32"/>
            <object_component_ref idref="oc-96"/>
            <object_component_ref idref="oc-22"/>
            <object_component_ref idref="oc-11"/>
            <object_component_ref idref="oc-68"/>
            <object_component_ref idref="oc-3d"/>
            <object_component_ref idref="oc-37"/>
            <object_component_ref idref="oc-ab"/>
            <object_component_ref idref="oc-1c"/>
            <object_component_ref idref="oc-16"/>
            <object_component_ref idref="oc-29"/>
            <object_component_ref idref="oc-8c"/>
         </contents>
      </logical_group>
      <logical_group id="lg-5" display="no" color="cyan">
         <name>.const</name>
         <load_address>0x3f6c</load_address>
         <run_address>0x3f6c</run_address>
         <size>0x3fc</size>
         <contents>
            <object_component_ref idref="oc-8d"/>
         </contents>
      </logical_group>
      <logical_group id="lg-6" display="no" color="cyan">
         <name>.cinit</name>
         <load_address>0x4368</load_address>
         <run_address>0x4368</run_address>
         <size>0x60</size>
         <contents>
            <object_component_ref idref="oc-f1"/>
            <object_component_ref idref="oc-ee"/>
            <object_component_ref idref="oc-f0"/>
            <object_component_ref idref="oc-ef"/>
         </contents>
      </logical_group>
      <logical_group id="lg-7" display="no" color="cyan">
         <name>.pinit</name>
         <run_address>0x0</run_address>
         <size>0x0</size>
         <contents>
         </contents>
      </logical_group>
      <logical_group id="lg-8" display="no" color="cyan">
         <name>.init_array</name>
         <run_address>0x0</run_address>
         <size>0x0</size>
         <contents>
         </contents>
      </logical_group>
      <logical_group id="lg-9" display="no" color="cyan">
         <name>.vtable</name>
         <run_address>0x20000000</run_address>
         <size>0x26c</size>
         <contents>
            <object_component_ref idref="oc-90"/>
         </contents>
      </logical_group>
      <logical_group id="lg-a" display="no" color="cyan">
         <name>.data</name>
         <run_address>0x2000046c</run_address>
         <size>0x84</size>
         <contents>
            <object_component_ref idref="oc-43"/>
            <object_component_ref idref="oc-77"/>
            <object_component_ref idref="oc-7a"/>
            <object_component_ref idref="oc-93"/>
         </contents>
      </logical_group>
      <logical_group id="lg-b" display="no" color="cyan">
         <name>.bss</name>
         <run_address>0x0</run_address>
         <size>0x0</size>
         <contents>
         </contents>
      </logical_group>
      <logical_group id="lg-c" display="no" color="cyan">
         <name>.sysmem</name>
         <run_address>0x0</run_address>
         <size>0x0</size>
         <contents>
         </contents>
      </logical_group>
      <logical_group id="lg-d" display="no" color="cyan">
         <name>.stack</name>
         <run_address>0x2000026c</run_address>
         <size>0x200</size>
         <contents>
            <object_component_ref idref="oc-28"/>
            <object_component_ref idref="oc-f2"/>
         </contents>
      </logical_group>
      <logical_group id="lg-de" display="never" color="cyan">
         <name>.debug_info</name>
         <load_address>0x0</load_address>
         <run_address>0x0</run_address>
         <size>0xfc8e</size>
         <contents>
            <object_component_ref idref="oc-f"/>
            <object_component_ref idref="oc-13"/>
            <object_component_ref idref="oc-17"/>
            <object_component_ref idref="oc-1d"/>
            <object_component_ref idref="oc-23"/>
            <object_component_ref idref="oc-2b"/>
            <object_component_ref idref="oc-31"/>
            <object_component_ref idref="oc-33"/>
            <object_component_ref idref="oc-3b"/>
            <object_component_ref idref="oc-41"/>
            <object_component_ref idref="oc-44"/>
            <object_component_ref idref="oc-48"/>
            <object_component_ref idref="oc-4d"/>
            <object_component_ref idref="oc-52"/>
            <object_component_ref idref="oc-56"/>
            <object_component_ref idref="oc-5e"/>
            <object_component_ref idref="oc-63"/>
            <object_component_ref idref="oc-6b"/>
            <object_component_ref idref="oc-70"/>
            <object_component_ref idref="oc-76"/>
            <object_component_ref idref="oc-78"/>
            <object_component_ref idref="oc-7b"/>
            <object_component_ref idref="oc-7e"/>
            <object_component_ref idref="oc-83"/>
            <object_component_ref idref="oc-8b"/>
            <object_component_ref idref="oc-8e"/>
            <object_component_ref idref="oc-91"/>
            <object_component_ref idref="oc-94"/>
            <object_component_ref idref="oc-99"/>
            <object_component_ref idref="oc-9c"/>
            <object_component_ref idref="oc-9f"/>
            <object_component_ref idref="oc-a6"/>
            <object_component_ref idref="oc-ac"/>
            <object_component_ref idref="oc-b9"/>
            <object_component_ref idref="oc-c4"/>
            <object_component_ref idref="oc-cc"/>
            <object_component_ref idref="oc-f3"/>
         </contents>
      </logical_group>
      <logical_group id="lg-e0" display="never" color="cyan">
         <name>.debug_pubnames</name>
         <load_address>0x0</load_address>
         <run_address>0x0</run_address>
         <size>0x1952</size>
         <contents>
            <object_component_ref idref="oc-10"/>
            <object_component_ref idref="oc-14"/>
            <object_component_ref idref="oc-19"/>
            <object_component_ref idref="oc-1e"/>
            <object_component_ref idref="oc-24"/>
            <object_component_ref idref="oc-2d"/>
            <object_component_ref idref="oc-34"/>
            <object_component_ref idref="oc-3c"/>
            <object_component_ref idref="oc-42"/>
            <object_component_ref idref="oc-45"/>
            <object_component_ref idref="oc-4a"/>
            <object_component_ref idref="oc-6c"/>
            <object_component_ref idref="oc-72"/>
            <object_component_ref idref="oc-79"/>
            <object_component_ref idref="oc-7c"/>
            <object_component_ref idref="oc-8f"/>
            <object_component_ref idref="oc-92"/>
            <object_component_ref idref="oc-95"/>
            <object_component_ref idref="oc-9a"/>
            <object_component_ref idref="oc-9e"/>
            <object_component_ref idref="oc-ae"/>
         </contents>
      </logical_group>
      <logical_group id="lg-e2" display="never" color="cyan">
         <name>.debug_aranges</name>
         <load_address>0x0</load_address>
         <run_address>0x0</run_address>
         <size>0x970</size>
         <contents>
            <object_component_ref idref="oc-12"/>
            <object_component_ref idref="oc-18"/>
            <object_component_ref idref="oc-1f"/>
            <object_component_ref idref="oc-25"/>
            <object_component_ref idref="oc-2c"/>
            <object_component_ref idref="oc-35"/>
            <object_component_ref idref="oc-3a"/>
            <object_component_ref idref="oc-3f"/>
            <object_component_ref idref="oc-49"/>
            <object_component_ref idref="oc-69"/>
            <object_component_ref idref="oc-71"/>
            <object_component_ref idref="oc-97"/>
            <object_component_ref idref="oc-ad"/>
         </contents>
      </logical_group>
      <logical_group id="lg-e4" display="never" color="cyan">
         <name>.debug_line</name>
         <load_address>0x0</load_address>
         <run_address>0x0</run_address>
         <size>0x3d7e</size>
         <contents>
            <object_component_ref idref="oc-15"/>
            <object_component_ref idref="oc-1b"/>
            <object_component_ref idref="oc-21"/>
            <object_component_ref idref="oc-27"/>
            <object_component_ref idref="oc-2a"/>
            <object_component_ref idref="oc-30"/>
            <object_component_ref idref="oc-36"/>
            <object_component_ref idref="oc-39"/>
            <object_component_ref idref="oc-40"/>
            <object_component_ref idref="oc-4b"/>
            <object_component_ref idref="oc-50"/>
            <object_component_ref idref="oc-59"/>
            <object_component_ref idref="oc-5d"/>
            <object_component_ref idref="oc-61"/>
            <object_component_ref idref="oc-66"/>
            <object_component_ref idref="oc-6d"/>
            <object_component_ref idref="oc-73"/>
            <object_component_ref idref="oc-81"/>
            <object_component_ref idref="oc-86"/>
            <object_component_ref idref="oc-89"/>
            <object_component_ref idref="oc-98"/>
            <object_component_ref idref="oc-a2"/>
            <object_component_ref idref="oc-a5"/>
            <object_component_ref idref="oc-a9"/>
            <object_component_ref idref="oc-af"/>
            <object_component_ref idref="oc-b2"/>
            <object_component_ref idref="oc-b4"/>
            <object_component_ref idref="oc-b6"/>
            <object_component_ref idref="oc-b8"/>
            <object_component_ref idref="oc-bc"/>
            <object_component_ref idref="oc-bf"/>
            <object_component_ref idref="oc-c1"/>
            <object_component_ref idref="oc-c3"/>
            <object_component_ref idref="oc-c7"/>
            <object_component_ref idref="oc-cb"/>
            <object_component_ref idref="oc-cf"/>
         </contents>
      </logical_group>
      <logical_group id="lg-e6" display="never" color="cyan">
         <name>.debug_frame</name>
         <load_address>0x0</load_address>
         <run_address>0x0</run_address>
         <size>0x1776</size>
         <contents>
            <object_component_ref idref="oc-1a"/>
            <object_component_ref idref="oc-20"/>
            <object_component_ref idref="oc-26"/>
            <object_component_ref idref="oc-2e"/>
            <object_component_ref idref="oc-38"/>
            <object_component_ref idref="oc-3e"/>
            <object_component_ref idref="oc-6a"/>
            <object_component_ref idref="oc-74"/>
            <object_component_ref idref="oc-b0"/>
         </contents>
      </logical_group>
      <logical_group id="lg-e8" display="never" color="cyan">
         <name>.debug_abbrev</name>
         <load_address>0x0</load_address>
         <run_address>0x0</run_address>
         <size>0xdc2</size>
         <contents>
            <object_component_ref idref="oc-2f"/>
            <object_component_ref idref="oc-46"/>
            <object_component_ref idref="oc-4c"/>
            <object_component_ref idref="oc-4f"/>
            <object_component_ref idref="oc-54"/>
            <object_component_ref idref="oc-55"/>
            <object_component_ref idref="oc-58"/>
            <object_component_ref idref="oc-5b"/>
            <object_component_ref idref="oc-5c"/>
            <object_component_ref idref="oc-60"/>
            <object_component_ref idref="oc-65"/>
            <object_component_ref idref="oc-6e"/>
            <object_component_ref idref="oc-75"/>
            <object_component_ref idref="oc-7d"/>
            <object_component_ref idref="oc-80"/>
            <object_component_ref idref="oc-82"/>
            <object_component_ref idref="oc-85"/>
            <object_component_ref idref="oc-88"/>
            <object_component_ref idref="oc-8a"/>
            <object_component_ref idref="oc-9b"/>
            <object_component_ref idref="oc-a1"/>
            <object_component_ref idref="oc-a4"/>
            <object_component_ref idref="oc-a8"/>
            <object_component_ref idref="oc-b1"/>
            <object_component_ref idref="oc-b3"/>
            <object_component_ref idref="oc-b5"/>
            <object_component_ref idref="oc-b7"/>
            <object_component_ref idref="oc-bb"/>
            <object_component_ref idref="oc-be"/>
            <object_component_ref idref="oc-c0"/>
            <object_component_ref idref="oc-c2"/>
            <object_component_ref idref="oc-c6"/>
            <object_component_ref idref="oc-c9"/>
            <object_component_ref idref="oc-ca"/>
            <object_component_ref idref="oc-ce"/>
            <object_component_ref idref="oc-d1"/>
            <object_component_ref idref="oc-f4"/>
         </contents>
      </logical_group>
      <logical_group id="lg-ea" display="never" color="cyan">
         <name>.debug_pubtypes</name>
         <load_address>0x0</load_address>
         <run_address>0x0</run_address>
         <size>0x558</size>
         <contents>
            <object_component_ref idref="oc-4e"/>
            <object_component_ref idref="oc-53"/>
            <object_component_ref idref="oc-57"/>
            <object_component_ref idref="oc-5f"/>
            <object_component_ref idref="oc-64"/>
            <object_component_ref idref="oc-7f"/>
            <object_component_ref idref="oc-84"/>
            <object_component_ref idref="oc-9d"/>
            <object_component_ref idref="oc-a0"/>
            <object_component_ref idref="oc-a7"/>
            <object_component_ref idref="oc-ba"/>
            <object_component_ref idref="oc-c5"/>
            <object_component_ref idref="oc-cd"/>
         </contents>
      </logical_group>
      <logical_group id="lg-ec" display="never" color="cyan">
         <name>.debug_str</name>
         <load_address>0x0</load_address>
         <run_address>0x0</run_address>
         <size>0xac4</size>
         <contents>
            <object_component_ref idref="oc-51"/>
            <object_component_ref idref="oc-5a"/>
            <object_component_ref idref="oc-62"/>
            <object_component_ref idref="oc-67"/>
            <object_component_ref idref="oc-87"/>
            <object_component_ref idref="oc-a3"/>
            <object_component_ref idref="oc-aa"/>
            <object_component_ref idref="oc-bd"/>
            <object_component_ref idref="oc-c8"/>
            <object_component_ref idref="oc-d0"/>
         </contents>
      </logical_group>
      <load_segment id="lg-f7" display="no" color="cyan">
         <name>SEGMENT_0</name>
         <load_address>0x0</load_address>
         <run_address>0x0</run_address>
         <size>0x43c8</size>
         <flags>0x5</flags>
         <contents>
            <logical_group_ref idref="lg-3"/>
            <logical_group_ref idref="lg-4"/>
            <logical_group_ref idref="lg-5"/>
            <logical_group_ref idref="lg-6"/>
         </contents>
      </load_segment>
      <load_segment id="lg-f8" display="no" color="cyan">
         <name>SEGMENT_1</name>
         <run_address>0x20000000</run_address>
         <size>0x4f0</size>
         <flags>0x6</flags>
         <contents>
            <logical_group_ref idref="lg-9"/>
            <logical_group_ref idref="lg-d"/>
            <logical_group_ref idref="lg-a"/>
         </contents>
      </load_segment>
   </logical_group_list>
   <placement_map>
      <memory_area display="yes" color="green">
         <name>FLASH</name>
         <page_id>0x0</page_id>
         <origin>0x0</origin>
         <length>0x40000</length>
         <used_space>0x43c6</used_space>
         <unused_space>0x3bc3a</unused_space>
         <attributes>RX</attributes>
         <usage_details>
            <allocated_space>
               <start_address>0x0</start_address>
               <size>0x26c</size>
               <logical_group_ref idref="lg-3"/>
            </allocated_space>
            <allocated_space>
               <start_address>0x26c</start_address>
               <size>0x3cfe</size>
               <logical_group_ref idref="lg-4"/>
            </allocated_space>
            <available_space>
               <start_address>0x3f6a</start_address>
               <size>0x2</size>
            </available_space>
            <allocated_space>
               <start_address>0x3f6c</start_address>
               <size>0x3fc</size>
               <logical_group_ref idref="lg-5"/>
            </allocated_space>
            <allocated_space>
               <start_address>0x4368</start_address>
               <size>0x60</size>
               <logical_group_ref idref="lg-6"/>
            </allocated_space>
            <available_space>
               <start_address>0x43c8</start_address>
               <size>0x3bc38</size>
            </available_space>
         </usage_details>
      </memory_area>
      <memory_area display="yes" color="green">
         <name>SRAM</name>
         <page_id>0x0</page_id>
         <origin>0x20000000</origin>
         <length>0x8000</length>
         <used_space>0x4f0</used_space>
         <unused_space>0x7b10</unused_space>
         <attributes>RWX</attributes>
         <usage_details>
            <allocated_space>
               <start_address>0x20000000</start_address>
               <size>0x26c</size>
               <logical_group_ref idref="lg-9"/>
            </allocated_space>
            <allocated_space>
               <start_address>0x2000026c</start_address>
               <size>0x200</size>
               <logical_group_ref idref="lg-d"/>
            </allocated_space>
            <allocated_space>
               <start_address>0x2000046c</start_address>
               <size>0x84</size>
               <logical_group_ref idref="lg-a"/>
            </allocated_space>
            <available_space>
               <start_address>0x200004f0</start_address>
               <size>0x7b10</size>
            </available_space>
         </usage_details>
      </memory_area>
   </placement_map>
   <cptbl_list>
      <cptbl>
         <name>__TI_cinit_table</name>
         <cprec>
            <name>.data</name>
            <load_address>0x4368</load_address>
            <load_size>0x36</load_size>
            <run_address>0x2000046c</run_address>
            <run_size>0x84</run_size>
            <compression>rle</compression>
         </cprec>
         <cprec>
            <name>.vtable</name>
            <load_address>0x43b0</load_address>
            <load_size>0x8</load_size>
            <run_address>0x20000000</run_address>
            <run_size>0x26c</run_size>
            <compression>zero_init</compression>
         </cprec>
      </cptbl>
   </cptbl_list>
   <handler_table>
      <handler_table_name>__TI_handler_table</handler_table_name>
      <handler>
         <index>0x0</index>
         <name>__TI_zero_init</name>
      </handler>
      <handler>
         <index>0x1</index>
         <name>__TI_decompress_rle24</name>
      </handler>
      <handler>
         <index>0x2</index>
         <name>__TI_decompress_none</name>
      </handler>
   </handler_table>
   <symbol_table>
      <symbol id="sm-1">
         <name>__STACK_TOP</name>
         <value>0x2000046c</value>
      </symbol>
      <symbol id="sm-2">
         <name>__TI_CINIT_Base</name>
         <value>0x43b8</value>
      </symbol>
      <symbol id="sm-3">
         <name>__TI_CINIT_Limit</name>
         <value>0x43c8</value>
      </symbol>
      <symbol id="sm-4">
         <name>__TI_Handler_Table_Base</name>
         <value>0x43a0</value>
      </symbol>
      <symbol id="sm-5">
         <name>__TI_Handler_Table_Limit</name>
         <value>0x43ac</value>
      </symbol>
      <symbol id="sm-6">
         <name>binit</name>
         <value>0xffffffff</value>
      </symbol>
      <symbol id="sm-7">
         <name>__binit__</name>
         <value>0xffffffff</value>
      </symbol>
      <symbol id="sm-8">
         <name>__STACK_SIZE</name>
         <value>0x200</value>
      </symbol>
      <symbol id="sm-9">
         <name>__STACK_END</name>
         <value>0x2000046c</value>
      </symbol>
      <symbol id="sm-a">
         <name>__c_args__</name>
         <value>0xffffffff</value>
      </symbol>
      <symbol id="sm-2bf">
         <name>wristClockWise</name>
         <value>0x2e7</value>
         <object_component_ref idref="oc-6f"/>
      </symbol>
      <symbol id="sm-2c0">
         <name>GPIOPinTypePWM</name>
         <value>0x33bb</value>
         <object_component_ref idref="oc-6f"/>
      </symbol>
      <symbol id="sm-2c1">
         <name>SysCtlGPIOAHBEnable</name>
         <value>0x23af</value>
         <object_component_ref idref="oc-6f"/>
      </symbol>
      <symbol id="sm-2c2">
         <name>TimerMatchSet</name>
         <value>0x1703</value>
         <object_component_ref idref="oc-6f"/>
      </symbol>
      <symbol id="sm-2c3">
         <name>SysCtlIntRegister</name>
         <value>0x2229</value>
         <object_component_ref idref="oc-6f"/>
      </symbol>
      <symbol id="sm-2c4">
         <name>SysCtlFlashSizeGet</name>
         <value>0x23dd</value>
         <object_component_ref idref="oc-6f"/>
      </symbol>
      <symbol id="sm-2c5">
         <name>SoftUARTParityModeSet</name>
         <value>0x28ad</value>
         <object_component_ref idref="oc-6f"/>
      </symbol>
      <symbol id="sm-2c6">
         <name>IntPendClear</name>
         <value>0x2e1f</value>
         <object_component_ref idref="oc-6f"/>
      </symbol>
      <symbol id="sm-2c7">
         <name>UARTClockSourceGet</name>
         <value>0x14cb</value>
         <object_component_ref idref="oc-6f"/>
      </symbol>
      <symbol id="sm-2c8">
         <name>UARTCharPutNonBlocking</name>
         <value>0x14dd</value>
         <object_component_ref idref="oc-6f"/>
      </symbol>
      <symbol id="sm-2c9">
         <name>IntPriorityGroupingGet</name>
         <value>0x2d31</value>
         <object_component_ref idref="oc-6f"/>
      </symbol>
      <symbol id="sm-2ca">
         <name>SoftUARTFIFOLevelGet</name>
         <value>0x29a5</value>
         <object_component_ref idref="oc-6f"/>
      </symbol>
      <symbol id="sm-2cb">
         <name>UARTDMAEnable</name>
         <value>0x148d</value>
         <object_component_ref idref="oc-6f"/>
      </symbol>
      <symbol id="sm-2cc">
         <name>SysCtlPeripheralDeepSleepEnable</name>
         <value>0x2001</value>
         <object_component_ref idref="oc-6f"/>
      </symbol>
      <symbol id="sm-2cd">
         <name>UARTTxIntModeSet</name>
         <value>0x1003</value>
         <object_component_ref idref="oc-6f"/>
      </symbol>
      <symbol id="sm-2ce">
         <name>GPIOPinIntClear</name>
         <value>0x24ed</value>
         <object_component_ref idref="oc-6f"/>
      </symbol>
      <symbol id="sm-2cf">
         <name>GPIOPinConfigure</name>
         <value>0x4c1</value>
         <object_component_ref idref="oc-6f"/>
      </symbol>
      <symbol id="sm-2d0">
         <name>elbowClockWise</name>
         <value>0xfb1</value>
         <object_component_ref idref="oc-6f"/>
      </symbol>
      <symbol id="sm-2d1">
         <name>SoftUARTCharPutNonBlocking</name>
         <value>0x2b8b</value>
         <object_component_ref idref="oc-6f"/>
      </symbol>
      <symbol id="sm-2d2">
         <name>TimerLoadSet</name>
         <value>0x173d</value>
         <object_component_ref idref="oc-6f"/>
      </symbol>
      <symbol id="sm-2d3">
         <name>SoftUARTBreakCtl</name>
         <value>0x2cb3</value>
         <object_component_ref idref="oc-6f"/>
      </symbol>
      <symbol id="sm-2d4">
         <name>GPIOPinTypeGPIOOutputOD</name>
         <value>0x378f</value>
         <object_component_ref idref="oc-6f"/>
      </symbol>
      <symbol id="sm-2d5">
         <name>GPIOPortIntUnregister</name>
         <value>0x301f</value>
         <object_component_ref idref="oc-6f"/>
      </symbol>
      <symbol id="sm-2d6">
         <name>UARTFIFODisable</name>
         <value>0x1463</value>
         <object_component_ref idref="oc-6f"/>
      </symbol>
      <symbol id="sm-2d7">
         <name>GPIOPinTypeI2CSCL</name>
         <value>0x35f5</value>
         <object_component_ref idref="oc-6f"/>
      </symbol>
      <symbol id="sm-2d8">
         <name>SoftUARTIntDisable</name>
         <value>0x28d7</value>
         <object_component_ref idref="oc-6f"/>
      </symbol>
      <symbol id="sm-2d9">
         <name>SysCtlIntDisable</name>
         <value>0x2295</value>
         <object_component_ref idref="oc-6f"/>
      </symbol>
      <symbol id="sm-2da">
         <name>SoftUARTCharsAvail</name>
         <value>0x2b7d</value>
         <object_component_ref idref="oc-6f"/>
      </symbol>
      <symbol id="sm-2db">
         <name>GPIOPinTypeUSBAnalog</name>
         <value>0x31f3</value>
         <object_component_ref idref="oc-6f"/>
      </symbol>
      <symbol id="sm-2dc">
         <name>dynoSpeedSet</name>
         <value>0xe2f</value>
         <object_component_ref idref="oc-6f"/>
      </symbol>
      <symbol id="sm-2dd">
         <name>setForward</name>
         <value>0x273</value>
         <object_component_ref idref="oc-6f"/>
      </symbol>
      <symbol id="sm-2de">
         <name>SoftUARTRxErrorGet</name>
         <value>0x284f</value>
         <object_component_ref idref="oc-6f"/>
      </symbol>
      <symbol id="sm-2df">
         <name>UARTIntUnregister</name>
         <value>0x1125</value>
         <object_component_ref idref="oc-6f"/>
      </symbol>
      <symbol id="sm-2e0">
         <name>initHardware</name>
         <value>0x9f7</value>
         <object_component_ref idref="oc-6f"/>
      </symbol>
      <symbol id="sm-2e1">
         <name>SoftUARTRxTick</name>
         <value>0x250d</value>
         <object_component_ref idref="oc-6f"/>
      </symbol>
      <symbol id="sm-2e2">
         <name>CPUbasepriGet</name>
         <value>0x2d03</value>
         <object_component_ref idref="oc-6f"/>
      </symbol>
[...]
         <value>0x1c01</value>
         <object_component_ref idref="oc-6f"/>
      </symbol>
      <symbol id="sm-35f">
         <name>UARTEnable</name>
         <value>0x68f</value>
         <object_component_ref idref="oc-6f"/>
      </symbol>
      <symbol id="sm-360">
         <name>SoftUARTTxTimerTick</name>
         <value>0x19b5</value>
         <object_component_ref idref="oc-6f"/>
      </symbol>
      <symbol id="sm-361">
         <name>TimerQuiesce</name>
         <value>0x1687</value>
         <object_component_ref idref="oc-6f"/>
      </symbol>
      <symbol id="sm-362">
         <name>SysCtlClockGet</name>
         <value>0x715</value>
         <object_component_ref idref="oc-6f"/>
      </symbol>
      <symbol id="sm-363">
         <name>SysCtlClkVerificationClear</name>
         <value>0x241d</value>
         <object_component_ref idref="oc-6f"/>
      </symbol>
      <symbol id="sm-364">
         <name>baseCounterClockWise</name>
         <value>0xe8f</value>
         <object_component_ref idref="oc-6f"/>
      </symbol>
      <symbol id="sm-365">
         <name>FORWARD_CHARACTER</name>
         <value>0x3f6c</value>
         <object_component_ref idref="oc-8d"/>
      </symbol>
      <symbol id="sm-366">
         <name>TimerPrescaleSet</name>
         <value>0x16c3</value>
         <object_component_ref idref="oc-6f"/>
      </symbol>
      <symbol id="sm-367">
         <name>GPIOPinTypeFan</name>
         <value>0x3801</value>
         <object_component_ref idref="oc-6f"/>
      </symbol>
      <symbol id="sm-368">
         <name>UART9BitAddrSend</name>
         <value>0x154b</value>
         <object_component_ref idref="oc-6f"/>
      </symbol>
      <symbol id="sm-369">
         <name>UARTModemControlGet</name>
         <value>0x107b</value>
         <object_component_ref idref="oc-6f"/>
      </symbol>
      <symbol id="sm-36a">
         <name>SysCtlPeripheralDisable</name>
         <value>0x1f9d</value>
         <object_component_ref idref="oc-6f"/>
      </symbol>
      <symbol id="sm-36b">
         <name>SoftUARTParityModeGet</name>
         <value>0x28b9</value>
         <object_component_ref idref="oc-6f"/>
      </symbol>
      <symbol id="sm-36c">
         <name>UARTSmartCardEnable</name>
         <value>0x1023</value>
         <object_component_ref idref="oc-6f"/>
      </symbol>
      <symbol id="sm-36d">
         <name>SysCtlLDOConfigSet</name>
         <value>0x21df</value>
         <object_component_ref idref="oc-6f"/>
      </symbol>
      <symbol id="sm-36e">
         <name>UARTFlowControlGet</name>
         <value>0x143b</value>
         <object_component_ref idref="oc-6f"/>
      </symbol>
      <symbol id="sm-36f">
         <name>GPIOPinTypeQEI</name>
         <value>0x3349</value>
         <object_component_ref idref="oc-6f"/>
      </symbol>
      <symbol id="sm-370">
         <name>TimerControlStall</name>
         <value>0x1945</value>
         <object_component_ref idref="oc-6f"/>
      </symbol>
      <symbol id="sm-371">
         <name>SoftUARTRxBufferSet</name>
         <value>0x285d</value>
         <object_component_ref idref="oc-6f"/>
      </symbol>
      <symbol id="sm-372">
         <name>CPUprimask</name>
         <value>0x3c2b</value>
         <object_component_ref idref="oc-6f"/>
      </symbol>
      <symbol id="sm-373">
         <name>IntPriorityMaskGet</name>
         <value>0x2d0d</value>
         <object_component_ref idref="oc-6f"/>
      </symbol>
      <symbol id="sm-374">
         <name>SoftUARTCharPut</name>
         <value>0x2bb1</value>
         <object_component_ref idref="oc-6f"/>
      </symbol>
      <symbol id="sm-375">
         <name>SoftUARTConfigGet</name>
         <value>0x2b73</value>
         <object_component_ref idref="oc-6f"/>
      </symbol>
      <symbol id="sm-376">
         <name>TimerMatchGet64</name>
         <value>0x1715</value>
         <object_component_ref idref="oc-6f"/>
      </symbol>
      <symbol id="sm-377">
         <name>SoftUARTTxGPIOSet</name>
         <value>0x246d</value>
         <object_component_ref idref="oc-6f"/>
      </symbol>
      <symbol id="sm-378">
         <name>TimerRTCEnable</name>
         <value>0x15a1</value>
         <object_component_ref idref="oc-6f"/>
      </symbol>
      <symbol id="sm-379">
         <name>UARTFIFOEnable</name>
         <value>0x1459</value>
         <object_component_ref idref="oc-6f"/>
      </symbol>
      <symbol id="sm-37a">
         <name>SysCtlBrownOutConfigSet</name>
         <value>0x242f</value>
         <object_component_ref idref="oc-6f"/>
      </symbol>
      <symbol id="sm-37b">
         <name>SysCtlMOSCVerificationSet</name>
         <value>0x2195</value>
         <object_component_ref idref="oc-6f"/>
      </symbol>
      <symbol id="sm-37c">
         <name>SysCtlIOSCVerificationSet</name>
         <value>0x22b3</value>
         <object_component_ref idref="oc-6f"/>
      </symbol>
      <symbol id="sm-37d">
         <name>GPIODMATriggerEnable</name>
         <value>0x3bf7</value>
         <object_component_ref idref="oc-6f"/>
      </symbol>
      <symbol id="sm-37e">
         <name>TimerLoadGet</name>
         <value>0x1765</value>
         <object_component_ref idref="oc-6f"/>
      </symbol>
      <symbol id="sm-37f">
         <name>UARTIntClear</name>
         <value>0x142b</value>
         <object_component_ref idref="oc-6f"/>
      </symbol>
      <symbol id="sm-380">
         <name>UARTIntStatus</name>
         <value>0x1215</value>
         <object_component_ref idref="oc-6f"/>
      </symbol>
      <symbol id="sm-381">
         <name>txBuffer</name>
         <value>0x2000047e</value>
         <object_component_ref idref="oc-93"/>
      </symbol>
      <symbol id="sm-382">
         <name>GPIOPinTypeEthernetMII</name>
         <value>0x3873</value>
         <object_component_ref idref="oc-6f"/>
      </symbol>
      <symbol id="sm-383">
         <name>GPIOPinWrite</name>
         <value>0x26d</value>
         <object_component_ref idref="oc-6f"/>
      </symbol>
      <symbol id="sm-384">
         <name>UARTDMADisable</name>
         <value>0x1495</value>
         <object_component_ref idref="oc-6f"/>
      </symbol>
      <symbol id="sm-385">
         <name>SysCtlPWMClockSet</name>
         <value>0x20ef</value>
         <object_component_ref idref="oc-6f"/>
      </symbol>
      <symbol id="sm-386">
         <name>SysCtlPLLVerificationSet</name>
         <value>0x211b</value>
         <object_component_ref idref="oc-6f"/>
      </symbol>
      <symbol id="sm-387">
         <name>GPIOPadConfigSet</name>
         <value>0x53f</value>
         <object_component_ref idref="oc-6f"/>
      </symbol>
      <symbol id="sm-388">
         <name>g_pfnRAMVectors</name>
         <value>0x20000000</value>
         <object_component_ref idref="oc-90"/>
      </symbol>
      <symbol id="sm-389">
         <name>GPIOPinTypeSSI</name>
         <value>0x32d7</value>
         <object_component_ref idref="oc-6f"/>
      </symbol>
      <symbol id="sm-38a">
         <name>TimerIntEnable</name>
         <value>0x18bf</value>
         <object_component_ref idref="oc-6f"/>
      </symbol>
      <symbol id="sm-38b">
         <name>SysCtlUSBPLLEnable</name>
         <value>0x1bd9</value>
         <object_component_ref idref="oc-6f"/>
      </symbol>
      <symbol id="sm-38c">
         <name>SysCtlPeripheralSleepEnable</name>
         <value>0x1c63</value>
         <object_component_ref idref="oc-6f"/>
      </symbol>
      <symbol id="sm-38d">
         <name>SysCtlIntUnregister</name>
         <value>0x21eb</value>
         <object_component_ref idref="oc-6f"/>
      </symbol>
      <symbol id="sm-38e">
         <name>UART9BitEnable</name>
         <value>0x1525</value>
         <object_component_ref idref="oc-6f"/>
      </symbol>
      <symbol id="sm-38f">
         <name>TimerLoadSet64</name>
         <value>0x1735</value>
         <object_component_ref idref="oc-6f"/>
      </symbol>
      <symbol id="sm-390">
         <name>GPIOPortIntRegister</name>
         <value>0x30b7</value>
         <object_component_ref idref="oc-6f"/>
      </symbol>
      <symbol id="sm-391">
         <name>wristCounterClockWise</name>
         <value>0x2c9</value>
         <object_component_ref idref="oc-6f"/>
      </symbol>
      <symbol id="sm-392">
         <name>UARTSpaceAvail</name>
         <value>0x1017</value>
         <object_component_ref idref="oc-6f"/>
      </symbol>
      <symbol id="sm-393">
         <name>SysCtlLDOGet</name>
         <value>0x21d3</value>
         <object_component_ref idref="oc-6f"/>
      </symbol>
      <symbol id="sm-394">
         <name>GPIOPinTypeTimer</name>
         <value>0x3265</value>
         <object_component_ref idref="oc-6f"/>
      </symbol>
      <symbol id="sm-395">
         <name>UARTCharGet</name>
         <value>0x14f9</value>
         <object_component_ref idref="oc-6f"/>
      </symbol>
      <symbol id="sm-396">
         <name>SoftUARTIntStatus</name>
         <value>0x28c1</value>
         <object_component_ref idref="oc-6f"/>
      </symbol>
      <symbol id="sm-397">
         <name>UARTFIFOLevelSet</name>
         <value>0x1443</value>
         <object_component_ref idref="oc-6f"/>
      </symbol>
      <symbol id="sm-398">
         <name>TimerRTCDisable</name>
         <value>0x15ab</value>
         <object_component_ref idref="oc-6f"/>
      </symbol>
      <symbol id="sm-399">
         <name>UARTModemControlClear</name>
         <value>0x1083</value>
         <object_component_ref idref="oc-6f"/>
      </symbol>
      <symbol id="sm-39a">
         <name>GPIOPinTypeCAN</name>
         <value>0x3a3b</value>
         <object_component_ref idref="oc-6f"/>
      </symbol>
      <symbol id="sm-39b">
         <name>GPIOPinIntStatus</name>
         <value>0x3b1f</value>
         <object_component_ref idref="oc-6f"/>
      </symbol>
      <symbol id="sm-39c">
         <name>DYNO_CLOCKWISE</name>
         <value>0x3f70</value>
         <object_component_ref idref="oc-8d"/>
      </symbol>
      <symbol id="sm-39d">
         <name>TimerPrescaleMatchSet</name>
         <value>0x16d5</value>
         <object_component_ref idref="oc-6f"/>
      </symbol>
      <symbol id="sm-39e">
         <name>GPIOPinTypePECITx</name>
         <value>0x342d</value>
         <object_component_ref idref="oc-6f"/>
      </symbol>
      <symbol id="sm-39f">
         <name>TimerControlWaitOnTrigger</name>
         <value>0x18f7</value>
         <object_component_ref idref="oc-6f"/>
      </symbol>
      <symbol id="sm-3a0">
         <name>SysCtlUSBPLLDisable</name>
         <value>0x1beb</value>
         <object_component_ref idref="oc-6f"/>
      </symbol>
      <symbol id="sm-3a1">
         <name>CPUcpsie</name>
         <value>0x2e6f</value>
         <object_component_ref idref="oc-6f"/>
      </symbol>
      <symbol id="sm-3a2">
         <name>CPUcpsid</name>
         <value>0x2e85</value>
         <object_component_ref idref="oc-6f"/>
      </symbol>
      <symbol id="sm-3a3">
         <name>UARTParityModeGet</name>
         <value>0x105d</value>
         <object_component_ref idref="oc-6f"/>
      </symbol>
      <symbol id="sm-3a4">
         <name>UARTIntRegister</name>
         <value>0x12e9</value>
         <object_component_ref idref="oc-6f"/>
      </symbol>
      <symbol id="sm-3a5">
         <name>TimerConfigure</name>
         <value>0x1989</value>
         <object_component_ref idref="oc-6f"/>
      </symbol>
      <symbol id="sm-3a6">
         <name>SysCtlPinPresent</name>
         <value>0x1c4d</value>
         <object_component_ref idref="oc-6f"/>
      </symbol>
      <symbol id="sm-3a7">
         <name>TimerControlEvent</name>
         <value>0x1975</value>
         <object_component_ref idref="oc-6f"/>
      </symbol>
      <symbol id="sm-3a8">
         <name>CPUwfi</name>
         <value>0x1bfd</value>
         <object_component_ref idref="oc-6f"/>
      </symbol>
      <symbol id="sm-3a9">
         <name>SysCtlPeripheralReady</name>
         <value>0x1ddb</value>
         <object_component_ref idref="oc-6f"/>
      </symbol>
      <symbol id="sm-3aa">
         <name>SysCtlPIOSCCalibrate</name>
         <value>0x2141</value>
         <object_component_ref idref="oc-6f"/>
      </symbol>
      <symbol id="sm-3ab">
         <name>TimerIntClear</name>
         <value>0x18d1</value>
         <object_component_ref idref="oc-6f"/>
      </symbol>
      <symbol id="sm-3ac">
         <name>SysCtlResetCauseClear</name>
         <value>0x1c29</value>
         <object_component_ref idref="oc-6f"/>
      </symbol>
      <symbol id="sm-3ad">
         <name>IntMasterEnable</name>
         <value>0x2e7b</value>
         <object_component_ref idref="oc-6f"/>
      </symbol>
      <symbol id="sm-3ae">
         <name>SysCtlPeripheralReset</name>
         <value>0x1d2b</value>
         <object_component_ref idref="oc-6f"/>
      </symbol>
      <symbol id="sm-3af">
         <name>UARTBreakCtl</name>
         <value>0x1511</value>
         <object_component_ref idref="oc-6f"/>
      </symbol>
      <symbol id="sm-3b0">
         <name>GPIOPinTypePECIRx</name>
         <value>0x349f</value>
         <object_component_ref idref="oc-6f"/>
      </symbol>
      <symbol id="sm-3b1">
         <name>wristDown</name>
         <value>0x2b3</value>
         <object_component_ref idref="oc-6f"/>
      </symbol>
      <symbol id="sm-3b2">
         <name>GPIOPinTypeEPI</name>
         <value>0x3957</value>
         <object_component_ref idref="oc-6f"/>
      </symbol>
      <symbol id="sm-3b3">
         <name>UART9BitAddrSet</name>
         <value>0x1541</value>
         <object_component_ref idref="oc-6f"/>
      </symbol>
      <symbol id="sm-3b4">
         <name>GPIOPinTypeEthernetLED</name>
         <value>0x38e5</value>
         <object_component_ref idref="oc-6f"/>
      </symbol>
      <symbol id="sm-3b5">
         <name>IntPendSet</name>
         <value>0x2db9</value>
         <object_component_ref idref="oc-6f"/>
      </symbol>
      <symbol id="sm-3b6">
         <name>elbowCounterClockWise</name>
         <value>0xf93</value>
         <object_component_ref idref="oc-6f"/>
      </symbol>
      <symbol id="sm-3b7">
         <name>TimerSynchronize</name>
         <value>0x159d</value>
         <object_component_ref idref="oc-6f"/>
      </symbol>
      <symbol id="sm-3d3">
         <name>ResetISR</name>
         <value>0x3f59</value>
         <object_component_ref idref="oc-29"/>
      </symbol>
      <symbol id="sm-3d4">
         <name>g_pfnVectors</name>
         <value>0x0</value>
         <object_component_ref idref="oc-e"/>
      </symbol>
      <symbol id="sm-3e4">
         <name>_c_int00</name>
         <value>0x3e3d</value>
         <object_component_ref idref="oc-11"/>
      </symbol>
      <symbol id="sm-3e5">
         <name>__stack</name>
         <value>0x2000026c</value>
         <object_component_ref idref="oc-28"/>
      </symbol>
      <symbol id="sm-404">
         <name>C$$EXIT</name>
         <value>0x3ec9</value>
         <object_component_ref idref="oc-3d"/>
      </symbol>
      <symbol id="sm-405">
         <name>abort</name>
         <value>0x3ecd</value>
         <object_component_ref idref="oc-3d"/>
      </symbol>
      <symbol id="sm-406">
         <name>exit</name>
         <value>0x3ed5</value>
         <object_component_ref idref="oc-3d"/>
      </symbol>
      <symbol id="sm-407">
         <name>__TI_dtors_ptr</name>
         <value>0x200004e8</value>
         <object_component_ref idref="oc-7a"/>
      </symbol>
      <symbol id="sm-408">
         <name>__TI_cleanup_ptr</name>
         <value>0x200004e4</value>
         <object_component_ref idref="oc-7a"/>
      </symbol>
      <symbol id="sm-423">
         <name>memcpy</name>
         <value>0x3c35</value>
         <object_component_ref idref="oc-47"/>
      </symbol>
      <symbol id="sm-424">
         <name>__aeabi_memcpy</name>
         <value>0x3c35</value>
         <object_component_ref idref="oc-47"/>
      </symbol>
      <symbol id="sm-425">
         <name>__aeabi_memcpy8</name>
         <value>0x3c35</value>
         <object_component_ref idref="oc-47"/>
      </symbol>
      <symbol id="sm-426">
         <name>__aeabi_memcpy4</name>
         <value>0x3c35</value>
         <object_component_ref idref="oc-47"/>
      </symbol>
      <symbol id="sm-435">
         <name>__aeabi_memset</name>
         <value>0x3d67</value>
         <object_component_ref idref="oc-96"/>
      </symbol>
      <symbol id="sm-436">
         <name>memset</name>
         <value>0x3d6d</value>
         <object_component_ref idref="oc-96"/>
      </symbol>
      <symbol id="sm-437">
         <name>__aeabi_memset8</name>
         <value>0x3d67</value>
         <object_component_ref idref="oc-96"/>
      </symbol>
      <symbol id="sm-438">
         <name>__aeabi_memset4</name>
         <value>0x3d67</value>
         <object_component_ref idref="oc-96"/>
      </symbol>
      <symbol id="sm-439">
         <name>__aeabi_memclr8</name>
         <value>0x3d65</value>
         <object_component_ref idref="oc-96"/>
      </symbol>
      <symbol id="sm-43a">
         <name>__aeabi_memclr4</name>
         <value>0x3d65</value>
         <object_component_ref idref="oc-96"/>
      </symbol>
      <symbol id="sm-43b">
         <name>__aeabi_memclr</name>
         <value>0x3d65</value>
         <object_component_ref idref="oc-96"/>
      </symbol>
      <symbol id="sm-44f">
         <name>_args_main</name>
         <value>0x3f0d</value>
         <object_component_ref idref="oc-37"/>
      </symbol>
      <symbol id="sm-46c">
         <name>__TI_auto_init</name>
         <value>0x3cd1</value>
         <object_component_ref idref="oc-32"/>
      </symbol>
      <symbol id="sm-485">
         <name>copy_in</name>
         <value>0x3e85</value>
         <object_component_ref idref="oc-68"/>
      </symbol>
      <symbol id="sm-4d1">
         <name>__TI_decompress_rle24</name>
         <value>0x3ddf</value>
         <object_component_ref idref="oc-22"/>
      </symbol>
      <symbol id="sm-4d2">
         <name>_nop</name>
         <value>0x3f33</value>
         <object_component_ref idref="oc-ab"/>
      </symbol>
      <symbol id="sm-4d3">
         <name>__TI_zero_init</name>
         <value>0x3f39</value>
         <object_component_ref idref="oc-1c"/>
      </symbol>
      <symbol id="sm-4d4">
         <name>_lock</name>
         <value>0x200004dc</value>
         <object_component_ref idref="oc-77"/>
      </symbol>
      <symbol id="sm-4d5">
         <name>_unlock</name>
         <value>0x200004e0</value>
         <object_component_ref idref="oc-77"/>
      </symbol>
      <symbol id="sm-4d6">
         <name>_register_lock</name>
         <value>0x3f2b</value>
         <object_component_ref idref="oc-ab"/>
      </symbol>
      <symbol id="sm-4d7">
         <name>main_func_sp</name>
         <value>0x200004ec</value>
         <object_component_ref idref="oc-43"/>
      </symbol>
      <symbol id="sm-4d8">
         <name>_register_unlock</name>
         <value>0x3f25</value>
         <object_component_ref idref="oc-ab"/>
      </symbol>
      <symbol id="sm-4d9">
         <name>__TI_decompress_none</name>
         <value>0x3f4b</value>
         <object_component_ref idref="oc-16"/>
      </symbol>
      <symbol id="sm-4da">
         <name>__TI_static_base__</name>
         <value>0x0</value>
      </symbol>
      <symbol id="sm-4db">
         <name>__TI_args_main</name>
         <value>0x1</value>
      </symbol>
      <symbol id="sm-4dc">
         <name>SHT$$INIT_ARRAY$$Limit</name>
         <value>0x0</value>
      </symbol>
      <symbol id="sm-4dd">
         <name>SHT$$INIT_ARRAY$$Base</name>
         <value>0x0</value>
      </symbol>
      <symbol id="sm-4e1">
         <name>SysCtlSleep</name>
         <value>0x1bfd</value>
      </symbol>
   </symbol_table>
   <title>Link successful</title>
</link_info>
