******************************************************************************
                  TI ARM Linker PC v5.1.6                      
******************************************************************************
>> Linked Wed Feb 11 19:11:17 2015

OUTPUT FILE NAME:   <V4.out>
ENTRY POINT SYMBOL: "_c_int00"  address: 000009cd


MEMORY CONFIGURATION

         name            origin    length      used     unused   attr    fill
----------------------  --------  ---------  --------  --------  ----  --------
  FLASH                 00000000   00040000  00000d5c  0003f2a4  R  X
  SRAM                  20000000   00008000  00000114  00007eec  RW X


SEGMENT ALLOCATION MAP

run origin  load origin   length   init length attrs members
----------  ----------- ---------- ----------- ----- -------
00000000    00000000    00000d60   00000d60    r-x
  00000000    00000000    0000026c   0000026c    r-- .intvecs
  0000026c    0000026c    000009d4   000009d4    r-x .text
  00000c40    00000c40    000000fc   000000fc    r-- .const
  00000d40    00000d40    00000020   00000020    r-- .cinit
20000000    20000000    00000114   00000000    rw-
  20000000    20000000    00000100   00000000    rw- .stack
  20000100    20000100    00000014   00000000    rw- .data


SECTION ALLOCATION MAP

 output                                  attributes/
section   page    origin      length       input sections
--------  ----  ----------  ----------   ----------------
.intvecs   0    00000000    0000026c     
                  00000000    0000026c     startup_ccs.obj (.intvecs)

.init_array 
*          0    00000000    00000000     UNINITIALIZED

.text      0    0000026c    000009d4     
                  0000026c    00000130     armMainV4.obj (.text:GPIOPadConfigSet)
                  0000039c    00000130     armMainV4.obj (.text:initHardware)
                  000004cc    00000118     armMainV4.obj (.text:SysCtlClockGet)
                  000005e4    000000f0     armMainV4.obj (.text:SysCtlClockSet)
                  000006d4    0000009c     rtsv7M4_T_le_v4SPD16_eabi.lib : memcpy_t2.obj (.text)
                  00000770    00000094                                   : auto_init.obj (.text)
                  00000804    00000074     armMainV4.obj (.text:initDynos)
                  00000878    0000005e     rtsv7M4_T_le_v4SPD16_eabi.lib : copy_decompress_rle.obj (.text)
                  000008d6    00000058     dynamixel.obj (.text:dynoMove)
                  0000092e    00000056     dynamixel.obj (.text:dynoMultiModeSet)
                  00000984    00000048     armMainV4.obj (.text:GPIOPinConfigure)
                  000009cc    00000048     rtsv7M4_T_le_v4SPD16_eabi.lib : boot.obj (.text)
                  00000a14    00000044                                   : cpy_tbl.obj (.text)
                  00000a58    00000044                                   : exit.obj (.text)
                  00000a9c    00000042     armMainV4.obj (.text:UARTConfigSetExpClk)
                  00000ade    00000002     startup_ccs.obj (.text:FaultISR)
                  00000ae0    00000034     armMainV4.obj (.text:SysCtlPeripheralEnable)
                  00000b14    00000030     armMainV4.obj (.text:main)
                  00000b44    0000002a     armMainV4.obj (.text:GPIODirModeSet)
                  00000b6e    00000002     startup_ccs.obj (.text:IntDefaultHandler)
                  00000b70    0000001c     armMainV4.obj (.text:UARTDisable)
                  00000b8c    00000018     armMainV4.obj (.text:GPIOPinTypeGPIOOutput)
                  00000ba4    00000018     rtsv7M4_T_le_v4SPD16_eabi.lib : args_main.obj (.text)
                  00000bbc    00000018     dynamixel.obj (.text:switchCom)
                  00000bd4    00000014     armMainV4.obj (.text:UARTEnable)
                  00000be8    00000014     rtsv7M4_T_le_v4SPD16_eabi.lib : _lock.obj (.text)
                  00000bfc    00000012     armMainV4.obj (.text:GPIOPinTypeUART)
                  00000c0e    0000000e     rtsv7M4_T_le_v4SPD16_eabi.lib : copy_decompress_none.obj (.text:decompress:none)
                  00000c1c    0000000a     armMainV4.obj (.text:UARTCharPut)
                  00000c26    00000006     armMainV4.obj (.text:GPIOPinWrite)
                  00000c2c    00000006     startup_ccs.obj (.text:ResetISR)
                  00000c32    00000006     armMainV4.obj (.text:SysCtlDelay)
                  00000c38    00000006     rtsv7M4_T_le_v4SPD16_eabi.lib : copy_decompress_rle.obj (.text:decompress:rle24)
                  00000c3e    00000002     startup_ccs.obj (.text:NmiSR)

.const     0    00000c40    000000fc     
                  00000c40    00000090     armMainV4.obj (.const:g_pui32GPIOBaseAddrs)
                  00000cd0    0000006c     armMainV4.obj (.const:g_pui32Xtals)

.cinit     0    00000d40    00000020     
                  00000d40    0000000f     (.cinit..data.load) [load image, compression = rle]
                  00000d4f    00000001     --HOLE-- [fill = 0]
                  00000d50    00000008     (__TI_handler_table)
                  00000d58    00000008     (__TI_cinit_table)

.stack     0    20000000    00000100     UNINITIALIZED
                  20000000    00000100     --HOLE--

.data      0    20000100    00000014     UNINITIALIZED
                  20000100    00000008     rtsv7M4_T_le_v4SPD16_eabi.lib : _lock.obj (.data)
                  20000108    00000008                                   : exit.obj (.data)
                  20000110    00000004                                   : stkdepth_vars.obj (.data)


LINKER GENERATED COPY TABLES

__TI_cinit_table @ 00000d58 records: 1, size/record: 8, table size: 8
	.data: load addr=00000d40, load size=0000000f bytes, run addr=20000100, run size=00000014 bytes, compression=rle


LINKER GENERATED HANDLER TABLE

__TI_handler_table @ 00000d50 records: 2, size/record: 4, table size: 8
	index: 0, handler: __TI_decompress_rle24
	index: 1, handler: __TI_decompress_none


GLOBAL SYMBOLS: SORTED ALPHABETICALLY BY Name 

address    name
--------   ----
00000a59   C$$EXIT
00000b45   GPIODirModeSet
0000026d   GPIOPadConfigSet
00000985   GPIOPinConfigure
00000b8d   GPIOPinTypeGPIOOutput
00000bfd   GPIOPinTypeUART
00000c27   GPIOPinWrite
00000c2d   ResetISR
UNDEFED    SHT$$INIT_ARRAY$$Base
UNDEFED    SHT$$INIT_ARRAY$$Limit
000004cd   SysCtlClockGet
000005e5   SysCtlClockSet
00000c33   SysCtlDelay
00000ae1   SysCtlPeripheralEnable
00000c1d   UARTCharPut
00000a9d   UARTConfigSetExpClk
00000b71   UARTDisable
00000bd5   UARTEnable
20000100   __STACK_END
00000100   __STACK_SIZE
20000100   __STACK_TOP
00000d58   __TI_CINIT_Base
00000d60   __TI_CINIT_Limit
00000d50   __TI_Handler_Table_Base
00000d58   __TI_Handler_Table_Limit
00000001   __TI_args_main
00000771   __TI_auto_init
20000108   __TI_cleanup_ptr
00000c0f   __TI_decompress_none
00000c39   __TI_decompress_rle24
2000010c   __TI_dtors_ptr
00000000   __TI_static_base__
000006d5   __aeabi_memcpy
000006d5   __aeabi_memcpy4
000006d5   __aeabi_memcpy8
ffffffff   __binit__
ffffffff   __c_args__
20000000   __stack
00000ba5   _args_main
000009cd   _c_int00
20000100   _lock
00000bf7   _nop
00000bef   _register_lock
00000be9   _register_unlock
20000104   _unlock
00000a5d   abort
ffffffff   binit
00000a15   copy_in
000008d7   dynoMove
0000092f   dynoMultiModeSet
00000a65   exit
00000000   g_pfnVectors
00000805   initDynos
0000039d   initHardware
00000b15   main
20000110   main_func_sp
000006d5   memcpy
00000bbd   switchCom


GLOBAL SYMBOLS: SORTED BY Symbol Address 

address    name
--------   ----
00000000   __TI_static_base__
00000000   g_pfnVectors
00000001   __TI_args_main
00000100   __STACK_SIZE
0000026d   GPIOPadConfigSet
0000039d   initHardware
000004cd   SysCtlClockGet
000005e5   SysCtlClockSet
000006d5   __aeabi_memcpy
000006d5   __aeabi_memcpy4
000006d5   __aeabi_memcpy8
000006d5   memcpy
00000771   __TI_auto_init
00000805   initDynos
000008d7   dynoMove
0000092f   dynoMultiModeSet
00000985   GPIOPinConfigure
000009cd   _c_int00
00000a15   copy_in
00000a59   C$$EXIT
00000a5d   abort
00000a65   exit
00000a9d   UARTConfigSetExpClk
00000ae1   SysCtlPeripheralEnable
00000b15   main
00000b45   GPIODirModeSet
00000b71   UARTDisable
00000b8d   GPIOPinTypeGPIOOutput
00000ba5   _args_main
00000bbd   switchCom
00000bd5   UARTEnable
00000be9   _register_unlock
00000bef   _register_lock
00000bf7   _nop
00000bfd   GPIOPinTypeUART
00000c0f   __TI_decompress_none
00000c1d   UARTCharPut
00000c27   GPIOPinWrite
00000c2d   ResetISR
00000c33   SysCtlDelay
00000c39   __TI_decompress_rle24
00000d50   __TI_Handler_Table_Base
00000d58   __TI_CINIT_Base
00000d58   __TI_Handler_Table_Limit
00000d60   __TI_CINIT_Limit
20000000   __stack
20000100   __STACK_END
20000100   __STACK_TOP
20000100   _lock
20000104   _unlock
20000108   __TI_cleanup_ptr
2000010c   __TI_dtors_ptr
20000110   main_func_sp
ffffffff   __binit__
ffffffff   __c_args__
ffffffff   binit
UNDEFED    SHT$$INIT_ARRAY$$Base
UNDEFED    SHT$$INIT_ARRAY$$Limit

[58 symbols]
