******************************************************************************
                  TI ARM Linker PC v5.1.6                      
******************************************************************************
>> Linked Mon Feb 16 00:35:02 2015

OUTPUT FILE NAME:   <armV4_2.out>
ENTRY POINT SYMBOL: "_c_int00"  address: 000014b1


MEMORY CONFIGURATION

         name            origin    length      used     unused   attr    fill
----------------------  --------  ---------  --------  --------  ----  --------
  FLASH                 00000000   00040000  00001d00  0003e300  R  X
  SRAM                  20000000   00008000  00000388  00007c78  RW X


SEGMENT ALLOCATION MAP

run origin  load origin   length   init length attrs members
----------  ----------- ---------- ----------- ----- -------
00000000    00000000    00001d00   00001d00    r-x
  00000000    00000000    0000026c   0000026c    r-- .intvecs
  0000026c    0000026c    00001858   00001858    r-x .text
  00001ac4    00001ac4    00000204   00000204    r-- .const
  00001cc8    00001cc8    00000038   00000038    r-- .cinit
20000000    20000000    00000388   00000000    rw-
  20000000    20000000    0000026c   00000000    rw- .vtable
  2000026c    2000026c    00000100   00000000    rw- .stack
  2000036c    2000036c    0000001c   00000000    rw- .data


SECTION ALLOCATION MAP

 output                                  attributes/
section   page    origin      length       input sections
--------  ----  ----------  ----------   ----------------
.intvecs   0    00000000    0000026c     
                  00000000    0000026c     startup_ccs.obj (.intvecs)

.init_array 
*          0    00000000    00000000     UNINITIALIZED

.text      0    0000026c    00001858     
                  0000026c    0000023e     armMainV4_2.obj (.text:GPIOPadConfigSet)
                  000004aa    00000002     startup_ccs.obj (.text:FaultISR)
                  000004ac    0000021c     struct_xfer_armVersion.obj (.text:recv_struct)
                  000006c8    000001e8     armMainV4_2.obj (.text:SysCtlClockGet)
                  000008b0    000001dc     armMainV4_2.obj (.text:SysCtlClockSet)
                  00000a8c    0000017c     armMainV4_2.obj (.text:main)
                  00000c08    0000013c     armMainV4_2.obj (.text:initHardware)
                  00000d44    000000d2     struct_xfer_armVersion.obj (.text:send_struct)
                  00000e16    0000009c     dynamixel.obj (.text:dynoMove)
                  00000eb2    0000009c     rtsv7M4_T_le_v4SPD16_eabi.lib : memcpy_t2.obj (.text)
                  00000f4e    00000002     startup_ccs.obj (.text:NmiSR)
                  00000f50    00000094     armMainV4_2.obj (.text:initDynos)
                  00000fe4    00000094     rtsv7M4_T_le_v4SPD16_eabi.lib : auto_init.obj (.text)
                  00001078    00000080     armMainV4_2.obj (.text:IntEnable)
                  000010f8    00000080     armMainV4_2.obj (.text:_UARTIntNumberGet)
                  00001178    0000007e     dynamixel.obj (.text:dynoMultiModeSet)
                  000011f6    00000076     armMainV4_2.obj (.text:UARTConfigSetExpClk)
                  0000126c    0000006c     armMainV4_2.obj (.text:UARTMotherIntHandler)
                  000012d8    00000068     armMainV4_2.obj (.text:GPIOPinConfigure)
                  00001340    0000005e     rtsv7M4_T_le_v4SPD16_eabi.lib : copy_decompress_rle.obj (.text)
                  0000139e    0000005c     armMainV4_2.obj (.text:GPIODirModeSet)
                  000013fa    00000002     --HOLE-- [fill = 0]
                  000013fc    0000005c     armMainV4_2.obj (.text:IntRegister)
                  00001458    00000058     armMainV4_2.obj (.text:resetStruct)
                  000014b0    00000048     rtsv7M4_T_le_v4SPD16_eabi.lib : boot.obj (.text)
                  000014f8    00000044                                   : cpy_tbl.obj (.text)
                  0000153c    00000044                                   : exit.obj (.text)
                  00001580    00000040     armMainV4_2.obj (.text:SysCtlPeripheralEnable)
                  000015c0    00000034     armMainV4_2.obj (.text:IntSetup)
                  000015f4    00000030     armMainV4_2.obj (.text:UARTDisable)
                  00001624    00000030     armMainV4_2.obj (.text:actuatorForward)
                  00001654    00000030     armMainV4_2.obj (.text:actuatorReverse)
                  00001684    00000030     armMainV4_2.obj (.text:setForward)
                  000016b4    00000030     armMainV4_2.obj (.text:setReverse)
                  000016e4    0000002e     armMainV4_2.obj (.text:setStop)
                  00001712    00000002     --HOLE-- [fill = 0]
                  00001714    0000002c     armMainV4_2.obj (.text:wristClockWise)
                  00001740    00000028     armMainV4_2.obj (.text:baseClockWise)
                  00001768    00000028     armMainV4_2.obj (.text:baseCounterClockWise)
                  00001790    00000028     armMainV4_2.obj (.text:elbowClockWise)
                  000017b8    00000028     armMainV4_2.obj (.text:elbowCounterClockWise)
                  000017e0    00000028     armMainV4_2.obj (.text:elbowDown)
                  00001808    00000028     armMainV4_2.obj (.text:elbowUp)
                  00001830    00000028     dynamixel.obj (.text:switchCom)
                  00001858    00000028     armMainV4_2.obj (.text:wristCounterClockWise)
                  00001880    00000028     armMainV4_2.obj (.text:wristDown)
                  000018a8    00000028     armMainV4_2.obj (.text:wristUp)
                  000018d0    00000024     armMainV4_2.obj (.text:GPIOPinTypeGPIOOutput)
                  000018f4    00000024     armMainV4_2.obj (.text:GPIOPinTypeUART)
                  00001918    00000024     armMainV4_2.obj (.text:UARTEnable)
                  0000193c    00000020     armMainV4_2.obj (.text:GPIOPinWrite)
                  0000195c    0000001e     armMainV4_2.obj (.text:UARTCharPut)
                  0000197a    0000001e     armMainV4_2.obj (.text:UARTCharsAvail)
                  00001998    0000001e     armMainV4_2.obj (.text:UARTIntRegister)
                  000019b6    0000001c     armMainV4_2.obj (.text:UARTCharGetNonBlocking)
                  000019d2    00000018     armMainV4_2.obj (.text:UARTFIFOLevelSet)
                  000019ea    00000018     armMainV4_2.obj (.text:UARTIntEnable)
                  00001a02    00000018     armMainV4_2.obj (.text:delay)
                  00001a1a    00000018     armMainV4_2.obj (.text:flushUart)
                  00001a32    00000002     --HOLE-- [fill = 0]
                  00001a34    00000018     rtsv7M4_T_le_v4SPD16_eabi.lib : args_main.obj (.text)
                  00001a4c    00000014                                   : _lock.obj (.text)
                  00001a60    00000012     armMainV4_2.obj (.text:UARTIntClear)
                  00001a72    00000012     rtsv7M4_T_le_v4SPD16_eabi.lib : copy_zero_init.obj (.text:decompress:ZI)
                  00001a84    00000010     armMainV4_2.obj (.text:IntMasterEnable)
                  00001a94    0000000e     rtsv7M4_T_le_v4SPD16_eabi.lib : copy_decompress_none.obj (.text:decompress:none)
                  00001aa2    0000000c     armMainV4_2.obj (.text:CPUcpsie)
                  00001aae    00000006     startup_ccs.obj (.text:ResetISR)
                  00001ab4    00000006     armMainV4_2.obj (.text:SysCtlDelay)
                  00001aba    00000006     rtsv7M4_T_le_v4SPD16_eabi.lib : copy_decompress_rle.obj (.text:decompress:rle24)
                  00001ac0    00000004     startup_ccs.obj (.text:IntDefaultHandler)

.const     0    00001ac4    00000204     
                  00001ac4    00000090     armMainV4_2.obj (.const:g_pui32GPIOBaseAddrs)
                  00001b54    00000088     armMainV4_2.obj (.const)
                  00001bdc    0000006c     armMainV4_2.obj (.const:g_pui32Xtals)
                  00001c48    00000040     armMainV4_2.obj (.const:g_ppui32UARTIntMap)
                  00001c88    00000040     armMainV4_2.obj (.const:g_ppui32UARTIntMapSnowflake)

.cinit     0    00001cc8    00000038     
                  00001cc8    00000013     (.cinit..data.load) [load image, compression = rle]
                  00001cdb    00000001     --HOLE-- [fill = 0]
                  00001cdc    0000000c     (__TI_handler_table)
                  00001ce8    00000008     (.cinit..vtable.load) [load image, compression = zero_init]
                  00001cf0    00000010     (__TI_cinit_table)

.vtable    0    20000000    0000026c     UNINITIALIZED
                  20000000    0000026c     armMainV4_2.obj (.vtable)

.stack     0    2000026c    00000100     UNINITIALIZED
                  2000026c    00000100     --HOLE--

.data      0    2000036c    0000001c     UNINITIALIZED
                  2000036c    00000008     rtsv7M4_T_le_v4SPD16_eabi.lib : _lock.obj (.data)
                  20000374    00000008                                   : exit.obj (.data)
                  2000037c    00000005     armMainV4_2.obj (.data)
                  20000381    00000003     --HOLE--
                  20000384    00000004     rtsv7M4_T_le_v4SPD16_eabi.lib : stkdepth_vars.obj (.data)


LINKER GENERATED COPY TABLES

__TI_cinit_table @ 00001cf0 records: 2, size/record: 8, table size: 16
	.data: load addr=00001cc8, load size=00000013 bytes, run addr=2000036c, run size=0000001c bytes, compression=rle
	.vtable: load addr=00001ce8, load size=00000008 bytes, run addr=20000000, run size=0000026c bytes, compression=zero_init


LINKER GENERATED HANDLER TABLE

__TI_handler_table @ 00001cdc records: 3, size/record: 4, table size: 12
	index: 0, handler: __TI_zero_init
	index: 1, handler: __TI_decompress_rle24
	index: 2, handler: __TI_decompress_none


GLOBAL SYMBOLS: SORTED ALPHABETICALLY BY Name 

address    name
--------   ----
0000153d   C$$EXIT
00001aa3   CPUcpsie
0000139f   GPIODirModeSet
0000026d   GPIOPadConfigSet
000012d9   GPIOPinConfigure
000018d1   GPIOPinTypeGPIOOutput
000018f5   GPIOPinTypeUART
0000193d   GPIOPinWrite
00001079   IntEnable
00001a85   IntMasterEnable
000013fd   IntRegister
000015c1   IntSetup
00001aaf   ResetISR
UNDEFED    SHT$$INIT_ARRAY$$Base
UNDEFED    SHT$$INIT_ARRAY$$Limit
000006c9   SysCtlClockGet
000008b1   SysCtlClockSet
00001ab5   SysCtlDelay
00001581   SysCtlPeripheralEnable
000019b7   UARTCharGetNonBlocking
0000195d   UARTCharPut
0000197b   UARTCharsAvail
000011f7   UARTConfigSetExpClk
000015f5   UARTDisable
00001919   UARTEnable
000019d3   UARTFIFOLevelSet
00001a61   UARTIntClear
000019eb   UARTIntEnable
00001999   UARTIntRegister
0000126d   UARTMotherIntHandler
2000036c   __STACK_END
00000100   __STACK_SIZE
2000036c   __STACK_TOP
00001cf0   __TI_CINIT_Base
00001d00   __TI_CINIT_Limit
00001cdc   __TI_Handler_Table_Base
00001ce8   __TI_Handler_Table_Limit
00000001   __TI_args_main
00000fe5   __TI_auto_init
20000374   __TI_cleanup_ptr
00001a95   __TI_decompress_none
00001abb   __TI_decompress_rle24
20000378   __TI_dtors_ptr
00000000   __TI_static_base__
00001a73   __TI_zero_init
00000eb3   __aeabi_memcpy
00000eb3   __aeabi_memcpy4
00000eb3   __aeabi_memcpy8
ffffffff   __binit__
ffffffff   __c_args__
2000026c   __stack
00001a35   _args_main
000014b1   _c_int00
2000036c   _lock
00001a5b   _nop
00001a53   _register_lock
00001a4d   _register_unlock
20000370   _unlock
00001541   abort
00001625   actuatorForward
00001655   actuatorReverse
00001741   baseClockWise
00001769   baseCounterClockWise
ffffffff   binit
000014f9   copy_in
00001a03   delay
00000e17   dynoMove
00001179   dynoMultiModeSet
00001791   elbowClockWise
000017b9   elbowCounterClockWise
000017e1   elbowDown
00001809   elbowUp
00001549   exit
00001a1b   flushUart
20000000   g_pfnRAMVectors
00000000   g_pfnVectors
20000380   handled
00000f51   initDynos
00000c09   initHardware
00000a8d   main
20000384   main_func_sp
00000eb3   memcpy
000004ad   recv_struct
00001459   resetStruct
00000d45   send_struct
00001685   setForward
000016b5   setReverse
000016e5   setStop
00001831   switchCom
2000037c   uartRxBuf
00001715   wristClockWise
00001859   wristCounterClockWise
00001881   wristDown
000018a9   wristUp


GLOBAL SYMBOLS: SORTED BY Symbol Address 

address    name
--------   ----
00000000   __TI_static_base__
00000000   g_pfnVectors
00000001   __TI_args_main
00000100   __STACK_SIZE
0000026d   GPIOPadConfigSet
000004ad   recv_struct
000006c9   SysCtlClockGet
000008b1   SysCtlClockSet
00000a8d   main
00000c09   initHardware
00000d45   send_struct
00000e17   dynoMove
00000eb3   __aeabi_memcpy
00000eb3   __aeabi_memcpy4
00000eb3   __aeabi_memcpy8
00000eb3   memcpy
00000f51   initDynos
00000fe5   __TI_auto_init
00001079   IntEnable
00001179   dynoMultiModeSet
000011f7   UARTConfigSetExpClk
0000126d   UARTMotherIntHandler
000012d9   GPIOPinConfigure
0000139f   GPIODirModeSet
000013fd   IntRegister
00001459   resetStruct
000014b1   _c_int00
000014f9   copy_in
0000153d   C$$EXIT
00001541   abort
00001549   exit
00001581   SysCtlPeripheralEnable
000015c1   IntSetup
000015f5   UARTDisable
00001625   actuatorForward
00001655   actuatorReverse
00001685   setForward
000016b5   setReverse
000016e5   setStop
00001715   wristClockWise
00001741   baseClockWise
00001769   baseCounterClockWise
00001791   elbowClockWise
000017b9   elbowCounterClockWise
000017e1   elbowDown
00001809   elbowUp
00001831   switchCom
00001859   wristCounterClockWise
00001881   wristDown
000018a9   wristUp
000018d1   GPIOPinTypeGPIOOutput
000018f5   GPIOPinTypeUART
00001919   UARTEnable
0000193d   GPIOPinWrite
0000195d   UARTCharPut
0000197b   UARTCharsAvail
00001999   UARTIntRegister
000019b7   UARTCharGetNonBlocking
000019d3   UARTFIFOLevelSet
000019eb   UARTIntEnable
00001a03   delay
00001a1b   flushUart
00001a35   _args_main
00001a4d   _register_unlock
00001a53   _register_lock
00001a5b   _nop
00001a61   UARTIntClear
00001a73   __TI_zero_init
00001a85   IntMasterEnable
00001a95   __TI_decompress_none
00001aa3   CPUcpsie
00001aaf   ResetISR
00001ab5   SysCtlDelay
00001abb   __TI_decompress_rle24
00001cdc   __TI_Handler_Table_Base
00001ce8   __TI_Handler_Table_Limit
00001cf0   __TI_CINIT_Base
00001d00   __TI_CINIT_Limit
20000000   g_pfnRAMVectors
2000026c   __stack
2000036c   __STACK_END
2000036c   __STACK_TOP
2000036c   _lock
20000370   _unlock
20000374   __TI_cleanup_ptr
20000378   __TI_dtors_ptr
2000037c   uartRxBuf
20000380   handled
20000384   main_func_sp
ffffffff   __binit__
ffffffff   __c_args__
ffffffff   binit
UNDEFED    SHT$$INIT_ARRAY$$Base
UNDEFED    SHT$$INIT_ARRAY$$Limit

[94 symbols]
