******************************************************************************
                  TI ARM Linker PC v5.1.9                      
******************************************************************************
>> Linked Sat Feb 07 16:37:01 2015

OUTPUT FILE NAME:   <ArmV3.out>
ENTRY POINT SYMBOL: "_c_int00"  address: 00004375


MEMORY CONFIGURATION

         name            origin    length      used     unused   attr    fill
----------------------  --------  ---------  --------  --------  ----  --------
  FLASH                 00000000   00040000  0000490c  0003b6f4  R  X
  SRAM                  20000000   00008000  000004f0  00007b10  RW X


SEGMENT ALLOCATION MAP

run origin  load origin   length   init length attrs members
----------  ----------- ---------- ----------- ----- -------
00000000    00000000    00004910   00004910    r-x
  00000000    00000000    0000026c   0000026c    r-- .intvecs
  0000026c    0000026c    0000423c   0000423c    r-x .text
  000044a8    000044a8    000003fc   000003fc    r-- .const
  000048a8    000048a8    00000068   00000068    r-- .cinit
20000000    20000000    000004f0   00000000    rw-
  20000000    20000000    0000026c   00000000    rw- .vtable
  2000026c    2000026c    00000200   00000000    rw- .stack
  2000046c    2000046c    00000050   00000000    rw- .data
  200004bc    200004bc    00000034   00000000    rw- .bss


SECTION ALLOCATION MAP

 output                                  attributes/
section   page    origin      length       input sections
--------  ----  ----------  ----------   ----------------
.init_array 
*          0    00000000    00000000     UNINITIALIZED

.intvecs   0    00000000    0000026c     
                  00000000    0000026c     lm4f210h5qr_startup_ccs.obj (.intvecs)

.text      0    0000026c    0000423c     
                  0000026c    00003f00     armMainV3.obj (.text)
                  0000416c    0000009c     rtsv7M4_T_le_v4SPD16_eabi.lib : memcpy_t2.obj (.text)
                  00004208    00000094                                   : auto_init.obj (.text)
                  0000429c    0000007a                                   : memset_t2.obj (.text)
                  00004316    0000005e                                   : copy_decompress_rle.obj (.text)
                  00004374    00000048                                   : boot.obj (.text)
                  000043bc    00000044                                   : cpy_tbl.obj (.text)
                  00004400    00000044                                   : exit.obj (.text)
                  00004444    00000018                                   : args_main.obj (.text)
                  0000445c    00000014                                   : _lock.obj (.text)
                  00004470    00000012                                   : copy_zero_init.obj (.text:decompress:ZI)
                  00004482    0000000e                                   : copy_decompress_none.obj (.text:decompress:none)
                  00004490    0000000c     lm4f210h5qr_startup_ccs.obj (.text)
                  0000449c    00000006     armMainV3.obj (.text:SysCtlDelay)
                  000044a2    00000006     rtsv7M4_T_le_v4SPD16_eabi.lib : copy_decompress_rle.obj (.text:decompress:rle24)

.const     0    000044a8    000003fc     
                  000044a8    00000120     armMainV3.obj (.const:g_ppulPeripheralMap)
                  000045c8    000000bc     armMainV3.obj (.const)
                  00004684    0000009c     armMainV3.obj (.const:g_pulRegs)
                  00004720    00000078     armMainV3.obj (.const:g_pulGPIOBaseAddrs)
                  00004798    0000006c     armMainV3.obj (.const:g_pulXtals)
                  00004804    00000060     armMainV3.obj (.const:g_ppulTimerIntMap)
                  00004864    00000040     armMainV3.obj (.const:g_ppulUARTIntMap)

.cinit     0    000048a8    00000068     
                  000048a8    00000032     (.cinit..data.load) [load image, compression = rle]
                  000048da    00000002     --HOLE-- [fill = 0]
                  000048dc    0000000c     (__TI_handler_table)
                  000048e8    00000008     (.cinit..bss.load) [load image, compression = zero_init]
                  000048f0    00000008     (.cinit..vtable.load) [load image, compression = zero_init]
                  000048f8    00000018     (__TI_cinit_table)

.vtable    0    20000000    0000026c     UNINITIALIZED
                  20000000    0000026c     armMainV3.obj (.vtable)

.stack     0    2000026c    00000200     UNINITIALIZED
                  2000026c    00000200     --HOLE--

.data      0    2000046c    00000050     UNINITIALIZED
                  2000046c    0000003b     armMainV3.obj (.data)
                  200004a7    00000001     --HOLE--
                  200004a8    00000008     rtsv7M4_T_le_v4SPD16_eabi.lib : _lock.obj (.data)
                  200004b0    00000008                                   : exit.obj (.data)
                  200004b8    00000004                                   : stkdepth_vars.obj (.data)

.bss       0    200004bc    00000034     UNINITIALIZED
                  200004bc    00000034     armMainV3.obj (.bss:myUart)


LINKER GENERATED COPY TABLES

__TI_cinit_table @ 000048f8 records: 3, size/record: 8, table size: 24
	.data: load addr=000048a8, load size=00000032 bytes, run addr=2000046c, run size=00000050 bytes, compression=rle
	.bss: load addr=000048e8, load size=00000008 bytes, run addr=200004bc, run size=00000034 bytes, compression=zero_init
	.vtable: load addr=000048f0, load size=00000008 bytes, run addr=20000000, run size=0000026c bytes, compression=zero_init


LINKER GENERATED HANDLER TABLE

__TI_handler_table @ 000048dc records: 3, size/record: 4, table size: 12
	index: 0, handler: __TI_zero_init
	index: 1, handler: __TI_decompress_rle24
	index: 2, handler: __TI_decompress_none


GLOBAL SYMBOLS: SORTED ALPHABETICALLY BY Name 

address    name
--------   ----
00004401   C$$EXIT
00000623   CPUbasepriGet
00000615   CPUbasepriSet
000005eb   CPUcpsid
00000605   CPUcpsie
000005f7   CPUprimask
00000611   CPUwfi
0000467c   DYNO_CLOCKWISE
00004680   DYNO_COUNTERCLOCKWISE
00004678   FORWARD_CHARACTER
00003997   GPIOADCTriggerDisable
00003979   GPIOADCTriggerEnable
0000395b   GPIODMATriggerDisable
0000393d   GPIODMATriggerEnable
000030b9   GPIODirModeGet
0000305d   GPIODirModeSet
00003187   GPIOIntTypeGet
00003105   GPIOIntTypeSet
0000336b   GPIOPadConfigGet
00003205   GPIOPadConfigSet
000038df   GPIOPinConfigure
000034bb   GPIOPinIntClear
0000347b   GPIOPinIntDisable
0000345d   GPIOPinIntEnable
00003499   GPIOPinIntStatus
0000350b   GPIOPinRead
00003543   GPIOPinTypeADC
00003567   GPIOPinTypeCAN
0000358b   GPIOPinTypeComparator
000035af   GPIOPinTypeEPI
000035d3   GPIOPinTypeEthernetLED
000035f7   GPIOPinTypeEthernetMII
0000361b   GPIOPinTypeFan
0000363f   GPIOPinTypeGPIOInput
00003663   GPIOPinTypeGPIOOutput
00003687   GPIOPinTypeGPIOOutputOD
000036ab   GPIOPinTypeI2C
000036cf   GPIOPinTypeI2CSCL
00003753   GPIOPinTypeI2S
00003777   GPIOPinTypeLPC
0000379b   GPIOPinTypePECIRx
000037bf   GPIOPinTypePECITx
000037e3   GPIOPinTypePWM
00003807   GPIOPinTypeQEI
0000382b   GPIOPinTypeSSI
0000384f   GPIOPinTypeTimer
00003873   GPIOPinTypeUART
00003897   GPIOPinTypeUSBAnalog
000038bb   GPIOPinTypeUSBDigital
00003523   GPIOPinWrite
000034d3   GPIOPortIntRegister
000034f1   GPIOPortIntUnregister
00000421   IntDisable
000003af   IntEnable
00000493   IntIsEnabled
00000279   IntMasterDisable
0000026f   IntMasterEnable
00000589   IntPendClear
00000519   IntPendSet
0000038b   IntPriorityGet
00000303   IntPriorityGroupingGet
000002e9   IntPriorityGroupingSet
000005e3   IntPriorityMaskGet
000005d7   IntPriorityMaskSet
0000033b   IntPrioritySet
00000283   IntRegister
000002d5   IntUnregister
0000467a   REVERSE_CHARACTER
00004491   ResetISR
UNDEFED    SHT$$INIT_ARRAY$$Base
UNDEFED    SHT$$INIT_ARRAY$$Limit
00002d93   SoftUARTBreakCtl
00002dc5   SoftUARTBusy
00002e7b   SoftUARTCallbackSet
00002c9d   SoftUARTCharGet
00002c3f   SoftUARTCharGetNonBlocking
00002d47   SoftUARTCharPut
00002cf5   SoftUARTCharPutNonBlocking
00002b93   SoftUARTCharsAvail
00002b45   SoftUARTConfigGet
000020cf   SoftUARTConfigSet
00002b75   SoftUARTDisable
00002b5d   SoftUARTEnable
00002b1b   SoftUARTFIFOLevelGet
00002af3   SoftUARTFIFOLevelSet
000020b7   SoftUARTInit
00002e43   SoftUARTIntClear
00002e09   SoftUARTIntDisable
00002df3   SoftUARTIntEnable
00002e1f   SoftUARTIntStatus
000029c1   SoftUARTParityModeGet
000029a5   SoftUARTParityModeSet
00002f17   SoftUARTRxBufferSet
00002e69   SoftUARTRxErrorClear
00002e59   SoftUARTRxErrorGet
00002eb7   SoftUARTRxGPIOSet
000024fd   SoftUARTRxTick
00002baf   SoftUARTSpaceAvail
00002eeb   SoftUARTTxBufferSet
00002e8d   SoftUARTTxGPIOSet
0000218f   SoftUARTTxTimerTick
00001897   SysCtlADCSpeedGet
0000186d   SysCtlADCSpeedSet
000012b3   SysCtlBrownOutConfigSet
00001939   SysCtlClkVerificationClear
0000158d   SysCtlClockGet
00001355   SysCtlClockSet
0000127d   SysCtlDeepSleep
00001829   SysCtlDeepSleepClockSet
0000449d   SysCtlDelay
00000c73   SysCtlFlashSizeGet
00001969   SysCtlGPIOAHBDisable
00001947   SysCtlGPIOAHBEnable
000019a5   SysCtlI2SMClkSet
000018a9   SysCtlIOSCVerificationSet
00001211   SysCtlIntClear
000011fd   SysCtlIntDisable
000011e9   SysCtlIntEnable
000011c5   SysCtlIntRegister
00001225   SysCtlIntStatus
000011d9   SysCtlIntUnregister
0000125d   SysCtlLDOConfigSet
00001251   SysCtlLDOGet
00001241   SysCtlLDOSet
000012cb   SysCtlMOSCConfigSet
000018dd   SysCtlMOSCVerificationSet
000012e1   SysCtlPIOSCCalibrate
00001911   SysCtlPLLVerificationSet
00001853   SysCtlPWMClockGet
00001839   SysCtlPWMClockSet
0000119d   SysCtlPeripheralClockGating
0000112d   SysCtlPeripheralDeepSleepDisable
000010bd   SysCtlPeripheralDeepSleepEnable
00000f61   SysCtlPeripheralDisable
00000ee9   SysCtlPeripheralEnable
00000db1   SysCtlPeripheralPowerOff
00000d6d   SysCtlPeripheralPowerOn
00000c9d   SysCtlPeripheralPresent
00000d29   SysCtlPeripheralReady
00000df5   SysCtlPeripheralReset
00001051   SysCtlPeripheralSleepDisable
00000fdd   SysCtlPeripheralSleepEnable
00000c83   SysCtlPinPresent
0000126d   SysCtlReset
0000129f   SysCtlResetCauseClear
00001299   SysCtlResetCauseGet
00000c63   SysCtlSRAMSizeGet
00001275   SysCtlSleep
0000198d   SysCtlUSBPLLDisable
00001981   SysCtlUSBPLLEnable
0000413d   Timer0AIntHandler
00001b69   TimerConfigure
00001c1d   TimerControlEvent
00001ba5   TimerControlLevel
00001c51   TimerControlStall
00001be1   TimerControlTrigger
00001c99   TimerControlWaitOnTrigger
00001b43   TimerDisable
00001b25   TimerEnable
00002009   TimerIntClear
00001fd3   TimerIntDisable
00001fbb   TimerIntEnable
00001f3d   TimerIntRegister
00001feb   TimerIntStatus
00001f7f   TimerIntUnregister
00001de3   TimerLoadGet
00001e25   TimerLoadGet64
00001db9   TimerLoadSet
00001dff   TimerLoadSet64
00001ecf   TimerMatchGet
00001f0b   TimerMatchGet64
00001ea5   TimerMatchSet
00001eeb   TimerMatchSet64
00001d4f   TimerPrescaleGet
00001d95   TimerPrescaleMatchGet
00001d6b   TimerPrescaleMatchSet
00001d25   TimerPrescaleSet
0000202d   TimerQuiesce
00001d0f   TimerRTCDisable
00001cf9   TimerRTCEnable
0000201b   TimerSynchronize
00001e57   TimerValueGet
00001e73   TimerValueGet64
00000be5   UART9BitAddrSend
00000bbf   UART9BitAddrSet
00000ba9   UART9BitDisable
00000b93   UART9BitEnable
00000a3d   UARTBreakCtl
00000a67   UARTBusy
000009e5   UARTCharGet
000009c9   UARTCharGetNonBlocking
00000a1f   UARTCharPut
000009fb   UARTCharPutNonBlocking
00000999   UARTCharsAvail
00000b83   UARTClockSourceGet
00000b6f   UARTClockSourceSet
0000075f   UARTConfigGetExpClk
000006e9   UARTConfigSetExpClk
00000b35   UARTDMADisable
00000b1d   UARTDMAEnable
000007d5   UARTDisable
00000865   UARTDisableSIR
000007b1   UARTEnable
00000831   UARTEnableSIR
0000081b   UARTFIFODisable
00000805   UARTFIFOEnable
000006bd   UARTFIFOLevelGet
000006a5   UARTFIFOLevelSet
00000959   UARTFlowControlGet
0000093d   UARTFlowControlSet
00000b0b   UARTIntClear
00000ad5   UARTIntDisable
00000ab7   UARTIntEnable
00000a7f   UARTIntRegister
00000aed   UARTIntStatus
00000a9d   UARTIntUnregister
000008e7   UARTModemControlClear
00000911   UARTModemControlGet
000008c3   UARTModemControlSet
00000929   UARTModemStatusGet
0000068d   UARTParityModeGet
0000066d   UARTParityModeSet
00000b5f   UARTRxErrorClear
00000b4d   UARTRxErrorGet
000008ad   UARTSmartCardDisable
0000087b   UARTSmartCardEnable
000009b1   UARTSpaceAvail
00000987   UARTTxIntModeGet
0000096b   UARTTxIntModeSet
2000046c   __STACK_END
00000200   __STACK_SIZE
2000046c   __STACK_TOP
000048f8   __TI_CINIT_Base
00004910   __TI_CINIT_Limit
000048dc   __TI_Handler_Table_Base
000048e8   __TI_Handler_Table_Limit
00000001   __TI_args_main
00004209   __TI_auto_init
200004b0   __TI_cleanup_ptr
00004483   __TI_decompress_none
000044a3   __TI_decompress_rle24
200004b4   __TI_dtors_ptr
00000000   __TI_static_base__
00004471   __TI_zero_init
0000429d   __aeabi_memclr
0000429d   __aeabi_memclr4
0000429d   __aeabi_memclr8
0000416d   __aeabi_memcpy
0000416d   __aeabi_memcpy4
0000416d   __aeabi_memcpy8
0000429f   __aeabi_memset
0000429f   __aeabi_memset4
0000429f   __aeabi_memset8
ffffffff   __binit__
ffffffff   __c_args__
2000026c   __stack
00004445   _args_main
00004375   _c_int00
200004a8   _lock
0000446b   _nop
00004463   _register_lock
0000445d   _register_unlock
200004ac   _unlock
00004405   abort
00003c45   actuatorForward
00003c77   actuatorReverse
00003ca7   baseClockWise
00003cd1   baseCounterClockWise
ffffffff   binit
000043bd   copy_in
00003acf   delay
00003fc1   dynoSpeedSet
00003f3d   dynoWheelModeSet
00003bc3   elbowClockWise
00003b9b   elbowCounterClockWise
00003bf1   elbowDown
00003c1d   elbowUp
0000440d   exit
20000000   g_pfnRAMVectors
00000000   g_pfnVectors
00003cf9   initHardware
000039cd   main
200004b8   main_func_sp
0000416d   memcpy
000042a5   memset
200004bc   myUart
00003edb   resetStruct
2000048c   rxBuffer
00004079   setForward
000040c9   setReverse
00004109   setStop
2000049e   txBuffer
00003af3   wristClockWise
00003b1f   wristCounterClockWise
00003b73   wristDown
00003b4b   wristUp


GLOBAL SYMBOLS: SORTED BY Symbol Address 

address    name
--------   ----
00000000   __TI_static_base__
00000000   g_pfnVectors
00000001   __TI_args_main
00000200   __STACK_SIZE
0000026f   IntMasterEnable
00000279   IntMasterDisable
00000283   IntRegister
000002d5   IntUnregister
000002e9   IntPriorityGroupingSet
00000303   IntPriorityGroupingGet
0000033b   IntPrioritySet
0000038b   IntPriorityGet
000003af   IntEnable
00000421   IntDisable
00000493   IntIsEnabled
00000519   IntPendSet
00000589   IntPendClear
000005d7   IntPriorityMaskSet
000005e3   IntPriorityMaskGet
000005eb   CPUcpsid
000005f7   CPUprimask
00000605   CPUcpsie
00000611   CPUwfi
00000615   CPUbasepriSet
00000623   CPUbasepriGet
0000066d   UARTParityModeSet
0000068d   UARTParityModeGet
000006a5   UARTFIFOLevelSet
000006bd   UARTFIFOLevelGet
000006e9   UARTConfigSetExpClk
0000075f   UARTConfigGetExpClk
000007b1   UARTEnable
000007d5   UARTDisable
00000805   UARTFIFOEnable
0000081b   UARTFIFODisable
00000831   UARTEnableSIR
00000865   UARTDisableSIR
0000087b   UARTSmartCardEnable
000008ad   UARTSmartCardDisable
000008c3   UARTModemControlSet
000008e7   UARTModemControlClear
00000911   UARTModemControlGet
00000929   UARTModemStatusGet
0000093d   UARTFlowControlSet
00000959   UARTFlowControlGet
0000096b   UARTTxIntModeSet
00000987   UARTTxIntModeGet
00000999   UARTCharsAvail
000009b1   UARTSpaceAvail
000009c9   UARTCharGetNonBlocking
000009e5   UARTCharGet
000009fb   UARTCharPutNonBlocking
00000a1f   UARTCharPut
00000a3d   UARTBreakCtl
00000a67   UARTBusy
00000a7f   UARTIntRegister
00000a9d   UARTIntUnregister
00000ab7   UARTIntEnable
00000ad5   UARTIntDisable
00000aed   UARTIntStatus
00000b0b   UARTIntClear
00000b1d   UARTDMAEnable
00000b35   UARTDMADisable
00000b4d   UARTRxErrorGet
00000b5f   UARTRxErrorClear
00000b6f   UARTClockSourceSet
00000b83   UARTClockSourceGet
00000b93   UART9BitEnable
00000ba9   UART9BitDisable
00000bbf   UART9BitAddrSet
00000be5   UART9BitAddrSend
00000c63   SysCtlSRAMSizeGet
00000c73   SysCtlFlashSizeGet
00000c83   SysCtlPinPresent
00000c9d   SysCtlPeripheralPresent
00000d29   SysCtlPeripheralReady
00000d6d   SysCtlPeripheralPowerOn
00000db1   SysCtlPeripheralPowerOff
00000df5   SysCtlPeripheralReset
00000ee9   SysCtlPeripheralEnable
00000f61   SysCtlPeripheralDisable
00000fdd   SysCtlPeripheralSleepEnable
00001051   SysCtlPeripheralSleepDisable
000010bd   SysCtlPeripheralDeepSleepEnable
0000112d   SysCtlPeripheralDeepSleepDisable
0000119d   SysCtlPeripheralClockGating
000011c5   SysCtlIntRegister
000011d9   SysCtlIntUnregister
000011e9   SysCtlIntEnable
000011fd   SysCtlIntDisable
00001211   SysCtlIntClear
00001225   SysCtlIntStatus
00001241   SysCtlLDOSet
00001251   SysCtlLDOGet
0000125d   SysCtlLDOConfigSet
0000126d   SysCtlReset
00001275   SysCtlSleep
0000127d   SysCtlDeepSleep
00001299   SysCtlResetCauseGet
0000129f   SysCtlResetCauseClear
000012b3   SysCtlBrownOutConfigSet
000012cb   SysCtlMOSCConfigSet
000012e1   SysCtlPIOSCCalibrate
00001355   SysCtlClockSet
0000158d   SysCtlClockGet
00001829   SysCtlDeepSleepClockSet
00001839   SysCtlPWMClockSet
00001853   SysCtlPWMClockGet
0000186d   SysCtlADCSpeedSet
00001897   SysCtlADCSpeedGet
000018a9   SysCtlIOSCVerificationSet
000018dd   SysCtlMOSCVerificationSet
00001911   SysCtlPLLVerificationSet
00001939   SysCtlClkVerificationClear
00001947   SysCtlGPIOAHBEnable
00001969   SysCtlGPIOAHBDisable
00001981   SysCtlUSBPLLEnable
0000198d   SysCtlUSBPLLDisable
000019a5   SysCtlI2SMClkSet
00001b25   TimerEnable
00001b43   TimerDisable
00001b69   TimerConfigure
00001ba5   TimerControlLevel
00001be1   TimerControlTrigger
00001c1d   TimerControlEvent
00001c51   TimerControlStall
00001c99   TimerControlWaitOnTrigger
00001cf9   TimerRTCEnable
00001d0f   TimerRTCDisable
00001d25   TimerPrescaleSet
00001d4f   TimerPrescaleGet
00001d6b   TimerPrescaleMatchSet
00001d95   TimerPrescaleMatchGet
00001db9   TimerLoadSet
00001de3   TimerLoadGet
00001dff   TimerLoadSet64
00001e25   TimerLoadGet64
00001e57   TimerValueGet
00001e73   TimerValueGet64
00001ea5   TimerMatchSet
00001ecf   TimerMatchGet
00001eeb   TimerMatchSet64
00001f0b   TimerMatchGet64
00001f3d   TimerIntRegister
00001f7f   TimerIntUnregister
00001fbb   TimerIntEnable
00001fd3   TimerIntDisable
00001feb   TimerIntStatus
00002009   TimerIntClear
0000201b   TimerSynchronize
0000202d   TimerQuiesce
000020b7   SoftUARTInit
000020cf   SoftUARTConfigSet
0000218f   SoftUARTTxTimerTick
000024fd   SoftUARTRxTick
000029a5   SoftUARTParityModeSet
000029c1   SoftUARTParityModeGet
00002af3   SoftUARTFIFOLevelSet
00002b1b   SoftUARTFIFOLevelGet
00002b45   SoftUARTConfigGet
00002b5d   SoftUARTEnable
00002b75   SoftUARTDisable
00002b93   SoftUARTCharsAvail
00002baf   SoftUARTSpaceAvail
00002c3f   SoftUARTCharGetNonBlocking
00002c9d   SoftUARTCharGet
00002cf5   SoftUARTCharPutNonBlocking
00002d47   SoftUARTCharPut
00002d93   SoftUARTBreakCtl
00002dc5   SoftUARTBusy
00002df3   SoftUARTIntEnable
00002e09   SoftUARTIntDisable
00002e1f   SoftUARTIntStatus
00002e43   SoftUARTIntClear
00002e59   SoftUARTRxErrorGet
00002e69   SoftUARTRxErrorClear
00002e7b   SoftUARTCallbackSet
00002e8d   SoftUARTTxGPIOSet
00002eb7   SoftUARTRxGPIOSet
00002eeb   SoftUARTTxBufferSet
00002f17   SoftUARTRxBufferSet
0000305d   GPIODirModeSet
000030b9   GPIODirModeGet
00003105   GPIOIntTypeSet
00003187   GPIOIntTypeGet
00003205   GPIOPadConfigSet
0000336b   GPIOPadConfigGet
0000345d   GPIOPinIntEnable
0000347b   GPIOPinIntDisable
00003499   GPIOPinIntStatus
000034bb   GPIOPinIntClear
000034d3   GPIOPortIntRegister
000034f1   GPIOPortIntUnregister
0000350b   GPIOPinRead
00003523   GPIOPinWrite
00003543   GPIOPinTypeADC
00003567   GPIOPinTypeCAN
0000358b   GPIOPinTypeComparator
000035af   GPIOPinTypeEPI
000035d3   GPIOPinTypeEthernetLED
000035f7   GPIOPinTypeEthernetMII
0000361b   GPIOPinTypeFan
0000363f   GPIOPinTypeGPIOInput
00003663   GPIOPinTypeGPIOOutput
00003687   GPIOPinTypeGPIOOutputOD
000036ab   GPIOPinTypeI2C
000036cf   GPIOPinTypeI2CSCL
00003753   GPIOPinTypeI2S
00003777   GPIOPinTypeLPC
0000379b   GPIOPinTypePECIRx
000037bf   GPIOPinTypePECITx
000037e3   GPIOPinTypePWM
00003807   GPIOPinTypeQEI
0000382b   GPIOPinTypeSSI
0000384f   GPIOPinTypeTimer
00003873   GPIOPinTypeUART
00003897   GPIOPinTypeUSBAnalog
000038bb   GPIOPinTypeUSBDigital
000038df   GPIOPinConfigure
0000393d   GPIODMATriggerEnable
0000395b   GPIODMATriggerDisable
00003979   GPIOADCTriggerEnable
00003997   GPIOADCTriggerDisable
000039cd   main
00003acf   delay
00003af3   wristClockWise
00003b1f   wristCounterClockWise
00003b4b   wristUp
00003b73   wristDown
00003b9b   elbowCounterClockWise
00003bc3   elbowClockWise
00003bf1   elbowDown
00003c1d   elbowUp
00003c45   actuatorForward
00003c77   actuatorReverse
00003ca7   baseClockWise
00003cd1   baseCounterClockWise
00003cf9   initHardware
00003edb   resetStruct
00003f3d   dynoWheelModeSet
00003fc1   dynoSpeedSet
00004079   setForward
000040c9   setReverse
00004109   setStop
0000413d   Timer0AIntHandler
0000416d   __aeabi_memcpy
0000416d   __aeabi_memcpy4
0000416d   __aeabi_memcpy8
0000416d   memcpy
00004209   __TI_auto_init
0000429d   __aeabi_memclr
0000429d   __aeabi_memclr4
0000429d   __aeabi_memclr8
0000429f   __aeabi_memset
0000429f   __aeabi_memset4
0000429f   __aeabi_memset8
000042a5   memset
00004375   _c_int00
000043bd   copy_in
00004401   C$$EXIT
00004405   abort
0000440d   exit
00004445   _args_main
0000445d   _register_unlock
00004463   _register_lock
0000446b   _nop
00004471   __TI_zero_init
00004483   __TI_decompress_none
00004491   ResetISR
0000449d   SysCtlDelay
000044a3   __TI_decompress_rle24
00004678   FORWARD_CHARACTER
0000467a   REVERSE_CHARACTER
0000467c   DYNO_CLOCKWISE
00004680   DYNO_COUNTERCLOCKWISE
000048dc   __TI_Handler_Table_Base
000048e8   __TI_Handler_Table_Limit
000048f8   __TI_CINIT_Base
00004910   __TI_CINIT_Limit
20000000   g_pfnRAMVectors
2000026c   __stack
2000046c   __STACK_END
2000046c   __STACK_TOP
2000048c   rxBuffer
2000049e   txBuffer
200004a8   _lock
200004ac   _unlock
200004b0   __TI_cleanup_ptr
200004b4   __TI_dtors_ptr
200004b8   main_func_sp
200004bc   myUart
ffffffff   __binit__
ffffffff   __c_args__
ffffffff   binit
UNDEFED    SHT$$INIT_ARRAY$$Base
UNDEFED    SHT$$INIT_ARRAY$$Limit

[296 symbols]
