******************************************************************************
                  TI ARM Linker PC v5.1.6                      
******************************************************************************
>> Linked Sat Feb 14 00:17:38 2015

OUTPUT FILE NAME:   <V4.2.out>
ENTRY POINT SYMBOL: "_c_int00"  address: 00000c25


MEMORY CONFIGURATION

         name            origin    length      used     unused   attr    fill
----------------------  --------  ---------  --------  --------  ----  --------
  FLASH                 00000000   00040000  00001116  0003eeea  R  X
  SRAM                  20000000   00008000  00000114  00007eec  RW X


SEGMENT ALLOCATION MAP

run origin  load origin   length   init length attrs members
----------  ----------- ---------- ----------- ----- -------
00000000    00000000    00001118   00001118    r-x
  00000000    00000000    0000026c   0000026c    r-- .intvecs
  0000026c    0000026c    00000d8e   00000d8e    r-x .text
  00000ffc    00000ffc    000000fc   000000fc    r-- .const
  000010f8    000010f8    00000020   00000020    r-- .cinit
20000000    20000000    00000114   00000000    rw-
  20000000    20000000    00000100   00000000    rw- .stack
  20000100    20000100    00000014   00000000    rw- .data


SECTION ALLOCATION MAP

 output                                  attributes/
section   page    origin      length       input sections
--------  ----  ----------  ----------   ----------------
.intvecs   0    00000000    0000026c     
                  00000000    0000026c     startup_ccs.obj (.intvecs)

.init_array 
*          0    00000000    00000000     UNINITIALIZED

.text      0    0000026c    00000d8e     
                  0000026c    00000130     armMainV4-2.obj (.text:GPIOPadConfigSet)
                  0000039c    00000130     armMainV4-2.obj (.text:initHardware)
                  000004cc    00000130     armMainV4-2.obj (.text:main)
                  000005fc    00000118     armMainV4-2.obj (.text:SysCtlClockGet)
                  00000714    000000f0     armMainV4-2.obj (.text:SysCtlClockSet)
                  00000804    0000009c     rtsv7M4_T_le_v4SPD16_eabi.lib : memcpy_t2.obj (.text)
                  000008a0    00000094                                   : auto_init.obj (.text)
                  00000934    0000007a     struct_xfer.obj (.text:recv_struct)
                  000009ae    00000002     startup_ccs.obj (.text:FaultISR)
                  000009b0    00000074     armMainV4-2.obj (.text:initDynos)
                  00000a24    0000005e     rtsv7M4_T_le_v4SPD16_eabi.lib : copy_decompress_rle.obj (.text)
                  00000a82    00000058     dynamixel.obj (.text:dynoMove)
                  00000ada    00000058     struct_xfer.obj (.text:readStructData)
                  00000b32    00000056     dynamixel.obj (.text:dynoMultiModeSet)
                  00000b88    00000054     struct_xfer.obj (.text:send_struct)
                  00000bdc    00000048     armMainV4-2.obj (.text:GPIOPinConfigure)
                  00000c24    00000048     rtsv7M4_T_le_v4SPD16_eabi.lib : boot.obj (.text)
                  00000c6c    00000044                                   : cpy_tbl.obj (.text)
                  00000cb0    00000044                                   : exit.obj (.text)
                  00000cf4    00000042     armMainV4-2.obj (.text:UARTConfigSetExpClk)
                  00000d36    00000002     startup_ccs.obj (.text:IntDefaultHandler)
                  00000d38    00000034     armMainV4-2.obj (.text:SysCtlPeripheralEnable)
                  00000d6c    0000002a     armMainV4-2.obj (.text:GPIODirModeSet)
                  00000d96    0000001e     armMainV4-2.obj (.text:actuatorForward)
                  00000db4    0000001e     armMainV4-2.obj (.text:actuatorReverse)
                  00000dd2    0000001e     armMainV4-2.obj (.text:resetStruct)
                  00000df0    0000001c     armMainV4-2.obj (.text:UARTDisable)
                  00000e0c    00000018     armMainV4-2.obj (.text:GPIOPinTypeGPIOOutput)
                  00000e24    00000018     armMainV4-2.obj (.text:baseClockWise)
                  00000e3c    00000018     armMainV4-2.obj (.text:baseCounterClockWise)
                  00000e54    00000018     armMainV4-2.obj (.text:elbowClockWise)
                  00000e6c    00000018     armMainV4-2.obj (.text:elbowCounterClockWise)
                  00000e84    00000018     armMainV4-2.obj (.text:elbowDown)
                  00000e9c    00000018     armMainV4-2.obj (.text:elbowUp)
                  00000eb4    00000018     rtsv7M4_T_le_v4SPD16_eabi.lib : args_main.obj (.text)
                  00000ecc    00000018     dynamixel.obj (.text:switchCom)
                  00000ee4    00000018     armMainV4-2.obj (.text:wristClockWise)
                  00000efc    00000018     armMainV4-2.obj (.text:wristCounterClockWise)
                  00000f14    00000018     armMainV4-2.obj (.text:wristDown)
                  00000f2c    00000018     armMainV4-2.obj (.text:wristUp)
                  00000f44    00000016     armMainV4-2.obj (.text:setForward)
                  00000f5a    00000016     armMainV4-2.obj (.text:setReverse)
                  00000f70    00000014     armMainV4-2.obj (.text:UARTEnable)
                  00000f84    00000014     rtsv7M4_T_le_v4SPD16_eabi.lib : _lock.obj (.text)
                  00000f98    00000014     armMainV4-2.obj (.text:setStop)
                  00000fac    00000012     armMainV4-2.obj (.text:GPIOPinTypeUART)
                  00000fbe    0000000e     rtsv7M4_T_le_v4SPD16_eabi.lib : copy_decompress_none.obj (.text:decompress:none)
                  00000fcc    0000000a     armMainV4-2.obj (.text:UARTCharGet)
                  00000fd6    0000000a     armMainV4-2.obj (.text:UARTCharPut)
                  00000fe0    00000006     armMainV4-2.obj (.text:GPIOPinWrite)
                  00000fe6    00000006     startup_ccs.obj (.text:ResetISR)
                  00000fec    00000006     armMainV4-2.obj (.text:SysCtlDelay)
                  00000ff2    00000006     rtsv7M4_T_le_v4SPD16_eabi.lib : copy_decompress_rle.obj (.text:decompress:rle24)
                  00000ff8    00000002     startup_ccs.obj (.text:NmiSR)

.const     0    00000ffc    000000fc     
                  00000ffc    00000090     armMainV4-2.obj (.const:g_pui32GPIOBaseAddrs)
                  0000108c    0000006c     armMainV4-2.obj (.const:g_pui32Xtals)

.cinit     0    000010f8    00000020     
                  000010f8    0000000f     (.cinit..data.load) [load image, compression = rle]
                  00001107    00000001     --HOLE-- [fill = 0]
                  00001108    00000008     (__TI_handler_table)
                  00001110    00000008     (__TI_cinit_table)

.stack     0    20000000    00000100     UNINITIALIZED
                  20000000    00000100     --HOLE--

.data      0    20000100    00000014     UNINITIALIZED
                  20000100    00000008     rtsv7M4_T_le_v4SPD16_eabi.lib : _lock.obj (.data)
                  20000108    00000008                                   : exit.obj (.data)
                  20000110    00000004                                   : stkdepth_vars.obj (.data)


LINKER GENERATED COPY TABLES

__TI_cinit_table @ 00001110 records: 1, size/record: 8, table size: 8
	.data: load addr=000010f8, load size=0000000f bytes, run addr=20000100, run size=00000014 bytes, compression=rle


LINKER GENERATED HANDLER TABLE

__TI_handler_table @ 00001108 records: 2, size/record: 4, table size: 8
	index: 0, handler: __TI_decompress_rle24
	index: 1, handler: __TI_decompress_none


GLOBAL SYMBOLS: SORTED ALPHABETICALLY BY Name 

address    name
--------   ----
00000cb1   C$$EXIT
00000d6d   GPIODirModeSet
0000026d   GPIOPadConfigSet
00000bdd   GPIOPinConfigure
00000e0d   GPIOPinTypeGPIOOutput
00000fad   GPIOPinTypeUART
00000fe1   GPIOPinWrite
00000fe7   ResetISR
UNDEFED    SHT$$INIT_ARRAY$$Base
UNDEFED    SHT$$INIT_ARRAY$$Limit
000005fd   SysCtlClockGet
00000715   SysCtlClockSet
00000fed   SysCtlDelay
00000d39   SysCtlPeripheralEnable
00000fcd   UARTCharGet
00000fd7   UARTCharPut
00000cf5   UARTConfigSetExpClk
00000df1   UARTDisable
00000f71   UARTEnable
20000100   __STACK_END
00000100   __STACK_SIZE
20000100   __STACK_TOP
00001110   __TI_CINIT_Base
00001118   __TI_CINIT_Limit
00001108   __TI_Handler_Table_Base
00001110   __TI_Handler_Table_Limit
00000001   __TI_args_main
000008a1   __TI_auto_init
20000108   __TI_cleanup_ptr
00000fbf   __TI_decompress_none
00000ff3   __TI_decompress_rle24
2000010c   __TI_dtors_ptr
00000000   __TI_static_base__
00000805   __aeabi_memcpy
00000805   __aeabi_memcpy4
00000805   __aeabi_memcpy8
ffffffff   __binit__
ffffffff   __c_args__
20000000   __stack
00000eb5   _args_main
00000c25   _c_int00
20000100   _lock
00000f93   _nop
00000f8b   _register_lock
00000f85   _register_unlock
20000104   _unlock
00000cb5   abort
00000d97   actuatorForward
00000db5   actuatorReverse
00000e25   baseClockWise
00000e3d   baseCounterClockWise
ffffffff   binit
00000c6d   copy_in
00000a83   dynoMove
00000b33   dynoMultiModeSet
00000e55   elbowClockWise
00000e6d   elbowCounterClockWise
00000e85   elbowDown
00000e9d   elbowUp
00000cbd   exit
00000000   g_pfnVectors
000009b1   initDynos
0000039d   initHardware
000004cd   main
20000110   main_func_sp
00000805   memcpy
00000adb   readStructData
00000935   recv_struct
00000dd3   resetStruct
00000b89   send_struct
00000f45   setForward
00000f5b   setReverse
00000f99   setStop
00000ecd   switchCom
00000ee5   wristClockWise
00000efd   wristCounterClockWise
00000f15   wristDown
00000f2d   wristUp


GLOBAL SYMBOLS: SORTED BY Symbol Address 

address    name
--------   ----
00000000   __TI_static_base__
00000000   g_pfnVectors
00000001   __TI_args_main
00000100   __STACK_SIZE
0000026d   GPIOPadConfigSet
0000039d   initHardware
000004cd   main
000005fd   SysCtlClockGet
00000715   SysCtlClockSet
00000805   __aeabi_memcpy
00000805   __aeabi_memcpy4
00000805   __aeabi_memcpy8
00000805   memcpy
000008a1   __TI_auto_init
00000935   recv_struct
000009b1   initDynos
00000a83   dynoMove
00000adb   readStructData
00000b33   dynoMultiModeSet
00000b89   send_struct
00000bdd   GPIOPinConfigure
00000c25   _c_int00
00000c6d   copy_in
00000cb1   C$$EXIT
00000cb5   abort
00000cbd   exit
00000cf5   UARTConfigSetExpClk
00000d39   SysCtlPeripheralEnable
00000d6d   GPIODirModeSet
00000d97   actuatorForward
00000db5   actuatorReverse
00000dd3   resetStruct
00000df1   UARTDisable
00000e0d   GPIOPinTypeGPIOOutput
00000e25   baseClockWise
00000e3d   baseCounterClockWise
00000e55   elbowClockWise
00000e6d   elbowCounterClockWise
00000e85   elbowDown
00000e9d   elbowUp
00000eb5   _args_main
00000ecd   switchCom
00000ee5   wristClockWise
00000efd   wristCounterClockWise
00000f15   wristDown
00000f2d   wristUp
00000f45   setForward
00000f5b   setReverse
00000f71   UARTEnable
00000f85   _register_unlock
00000f8b   _register_lock
00000f93   _nop
00000f99   setStop
00000fad   GPIOPinTypeUART
00000fbf   __TI_decompress_none
00000fcd   UARTCharGet
00000fd7   UARTCharPut
00000fe1   GPIOPinWrite
00000fe7   ResetISR
00000fed   SysCtlDelay
00000ff3   __TI_decompress_rle24
00001108   __TI_Handler_Table_Base
00001110   __TI_CINIT_Base
00001110   __TI_Handler_Table_Limit
00001118   __TI_CINIT_Limit
20000000   __stack
20000100   __STACK_END
20000100   __STACK_TOP
20000100   _lock
20000104   _unlock
20000108   __TI_cleanup_ptr
2000010c   __TI_dtors_ptr
20000110   main_func_sp
ffffffff   __binit__
ffffffff   __c_args__
ffffffff   binit
UNDEFED    SHT$$INIT_ARRAY$$Base
UNDEFED    SHT$$INIT_ARRAY$$Limit

[78 symbols]
