******************************************************************************
                  TI ARM Linker PC v5.1.6                      
******************************************************************************
>> Linked Sat Feb 14 21:50:29 2015

OUTPUT FILE NAME:   <V4_2.out>
ENTRY POINT SYMBOL: "_c_int00"  address: 00000c65


MEMORY CONFIGURATION

         name            origin    length      used     unused   attr    fill
----------------------  --------  ---------  --------  --------  ----  --------
  FLASH                 00000000   00040000  00001156  0003eeaa  R  X
  SRAM                  20000000   00008000  00000114  00007eec  RW X


SEGMENT ALLOCATION MAP

run origin  load origin   length   init length attrs members
----------  ----------- ---------- ----------- ----- -------
00000000    00000000    00001158   00001158    r-x
  00000000    00000000    0000026c   0000026c    r-- .intvecs
  0000026c    0000026c    00000dce   00000dce    r-x .text
  0000103c    0000103c    000000fc   000000fc    r-- .const
  00001138    00001138    00000020   00000020    r-- .cinit
20000000    20000000    00000114   00000000    rw-
  20000000    20000000    00000100   00000000    rw- .stack
  20000100    20000100    00000014   00000000    rw- .data


SECTION ALLOCATION MAP

 output                                  attributes/
section   page    origin      length       input sections
--------  ----  ----------  ----------   ----------------
.intvecs   0    00000000    0000026c     
                  00000000    0000026c     startup_ccs.obj (.intvecs)

.init_array 
*          0    00000000    00000000     UNINITIALIZED

.text      0    0000026c    00000dce     
                  0000026c    0000014c     armMainV4_2.obj (.text:main)
                  000003b8    00000130     armMainV4_2.obj (.text:GPIOPadConfigSet)
                  000004e8    00000130     armMainV4_2.obj (.text:initHardware)
                  00000618    00000118     armMainV4_2.obj (.text:SysCtlClockGet)
                  00000730    000000f0     armMainV4_2.obj (.text:SysCtlClockSet)
                  00000820    000000d0     struct_xfer.obj (.text:recv_struct)
                  000008f0    0000009c     rtsv7M4_T_le_v4SPD16_eabi.lib : memcpy_t2.obj (.text)
                  0000098c    00000094                                   : auto_init.obj (.text)
                  00000a20    0000007a     struct_xfer.obj (.text:send_struct)
                  00000a9a    00000002     startup_ccs.obj (.text:FaultISR)
                  00000a9c    00000074     armMainV4_2.obj (.text:initDynos)
                  00000b10    0000005e     rtsv7M4_T_le_v4SPD16_eabi.lib : copy_decompress_rle.obj (.text)
                  00000b6e    00000058     dynamixel.obj (.text:dynoMove)
                  00000bc6    00000056     dynamixel.obj (.text:dynoMultiModeSet)
                  00000c1c    00000048     armMainV4_2.obj (.text:GPIOPinConfigure)
                  00000c64    00000048     rtsv7M4_T_le_v4SPD16_eabi.lib : boot.obj (.text)
                  00000cac    00000044                                   : cpy_tbl.obj (.text)
                  00000cf0    00000044                                   : exit.obj (.text)
                  00000d34    00000042     armMainV4_2.obj (.text:UARTConfigSetExpClk)
                  00000d76    00000002     startup_ccs.obj (.text:IntDefaultHandler)
                  00000d78    00000034     armMainV4_2.obj (.text:SysCtlPeripheralEnable)
                  00000dac    0000002a     armMainV4_2.obj (.text:GPIODirModeSet)
                  00000dd6    0000001e     armMainV4_2.obj (.text:actuatorForward)
                  00000df4    0000001e     armMainV4_2.obj (.text:actuatorReverse)
                  00000e12    0000001e     armMainV4_2.obj (.text:resetStruct)
                  00000e30    0000001c     armMainV4_2.obj (.text:UARTDisable)
                  00000e4c    00000018     armMainV4_2.obj (.text:GPIOPinTypeGPIOOutput)
                  00000e64    00000018     armMainV4_2.obj (.text:baseClockWise)
                  00000e7c    00000018     armMainV4_2.obj (.text:baseCounterClockWise)
                  00000e94    00000018     armMainV4_2.obj (.text:elbowClockWise)
                  00000eac    00000018     armMainV4_2.obj (.text:elbowCounterClockWise)
                  00000ec4    00000018     armMainV4_2.obj (.text:elbowDown)
                  00000edc    00000018     armMainV4_2.obj (.text:elbowUp)
                  00000ef4    00000018     rtsv7M4_T_le_v4SPD16_eabi.lib : args_main.obj (.text)
                  00000f0c    00000018     dynamixel.obj (.text:switchCom)
                  00000f24    00000018     armMainV4_2.obj (.text:wristClockWise)
                  00000f3c    00000018     armMainV4_2.obj (.text:wristCounterClockWise)
                  00000f54    00000018     armMainV4_2.obj (.text:wristDown)
                  00000f6c    00000018     armMainV4_2.obj (.text:wristUp)
                  00000f84    00000016     armMainV4_2.obj (.text:setForward)
                  00000f9a    00000016     armMainV4_2.obj (.text:setReverse)
                  00000fb0    00000014     armMainV4_2.obj (.text:UARTEnable)
                  00000fc4    00000014     rtsv7M4_T_le_v4SPD16_eabi.lib : _lock.obj (.text)
                  00000fd8    00000014     armMainV4_2.obj (.text:setStop)
                  00000fec    00000012     armMainV4_2.obj (.text:GPIOPinTypeUART)
                  00000ffe    0000000e     rtsv7M4_T_le_v4SPD16_eabi.lib : copy_decompress_none.obj (.text:decompress:none)
                  0000100c    0000000a     armMainV4_2.obj (.text:UARTCharGet)
                  00001016    0000000a     armMainV4_2.obj (.text:UARTCharPut)
                  00001020    00000006     armMainV4_2.obj (.text:GPIOPinWrite)
                  00001026    00000006     startup_ccs.obj (.text:ResetISR)
                  0000102c    00000006     armMainV4_2.obj (.text:SysCtlDelay)
                  00001032    00000006     rtsv7M4_T_le_v4SPD16_eabi.lib : copy_decompress_rle.obj (.text:decompress:rle24)
                  00001038    00000002     startup_ccs.obj (.text:NmiSR)

.const     0    0000103c    000000fc     
                  0000103c    00000090     armMainV4_2.obj (.const:g_pui32GPIOBaseAddrs)
                  000010cc    0000006c     armMainV4_2.obj (.const:g_pui32Xtals)

.cinit     0    00001138    00000020     
                  00001138    0000000f     (.cinit..data.load) [load image, compression = rle]
                  00001147    00000001     --HOLE-- [fill = 0]
                  00001148    00000008     (__TI_handler_table)
                  00001150    00000008     (__TI_cinit_table)

.stack     0    20000000    00000100     UNINITIALIZED
                  20000000    00000100     --HOLE--

.data      0    20000100    00000014     UNINITIALIZED
                  20000100    00000008     rtsv7M4_T_le_v4SPD16_eabi.lib : _lock.obj (.data)
                  20000108    00000008                                   : exit.obj (.data)
                  20000110    00000004                                   : stkdepth_vars.obj (.data)


LINKER GENERATED COPY TABLES

__TI_cinit_table @ 00001150 records: 1, size/record: 8, table size: 8
	.data: load addr=00001138, load size=0000000f bytes, run addr=20000100, run size=00000014 bytes, compression=rle


LINKER GENERATED HANDLER TABLE

__TI_handler_table @ 00001148 records: 2, size/record: 4, table size: 8
	index: 0, handler: __TI_decompress_rle24
	index: 1, handler: __TI_decompress_none


GLOBAL SYMBOLS: SORTED ALPHABETICALLY BY Name 

address    name
--------   ----
00000cf1   C$$EXIT
00000dad   GPIODirModeSet
000003b9   GPIOPadConfigSet
00000c1d   GPIOPinConfigure
00000e4d   GPIOPinTypeGPIOOutput
00000fed   GPIOPinTypeUART
00001021   GPIOPinWrite
00001027   ResetISR
UNDEFED    SHT$$INIT_ARRAY$$Base
UNDEFED    SHT$$INIT_ARRAY$$Limit
00000619   SysCtlClockGet
00000731   SysCtlClockSet
0000102d   SysCtlDelay
00000d79   SysCtlPeripheralEnable
0000100d   UARTCharGet
00001017   UARTCharPut
00000d35   UARTConfigSetExpClk
00000e31   UARTDisable
00000fb1   UARTEnable
20000100   __STACK_END
00000100   __STACK_SIZE
20000100   __STACK_TOP
00001150   __TI_CINIT_Base
00001158   __TI_CINIT_Limit
00001148   __TI_Handler_Table_Base
00001150   __TI_Handler_Table_Limit
00000001   __TI_args_main
0000098d   __TI_auto_init
20000108   __TI_cleanup_ptr
00000fff   __TI_decompress_none
00001033   __TI_decompress_rle24
2000010c   __TI_dtors_ptr
00000000   __TI_static_base__
000008f1   __aeabi_memcpy
000008f1   __aeabi_memcpy4
000008f1   __aeabi_memcpy8
ffffffff   __binit__
ffffffff   __c_args__
20000000   __stack
00000ef5   _args_main
00000c65   _c_int00
20000100   _lock
00000fd3   _nop
00000fcb   _register_lock
00000fc5   _register_unlock
20000104   _unlock
00000cf5   abort
00000dd7   actuatorForward
00000df5   actuatorReverse
00000e65   baseClockWise
00000e7d   baseCounterClockWise
ffffffff   binit
00000cad   copy_in
00000b6f   dynoMove
00000bc7   dynoMultiModeSet
00000e95   elbowClockWise
00000ead   elbowCounterClockWise
00000ec5   elbowDown
00000edd   elbowUp
00000cfd   exit
00000000   g_pfnVectors
00000a9d   initDynos
000004e9   initHardware
0000026d   main
20000110   main_func_sp
000008f1   memcpy
00000821   recv_struct
00000e13   resetStruct
00000a21   send_struct
00000f85   setForward
00000f9b   setReverse
00000fd9   setStop
00000f0d   switchCom
00000f25   wristClockWise
00000f3d   wristCounterClockWise
00000f55   wristDown
00000f6d   wristUp


GLOBAL SYMBOLS: SORTED BY Symbol Address 

address    name
--------   ----
00000000   __TI_static_base__
00000000   g_pfnVectors
00000001   __TI_args_main
00000100   __STACK_SIZE
0000026d   main
000003b9   GPIOPadConfigSet
000004e9   initHardware
00000619   SysCtlClockGet
00000731   SysCtlClockSet
00000821   recv_struct
000008f1   __aeabi_memcpy
000008f1   __aeabi_memcpy4
000008f1   __aeabi_memcpy8
000008f1   memcpy
0000098d   __TI_auto_init
00000a21   send_struct
00000a9d   initDynos
00000b6f   dynoMove
00000bc7   dynoMultiModeSet
00000c1d   GPIOPinConfigure
00000c65   _c_int00
00000cad   copy_in
00000cf1   C$$EXIT
00000cf5   abort
00000cfd   exit
00000d35   UARTConfigSetExpClk
00000d79   SysCtlPeripheralEnable
00000dad   GPIODirModeSet
00000dd7   actuatorForward
00000df5   actuatorReverse
00000e13   resetStruct
00000e31   UARTDisable
00000e4d   GPIOPinTypeGPIOOutput
00000e65   baseClockWise
00000e7d   baseCounterClockWise
00000e95   elbowClockWise
00000ead   elbowCounterClockWise
00000ec5   elbowDown
00000edd   elbowUp
00000ef5   _args_main
00000f0d   switchCom
00000f25   wristClockWise
00000f3d   wristCounterClockWise
00000f55   wristDown
00000f6d   wristUp
00000f85   setForward
00000f9b   setReverse
00000fb1   UARTEnable
00000fc5   _register_unlock
00000fcb   _register_lock
00000fd3   _nop
00000fd9   setStop
00000fed   GPIOPinTypeUART
00000fff   __TI_decompress_none
0000100d   UARTCharGet
00001017   UARTCharPut
00001021   GPIOPinWrite
00001027   ResetISR
0000102d   SysCtlDelay
00001033   __TI_decompress_rle24
00001148   __TI_Handler_Table_Base
00001150   __TI_CINIT_Base
00001150   __TI_Handler_Table_Limit
00001158   __TI_CINIT_Limit
20000000   __stack
20000100   __STACK_END
20000100   __STACK_TOP
20000100   _lock
20000104   _unlock
20000108   __TI_cleanup_ptr
2000010c   __TI_dtors_ptr
20000110   main_func_sp
ffffffff   __binit__
ffffffff   __c_args__
ffffffff   binit
UNDEFED    SHT$$INIT_ARRAY$$Base
UNDEFED    SHT$$INIT_ARRAY$$Limit

[77 symbols]
