******************************************************************************
                  TI ARM Linker Unix v5.1.6                    
******************************************************************************
>> Linked Sat Apr 25 18:27:31 2015

OUTPUT FILE NAME:   <Arm.out>
ENTRY POINT SYMBOL: "_c_int00"  address: 00003891


MEMORY CONFIGURATION

         name            origin    length      used     unused   attr    fill
----------------------  --------  ---------  --------  --------  ----  --------
  FLASH                 00000000   00040000  00003f80  0003c080  R  X
  SRAM                  20000000   00008000  00000489  00007b77  RW X


SEGMENT ALLOCATION MAP

run origin  load origin   length   init length attrs members
----------  ----------- ---------- ----------- ----- -------
00000000    00000000    00003f80   00003f80    r-x
  00000000    00000000    0000026c   0000026c    r-- .intvecs
  0000026c    0000026c    00003758   00003758    r-x .text
  000039c4    000039c4    00000574   00000574    r-- .const
  00003f38    00003f38    00000048   00000048    r-- .cinit
20000000    20000000    00000489   00000000    rw-
  20000000    20000000    0000026c   00000000    rw- .vtable
  2000026c    2000026c    00000200   00000000    rw- .stack
  2000046c    2000046c    0000001c   00000000    rw- .data
  20000488    20000488    00000001   00000000    rw- .bss


SECTION ALLOCATION MAP

 output                                  attributes/
section   page    origin      length       input sections
--------  ----  ----------  ----------   ----------------
.intvecs   0    00000000    0000026c     
                  00000000    0000026c     tm4c123gh6pm_startup_ccs.obj (.intvecs)

.init_array 
*          0    00000000    00000000     UNINITIALIZED

.text      0    0000026c    00003758     
                  0000026c    00002bf8     armMain.obj (.text)
                  00002e64    000006a0     dynamixel.obj (.text)
                  00003504    000001fc     struct_xfer_armVersion.obj (.text)
                  00003700    0000009c     rtsv7M4_T_le_v4SPD16_eabi.lib : memcpy_t2.obj (.text)
                  0000379c    00000094                                   : auto_init.obj (.text)
                  00003830    0000005e                                   : copy_decompress_rle.obj (.text)
                  0000388e    00000002     --HOLE-- [fill = 0]
                  00003890    00000048                                   : boot.obj (.text)
                  000038d8    00000044                                   : cpy_tbl.obj (.text)
                  0000391c    00000044                                   : exit.obj (.text)
                  00003960    00000018                                   : args_main.obj (.text)
                  00003978    00000014                                   : _lock.obj (.text)
                  0000398c    00000012                                   : copy_zero_init.obj (.text:decompress:ZI)
                  0000399e    0000000e                                   : copy_decompress_none.obj (.text:decompress:none)
                  000039ac    0000000c     tm4c123gh6pm_startup_ccs.obj (.text)
                  000039b8    00000006     armMain.obj (.text:SysCtlDelay)
                  000039be    00000006     rtsv7M4_T_le_v4SPD16_eabi.lib : copy_decompress_rle.obj (.text:decompress:rle24)

.const     0    000039c4    00000574     
                  000039c4    00000120     armMain.obj (.const:g_pppui32XTALtoVCO)
                  00003ae4    000000c0     armMain.obj (.const:g_ppui32GPIOIntMapBlizzard)
                  00003ba4    000000c0     armMain.obj (.const:g_ppui32GPIOIntMapSnowflake)
                  00003c64    0000009c     armMain.obj (.const:g_pui32Regs)
                  00003d00    00000090     armMain.obj (.const:g_pui32GPIOBaseAddrs)
                  00003d90    0000008c     armMain.obj (.const)
                  00003e1c    0000006c     armMain.obj (.const:g_pui32Xtals)
                  00003e88    00000040     armMain.obj (.const:g_ppui32UARTIntMap)
                  00003ec8    00000040     armMain.obj (.const:g_ppui32UARTIntMapSnowflake)
                  00003f08    00000030     armMain.obj (.const:g_sXTALtoMEMTIM)

.cinit     0    00003f38    00000048     
                  00003f38    00000013     (.cinit..data.load) [load image, compression = rle]
                  00003f4b    00000001     --HOLE-- [fill = 0]
                  00003f4c    0000000c     (__TI_handler_table)
                  00003f58    00000008     (.cinit..bss.load) [load image, compression = zero_init]
                  00003f60    00000008     (.cinit..vtable.load) [load image, compression = zero_init]
                  00003f68    00000018     (__TI_cinit_table)

.vtable    0    20000000    0000026c     UNINITIALIZED
                  20000000    0000026c     armMain.obj (.vtable)

.stack     0    2000026c    00000200     UNINITIALIZED
                  2000026c    00000200     --HOLE--

.data      0    2000046c    0000001c     UNINITIALIZED
                  2000046c    00000008     rtsv7M4_T_le_v4SPD16_eabi.lib : _lock.obj (.data)
                  20000474    00000008                                   : exit.obj (.data)
                  2000047c    00000005     armMain.obj (.data)
                  20000481    00000003     --HOLE--
                  20000484    00000004     rtsv7M4_T_le_v4SPD16_eabi.lib : stkdepth_vars.obj (.data)

.bss       0    20000488    00000001     UNINITIALIZED
                  20000488    00000001     (.common:error_byte)


LINKER GENERATED COPY TABLES

__TI_cinit_table @ 00003f68 records: 3, size/record: 8, table size: 24
	.data: load addr=00003f38, load size=00000013 bytes, run addr=2000046c, run size=0000001c bytes, compression=rle
	.bss: load addr=00003f58, load size=00000008 bytes, run addr=20000488, run size=00000001 bytes, compression=zero_init
	.vtable: load addr=00003f60, load size=00000008 bytes, run addr=20000000, run size=0000026c bytes, compression=zero_init


LINKER GENERATED HANDLER TABLE

__TI_handler_table @ 00003f4c records: 3, size/record: 4, table size: 12
	index: 0, handler: __TI_zero_init
	index: 1, handler: __TI_decompress_rle24
	index: 2, handler: __TI_decompress_none


GLOBAL SYMBOLS: SORTED ALPHABETICALLY BY Name 

address    name
--------   ----
00003e18   ACTUATOR_FORWARD_LIMIT
00003e1a   ACTUATOR_REVERSE_LIMIT
0000391d   C$$EXIT
000011d9   CPUbasepriGet
000011cb   CPUbasepriSet
000011a1   CPUcpsid
000011bb   CPUcpsie
000011b1   CPUprimask
000011c7   CPUwfi
00000ddf   GPIOADCTriggerDisable
00000dc1   GPIOADCTriggerEnable
00000da3   GPIODMATriggerDisable
00000d85   GPIODMATriggerEnable
0000032b   GPIODirModeGet
000002cf   GPIODirModeSet
0000089f   GPIOIntClear
00000863   GPIOIntDisable
00000849   GPIOIntEnable
000008b3   GPIOIntRegister
0000087d   GPIOIntStatus
0000041b   GPIOIntTypeGet
00000377   GPIOIntTypeSet
000008d1   GPIOIntUnregister
000006f7   GPIOPadConfigGet
000004b9   GPIOPadConfigSet
00000d27   GPIOPinConfigure
000008eb   GPIOPinRead
00000923   GPIOPinTypeADC
00000947   GPIOPinTypeCAN
00000cf3   GPIOPinTypeCIR
0000096b   GPIOPinTypeComparator
0000098f   GPIOPinTypeEPI
000009b3   GPIOPinTypeEthernetLED
000009d7   GPIOPinTypeEthernetMII
000009fb   GPIOPinTypeGPIOInput
00000a1f   GPIOPinTypeGPIOOutput
00000a43   GPIOPinTypeGPIOOutputOD
00000a67   GPIOPinTypeI2C
00000a8b   GPIOPinTypeI2CSCL
00000cab   GPIOPinTypeKBColumn
00000c87   GPIOPinTypeKBRow
00000aaf   GPIOPinTypeLCD
00000ccf   GPIOPinTypeLEDSeq
00000ad3   GPIOPinTypeLPC
00000af7   GPIOPinTypePECIRx
00000b1b   GPIOPinTypePECITx
00000b3f   GPIOPinTypePWM
00000b63   GPIOPinTypeQEI
00000b87   GPIOPinTypeSSI
00000bab   GPIOPinTypeTimer
00000bcf   GPIOPinTypeUART
00000bf3   GPIOPinTypeUSBAnalog
00000c17   GPIOPinTypeUSBDigital
00000c3b   GPIOPinTypeWakeHigh
00000c61   GPIOPinTypeWakeLow
00000d17   GPIOPinWakeStatus
00000903   GPIOPinWrite
00000fc5   IntDisable
00000f4b   IntEnable
00001037   IntIsEnabled
00000e0f   IntMasterDisable
00000dff   IntMasterEnable
0000112d   IntPendClear
000010bd   IntPendSet
00000f27   IntPriorityGet
00000e9f   IntPriorityGroupingGet
00000e85   IntPriorityGroupingSet
00001187   IntPriorityMaskGet
0000117b   IntPriorityMaskSet
00000ed7   IntPrioritySet
00000e1f   IntRegister
00002db1   IntSetup
0000118f   IntTrigger
00000e71   IntUnregister
000039ad   ResetISR
UNDEFED    SHT$$INIT_ARRAY$$Base
UNDEFED    SHT$$INIT_ARRAY$$Limit
000026cf   SysCtlAltClkConfig
00001e9d   SysCtlClockFreqSet
00002381   SysCtlClockGet
000026b3   SysCtlClockOutConfig
000021b5   SysCtlClockSet
00001d9d   SysCtlDeepSleep
00002555   SysCtlDeepSleepClockConfigSet
00002539   SysCtlDeepSleepClockSet
00001d7d   SysCtlDeepSleepPowerSet
000039b9   SysCtlDelay
00001927   SysCtlFlashSectorSizeGet
000018fb   SysCtlFlashSizeGet
0000262b   SysCtlGPIOAHBDisable
0000260f   SysCtlGPIOAHBEnable
00001d11   SysCtlIntClear
00001cf9   SysCtlIntDisable
00001ce5   SysCtlIntEnable
00001cbd   SysCtlIntRegister
00001d21   SysCtlIntStatus
00001cd5   SysCtlIntUnregister
00001d63   SysCtlLDODeepSleepGet
00001d53   SysCtlLDODeepSleepSet
00001d4d   SysCtlLDOSleepGet
00001d3d   SysCtlLDOSleepSet
00001dd3   SysCtlMOSCConfigSet
0000269f   SysCtlNMIClear
00002699   SysCtlNMIStatus
00001de9   SysCtlPIOSCCalibrate
000025f9   SysCtlPWMClockGet
000025df   SysCtlPWMClockSet
00001c69   SysCtlPeripheralClockGating
00001c21   SysCtlPeripheralDeepSleepDisable
00001bd1   SysCtlPeripheralDeepSleepEnable
00001b0b   SysCtlPeripheralDisable
00001acf   SysCtlPeripheralEnable
00001a0b   SysCtlPeripheralPowerOff
000019cf   SysCtlPeripheralPowerOn
0000194f   SysCtlPeripheralPresent
0000198f   SysCtlPeripheralReady
00001a47   SysCtlPeripheralReset
00001b95   SysCtlPeripheralSleepDisable
00001b51   SysCtlPeripheralSleepEnable
00001d8d   SysCtlReset
00001e49   SysCtlResetBehaviorGet
00001e39   SysCtlResetBehaviorSet
00001dbf   SysCtlResetCauseClear
00001db9   SysCtlResetCauseGet
000018f1   SysCtlSRAMSizeGet
00001d95   SysCtlSleep
00001d69   SysCtlSleepPowerSet
00002659   SysCtlUSBPLLDisable
00002647   SysCtlUSBPLLEnable
00002685   SysCtlVoltageEventClear
00002669   SysCtlVoltageEventConfig
00002679   SysCtlVoltageEventStatus
000017e7   UART9BitAddrSend
000017c1   UART9BitAddrSet
000017ab   UART9BitDisable
00001795   UART9BitEnable
0000163b   UARTBreakCtl
00001665   UARTBusy
000015e3   UARTCharGet
000015c7   UARTCharGetNonBlocking
0000161d   UARTCharPut
000015f9   UARTCharPutNonBlocking
0000158b   UARTCharsAvail
00001785   UARTClockSourceGet
00001771   UARTClockSourceSet
00001341   UARTConfigGetExpClk
000012c5   UARTConfigSetExpClk
00001737   UARTDMADisable
0000171f   UARTDMAEnable
000013b5   UARTDisable
00001445   UARTDisableSIR
00001391   UARTEnable
00001411   UARTEnableSIR
000013f5   UARTFIFODisable
000013df   UARTFIFOEnable
0000129d   UARTFIFOLevelGet
00001281   UARTFIFOLevelSet
0000154b   UARTFlowControlGet
0000152f   UARTFlowControlSet
0000170d   UARTIntClear
000016d7   UARTIntDisable
000016bf   UARTIntEnable
00001683   UARTIntRegister
000016ef   UARTIntStatus
000016a5   UARTIntUnregister
000014e5   UARTModemControlClear
00001509   UARTModemControlGet
000014a3   UARTModemControlSet
0000151b   UARTModemStatusGet
00002d49   UARTMotherIntHandler
0000126f   UARTParityModeGet
00001253   UARTParityModeSet
00001761   UARTRxErrorClear
0000174f   UARTRxErrorGet
0000148d   UARTSmartCardDisable
0000145b   UARTSmartCardEnable
000015a9   UARTSpaceAvail
00001579   UARTTxIntModeGet
0000155d   UARTTxIntModeSet
2000046c   __STACK_END
00000200   __STACK_SIZE
2000046c   __STACK_TOP
00003f68   __TI_CINIT_Base
00003f80   __TI_CINIT_Limit
00003f4c   __TI_Handler_Table_Base
00003f58   __TI_Handler_Table_Limit
00000001   __TI_args_main
0000379d   __TI_auto_init
20000474   __TI_cleanup_ptr
0000399f   __TI_decompress_none
000039bf   __TI_decompress_rle24
20000478   __TI_dtors_ptr
00000000   __TI_static_base__
0000398d   __TI_zero_init
00003701   __aeabi_memcpy
00003701   __aeabi_memcpy4
00003701   __aeabi_memcpy8
ffffffff   __binit__
ffffffff   __c_args__
2000026c   __stack
00003961   _args_main
00003891   _c_int00
2000046c   _lock
00003987   _nop
0000397f   _register_lock
00003979   _register_unlock
20000470   _unlock
00003921   abort
00002a41   actuatorForward
00002a93   actuatorReverse
00002ae5   baseClockwise
00002b01   baseCounterClockwise
ffffffff   binit
00002b21   checkStops
00003323   clearRxBuffer
000038d9   copy_in
00002887   delay
0000347d   dynoJointModeSet
00002e65   dynoMove
00002f97   dynoMultiModeSet
0000339d   dynoPing
000030b5   dynoReadPosition
00003333   dynoReset
00003401   dynoSetID
00002f01   dynoSpeedSet
000031fd   dynoTurn
00003015   dynoWheelModeSet
000029a5   elbowClockwise
00002971   elbowCounterClockwise
000029d9   elbowDown
00002a0d   elbowUp
20000488   error_byte
00003929   exit
00002dd9   flushUart
20000000   g_pfnRAMVectors
00000000   g_pfnVectors
20000480   handled
00002ba5   initHardware
00002d15   initPositions
00002715   main
20000484   main_func_sp
00003701   memcpy
00003505   recv_struct
00002ca1   resetStruct
00003611   send_struct
00002cd3   setMotor
00003091   switchCom
2000047c   uartRxBuf
000028a1   wristClockwise
000028d1   wristCounterClockwise
00002939   wristDown
00002905   wristUp


GLOBAL SYMBOLS: SORTED BY Symbol Address 

address    name
--------   ----
00000000   __TI_static_base__
00000000   g_pfnVectors
00000001   __TI_args_main
00000200   __STACK_SIZE
000002cf   GPIODirModeSet
0000032b   GPIODirModeGet
00000377   GPIOIntTypeSet
0000041b   GPIOIntTypeGet
000004b9   GPIOPadConfigSet
000006f7   GPIOPadConfigGet
00000849   GPIOIntEnable
00000863   GPIOIntDisable
0000087d   GPIOIntStatus
0000089f   GPIOIntClear
000008b3   GPIOIntRegister
000008d1   GPIOIntUnregister
000008eb   GPIOPinRead
00000903   GPIOPinWrite
00000923   GPIOPinTypeADC
00000947   GPIOPinTypeCAN
0000096b   GPIOPinTypeComparator
0000098f   GPIOPinTypeEPI
000009b3   GPIOPinTypeEthernetLED
000009d7   GPIOPinTypeEthernetMII
000009fb   GPIOPinTypeGPIOInput
00000a1f   GPIOPinTypeGPIOOutput
00000a43   GPIOPinTypeGPIOOutputOD
00000a67   GPIOPinTypeI2C
00000a8b   GPIOPinTypeI2CSCL
00000aaf   GPIOPinTypeLCD
00000ad3   GPIOPinTypeLPC
00000af7   GPIOPinTypePECIRx
00000b1b   GPIOPinTypePECITx
00000b3f   GPIOPinTypePWM
00000b63   GPIOPinTypeQEI
00000b87   GPIOPinTypeSSI
00000bab   GPIOPinTypeTimer
00000bcf   GPIOPinTypeUART
00000bf3   GPIOPinTypeUSBAnalog
00000c17   GPIOPinTypeUSBDigital
00000c3b   GPIOPinTypeWakeHigh
00000c61   GPIOPinTypeWakeLow
00000c87   GPIOPinTypeKBRow
00000cab   GPIOPinTypeKBColumn
00000ccf   GPIOPinTypeLEDSeq
00000cf3   GPIOPinTypeCIR
00000d17   GPIOPinWakeStatus
00000d27   GPIOPinConfigure
00000d85   GPIODMATriggerEnable
00000da3   GPIODMATriggerDisable
00000dc1   GPIOADCTriggerEnable
00000ddf   GPIOADCTriggerDisable
00000dff   IntMasterEnable
00000e0f   IntMasterDisable
00000e1f   IntRegister
00000e71   IntUnregister
00000e85   IntPriorityGroupingSet
00000e9f   IntPriorityGroupingGet
00000ed7   IntPrioritySet
00000f27   IntPriorityGet
00000f4b   IntEnable
00000fc5   IntDisable
00001037   IntIsEnabled
000010bd   IntPendSet
0000112d   IntPendClear
0000117b   IntPriorityMaskSet
00001187   IntPriorityMaskGet
0000118f   IntTrigger
000011a1   CPUcpsid
000011b1   CPUprimask
000011bb   CPUcpsie
000011c7   CPUwfi
000011cb   CPUbasepriSet
000011d9   CPUbasepriGet
00001253   UARTParityModeSet
0000126f   UARTParityModeGet
00001281   UARTFIFOLevelSet
0000129d   UARTFIFOLevelGet
000012c5   UARTConfigSetExpClk
00001341   UARTConfigGetExpClk
00001391   UARTEnable
000013b5   UARTDisable
000013df   UARTFIFOEnable
000013f5   UARTFIFODisable
00001411   UARTEnableSIR
00001445   UARTDisableSIR
0000145b   UARTSmartCardEnable
0000148d   UARTSmartCardDisable
000014a3   UARTModemControlSet
000014e5   UARTModemControlClear
00001509   UARTModemControlGet
0000151b   UARTModemStatusGet
0000152f   UARTFlowControlSet
0000154b   UARTFlowControlGet
0000155d   UARTTxIntModeSet
00001579   UARTTxIntModeGet
0000158b   UARTCharsAvail
000015a9   UARTSpaceAvail
000015c7   UARTCharGetNonBlocking
000015e3   UARTCharGet
000015f9   UARTCharPutNonBlocking
0000161d   UARTCharPut
0000163b   UARTBreakCtl
00001665   UARTBusy
00001683   UARTIntRegister
000016a5   UARTIntUnregister
000016bf   UARTIntEnable
000016d7   UARTIntDisable
000016ef   UARTIntStatus
0000170d   UARTIntClear
0000171f   UARTDMAEnable
00001737   UARTDMADisable
0000174f   UARTRxErrorGet
00001761   UARTRxErrorClear
00001771   UARTClockSourceSet
00001785   UARTClockSourceGet
00001795   UART9BitEnable
000017ab   UART9BitDisable
000017c1   UART9BitAddrSet
000017e7   UART9BitAddrSend
000018f1   SysCtlSRAMSizeGet
000018fb   SysCtlFlashSizeGet
00001927   SysCtlFlashSectorSizeGet
0000194f   SysCtlPeripheralPresent
0000198f   SysCtlPeripheralReady
000019cf   SysCtlPeripheralPowerOn
00001a0b   SysCtlPeripheralPowerOff
00001a47   SysCtlPeripheralReset
00001acf   SysCtlPeripheralEnable
00001b0b   SysCtlPeripheralDisable
00001b51   SysCtlPeripheralSleepEnable
00001b95   SysCtlPeripheralSleepDisable
00001bd1   SysCtlPeripheralDeepSleepEnable
00001c21   SysCtlPeripheralDeepSleepDisable
00001c69   SysCtlPeripheralClockGating
00001cbd   SysCtlIntRegister
00001cd5   SysCtlIntUnregister
00001ce5   SysCtlIntEnable
00001cf9   SysCtlIntDisable
00001d11   SysCtlIntClear
00001d21   SysCtlIntStatus
00001d3d   SysCtlLDOSleepSet
00001d4d   SysCtlLDOSleepGet
00001d53   SysCtlLDODeepSleepSet
00001d63   SysCtlLDODeepSleepGet
00001d69   SysCtlSleepPowerSet
00001d7d   SysCtlDeepSleepPowerSet
00001d8d   SysCtlReset
00001d95   SysCtlSleep
00001d9d   SysCtlDeepSleep
00001db9   SysCtlResetCauseGet
00001dbf   SysCtlResetCauseClear
00001dd3   SysCtlMOSCConfigSet
00001de9   SysCtlPIOSCCalibrate
00001e39   SysCtlResetBehaviorSet
00001e49   SysCtlResetBehaviorGet
00001e9d   SysCtlClockFreqSet
000021b5   SysCtlClockSet
00002381   SysCtlClockGet
00002539   SysCtlDeepSleepClockSet
00002555   SysCtlDeepSleepClockConfigSet
000025df   SysCtlPWMClockSet
000025f9   SysCtlPWMClockGet
0000260f   SysCtlGPIOAHBEnable
0000262b   SysCtlGPIOAHBDisable
00002647   SysCtlUSBPLLEnable
00002659   SysCtlUSBPLLDisable
00002669   SysCtlVoltageEventConfig
00002679   SysCtlVoltageEventStatus
00002685   SysCtlVoltageEventClear
00002699   SysCtlNMIStatus
0000269f   SysCtlNMIClear
000026b3   SysCtlClockOutConfig
000026cf   SysCtlAltClkConfig
00002715   main
00002887   delay
000028a1   wristClockwise
000028d1   wristCounterClockwise
00002905   wristUp
00002939   wristDown
00002971   elbowCounterClockwise
000029a5   elbowClockwise
000029d9   elbowDown
00002a0d   elbowUp
00002a41   actuatorForward
00002a93   actuatorReverse
00002ae5   baseClockwise
00002b01   baseCounterClockwise
00002b21   checkStops
00002ba5   initHardware
00002ca1   resetStruct
00002cd3   setMotor
00002d15   initPositions
00002d49   UARTMotherIntHandler
00002db1   IntSetup
00002dd9   flushUart
00002e65   dynoMove
00002f01   dynoSpeedSet
00002f97   dynoMultiModeSet
00003015   dynoWheelModeSet
00003091   switchCom
000030b5   dynoReadPosition
000031fd   dynoTurn
00003323   clearRxBuffer
00003333   dynoReset
0000339d   dynoPing
00003401   dynoSetID
0000347d   dynoJointModeSet
00003505   recv_struct
00003611   send_struct
00003701   __aeabi_memcpy
00003701   __aeabi_memcpy4
00003701   __aeabi_memcpy8
00003701   memcpy
0000379d   __TI_auto_init
00003891   _c_int00
000038d9   copy_in
0000391d   C$$EXIT
00003921   abort
00003929   exit
00003961   _args_main
00003979   _register_unlock
0000397f   _register_lock
00003987   _nop
0000398d   __TI_zero_init
0000399f   __TI_decompress_none
000039ad   ResetISR
000039b9   SysCtlDelay
000039bf   __TI_decompress_rle24
00003e18   ACTUATOR_FORWARD_LIMIT
00003e1a   ACTUATOR_REVERSE_LIMIT
00003f4c   __TI_Handler_Table_Base
00003f58   __TI_Handler_Table_Limit
00003f68   __TI_CINIT_Base
00003f80   __TI_CINIT_Limit
20000000   g_pfnRAMVectors
2000026c   __stack
2000046c   __STACK_END
2000046c   __STACK_TOP
2000046c   _lock
20000470   _unlock
20000474   __TI_cleanup_ptr
20000478   __TI_dtors_ptr
2000047c   uartRxBuf
20000480   handled
20000484   main_func_sp
20000488   error_byte
ffffffff   __binit__
ffffffff   __c_args__
ffffffff   binit
UNDEFED    SHT$$INIT_ARRAY$$Base
UNDEFED    SHT$$INIT_ARRAY$$Limit

[252 symbols]
