******************************************************************************
                  TI ARM Linker PC v5.1.9                      
******************************************************************************
>> Linked Sat Feb 07 16:36:53 2015

OUTPUT FILE NAME:   <ArmV3.out>
ENTRY POINT SYMBOL: "_c_int00"  address: 00004399


MEMORY CONFIGURATION

         name            origin    length      used     unused   attr    fill
----------------------  --------  ---------  --------  --------  ----  --------
  FLASH                 00000000   00040000  00004930  0003b6d0  R  X
  SRAM                  20000000   00008000  000004f0  00007b10  RW X


SEGMENT ALLOCATION MAP

run origin  load origin   length   init length attrs members
----------  ----------- ---------- ----------- ----- -------
00000000    00000000    00004930   00004930    r-x
  00000000    00000000    0000026c   0000026c    r-- .intvecs
  0000026c    0000026c    00004260   00004260    r-x .text
  000044cc    000044cc    000003fc   000003fc    r-- .const
  000048c8    000048c8    00000068   00000068    r-- .cinit
20000000    20000000    000004f0   00000000    rw-
  20000000    20000000    0000026c   00000000    rw- .vtable
  2000026c    2000026c    00000200   00000000    rw- .stack
  2000046c    2000046c    00000050   00000000    rw- .data
  200004bc    200004bc    00000034   00000000    rw- .bss


SECTION ALLOCATION MAP

 output                                  attributes/
section   page    origin      length       input sections
--------  ----  ----------  ----------   ----------------
.init_array 
*          0    00000000    00000000     UNINITIALIZED

.intvecs   0    00000000    0000026c     
                  00000000    0000026c     lm4f210h5qr_startup_ccs.obj (.intvecs)

.text      0    0000026c    00004260     
                  0000026c    00003f24     armMainV3.obj (.text)
                  00004190    0000009c     rtsv7M4_T_le_v4SPD16_eabi.lib : memcpy_t2.obj (.text)
                  0000422c    00000094                                   : auto_init.obj (.text)
                  000042c0    0000007a                                   : memset_t2.obj (.text)
                  0000433a    0000005e                                   : copy_decompress_rle.obj (.text)
                  00004398    00000048                                   : boot.obj (.text)
                  000043e0    00000044                                   : cpy_tbl.obj (.text)
                  00004424    00000044                                   : exit.obj (.text)
                  00004468    00000018                                   : args_main.obj (.text)
                  00004480    00000014                                   : _lock.obj (.text)
                  00004494    00000012                                   : copy_zero_init.obj (.text:decompress:ZI)
                  000044a6    0000000e                                   : copy_decompress_none.obj (.text:decompress:none)
                  000044b4    0000000c     lm4f210h5qr_startup_ccs.obj (.text)
                  000044c0    00000006     armMainV3.obj (.text:SysCtlDelay)
                  000044c6    00000006     rtsv7M4_T_le_v4SPD16_eabi.lib : copy_decompress_rle.obj (.text:decompress:rle24)

.const     0    000044cc    000003fc     
                  000044cc    00000120     armMainV3.obj (.const:g_ppulPeripheralMap)
                  000045ec    000000bc     armMainV3.obj (.const)
                  000046a8    0000009c     armMainV3.obj (.const:g_pulRegs)
                  00004744    00000078     armMainV3.obj (.const:g_pulGPIOBaseAddrs)
                  000047bc    0000006c     armMainV3.obj (.const:g_pulXtals)
                  00004828    00000060     armMainV3.obj (.const:g_ppulTimerIntMap)
                  00004888    00000040     armMainV3.obj (.const:g_ppulUARTIntMap)

.cinit     0    000048c8    00000068     
                  000048c8    00000032     (.cinit..data.load) [load image, compression = rle]
                  000048fa    00000002     --HOLE-- [fill = 0]
                  000048fc    0000000c     (__TI_handler_table)
                  00004908    00000008     (.cinit..bss.load) [load image, compression = zero_init]
                  00004910    00000008     (.cinit..vtable.load) [load image, compression = zero_init]
                  00004918    00000018     (__TI_cinit_table)

.vtable    0    20000000    0000026c     UNINITIALIZED
                  20000000    0000026c     armMainV3.obj (.vtable)

.stack     0    2000026c    00000200     UNINITIALIZED
                  2000026c    00000200     --HOLE--

.data      0    2000046c    00000050     UNINITIALIZED
                  2000046c    0000003b     armMainV3.obj (.data)
                  200004a7    00000001     --HOLE--
                  200004a8    00000008     rtsv7M4_T_le_v4SPD16_eabi.lib : _lock.obj (.data)
                  200004b0    00000008                                   : exit.obj (.data)
                  200004b8    00000004                                   : stkdepth_vars.obj (.data)

.bss       0    200004bc    00000034     UNINITIALIZED
                  200004bc    00000034     armMainV3.obj (.bss:myUart)


LINKER GENERATED COPY TABLES

__TI_cinit_table @ 00004918 records: 3, size/record: 8, table size: 24
	.data: load addr=000048c8, load size=00000032 bytes, run addr=2000046c, run size=00000050 bytes, compression=rle
	.bss: load addr=00004908, load size=00000008 bytes, run addr=200004bc, run size=00000034 bytes, compression=zero_init
	.vtable: load addr=00004910, load size=00000008 bytes, run addr=20000000, run size=0000026c bytes, compression=zero_init


LINKER GENERATED HANDLER TABLE

__TI_handler_table @ 000048fc records: 3, size/record: 4, table size: 12
	index: 0, handler: __TI_zero_init
	index: 1, handler: __TI_decompress_rle24
	index: 2, handler: __TI_decompress_none


GLOBAL SYMBOLS: SORTED ALPHABETICALLY BY Name 

address    name
--------   ----
00004425   C$$EXIT
00000623   CPUbasepriGet
00000615   CPUbasepriSet
000005eb   CPUcpsid
00000605   CPUcpsie
000005f7   CPUprimask
00000611   CPUwfi
000046a0   DYNO_CLOCKWISE
000046a4   DYNO_COUNTERCLOCKWISE
0000469c   FORWARD_CHARACTER
000039bb   GPIOADCTriggerDisable
0000399d   GPIOADCTriggerEnable
0000397f   GPIODMATriggerDisable
00003961   GPIODMATriggerEnable
000030d9   GPIODirModeGet
0000307d   GPIODirModeSet
000031a7   GPIOIntTypeGet
00003125   GPIOIntTypeSet
0000338b   GPIOPadConfigGet
00003225   GPIOPadConfigSet
000038ff   GPIOPinConfigure
000034db   GPIOPinIntClear
0000349b   GPIOPinIntDisable
0000347d   GPIOPinIntEnable
000034b9   GPIOPinIntStatus
0000352b   GPIOPinRead
00003563   GPIOPinTypeADC
00003587   GPIOPinTypeCAN
000035ab   GPIOPinTypeComparator
000035cf   GPIOPinTypeEPI
000035f3   GPIOPinTypeEthernetLED
00003617   GPIOPinTypeEthernetMII
0000363b   GPIOPinTypeFan
0000365f   GPIOPinTypeGPIOInput
00003683   GPIOPinTypeGPIOOutput
000036a7   GPIOPinTypeGPIOOutputOD
000036cb   GPIOPinTypeI2C
000036ef   GPIOPinTypeI2CSCL
00003773   GPIOPinTypeI2S
00003797   GPIOPinTypeLPC
000037bb   GPIOPinTypePECIRx
000037df   GPIOPinTypePECITx
00003803   GPIOPinTypePWM
00003827   GPIOPinTypeQEI
0000384b   GPIOPinTypeSSI
0000386f   GPIOPinTypeTimer
00003893   GPIOPinTypeUART
000038b7   GPIOPinTypeUSBAnalog
000038db   GPIOPinTypeUSBDigital
00003543   GPIOPinWrite
000034f3   GPIOPortIntRegister
00003511   GPIOPortIntUnregister
00000421   IntDisable
000003af   IntEnable
00000493   IntIsEnabled
00000279   IntMasterDisable
0000026f   IntMasterEnable
00000589   IntPendClear
00000519   IntPendSet
0000038b   IntPriorityGet
00000303   IntPriorityGroupingGet
000002e9   IntPriorityGroupingSet
000005e3   IntPriorityMaskGet
000005d7   IntPriorityMaskSet
0000033b   IntPrioritySet
00000283   IntRegister
000002d5   IntUnregister
0000469e   REVERSE_CHARACTER
000044b5   ResetISR
UNDEFED    SHT$$INIT_ARRAY$$Base
UNDEFED    SHT$$INIT_ARRAY$$Limit
00002db3   SoftUARTBreakCtl
00002de5   SoftUARTBusy
00002e9b   SoftUARTCallbackSet
00002cbd   SoftUARTCharGet
00002c5f   SoftUARTCharGetNonBlocking
00002d67   SoftUARTCharPut
00002d15   SoftUARTCharPutNonBlocking
00002bb3   SoftUARTCharsAvail
00002b65   SoftUARTConfigGet
000020ef   SoftUARTConfigSet
00002b95   SoftUARTDisable
00002b7d   SoftUARTEnable
00002b3b   SoftUARTFIFOLevelGet
00002b13   SoftUARTFIFOLevelSet
000020d7   SoftUARTInit
00002e63   SoftUARTIntClear
00002e29   SoftUARTIntDisable
00002e13   SoftUARTIntEnable
00002e3f   SoftUARTIntStatus
000029e1   SoftUARTParityModeGet
000029c5   SoftUARTParityModeSet
00002f37   SoftUARTRxBufferSet
00002e89   SoftUARTRxErrorClear
00002e79   SoftUARTRxErrorGet
00002ed7   SoftUARTRxGPIOSet
0000251d   SoftUARTRxTick
00002bcf   SoftUARTSpaceAvail
00002f0b   SoftUARTTxBufferSet
00002ead   SoftUARTTxGPIOSet
000021af   SoftUARTTxTimerTick
000018b7   SysCtlADCSpeedGet
0000188d   SysCtlADCSpeedSet
000012d1   SysCtlBrownOutConfigSet
00001959   SysCtlClkVerificationClear
000015a9   SysCtlClockGet
00001371   SysCtlClockSet
0000129b   SysCtlDeepSleep
00001849   SysCtlDeepSleepClockSet
000044c1   SysCtlDelay
00000c73   SysCtlFlashSizeGet
00001989   SysCtlGPIOAHBDisable
00001967   SysCtlGPIOAHBEnable
000019c5   SysCtlI2SMClkSet
000018c9   SysCtlIOSCVerificationSet
00001231   SysCtlIntClear
0000121d   SysCtlIntDisable
00001209   SysCtlIntEnable
000011e5   SysCtlIntRegister
00001245   SysCtlIntStatus
000011f9   SysCtlIntUnregister
0000127b   SysCtlLDOConfigSet
00001275   SysCtlLDOGet
00001261   SysCtlLDOSet
000012e9   SysCtlMOSCConfigSet
000018fd   SysCtlMOSCVerificationSet
000012fd   SysCtlPIOSCCalibrate
00001931   SysCtlPLLVerificationSet
00001873   SysCtlPWMClockGet
00001859   SysCtlPWMClockSet
000011bd   SysCtlPeripheralClockGating
00001149   SysCtlPeripheralDeepSleepDisable
000010d5   SysCtlPeripheralDeepSleepEnable
00000f71   SysCtlPeripheralDisable
00000ef1   SysCtlPeripheralEnable
00000db5   SysCtlPeripheralPowerOff
00000d71   SysCtlPeripheralPowerOn
00000c9d   SysCtlPeripheralPresent
00000d2d   SysCtlPeripheralReady
00000df9   SysCtlPeripheralReset
00001065   SysCtlPeripheralSleepDisable
00000fed   SysCtlPeripheralSleepEnable
00000c83   SysCtlPinPresent
0000128b   SysCtlReset
000012bd   SysCtlResetCauseClear
000012b7   SysCtlResetCauseGet
00000c63   SysCtlSRAMSizeGet
00001293   SysCtlSleep
000019ad   SysCtlUSBPLLDisable
000019a1   SysCtlUSBPLLEnable
00004161   Timer0AIntHandler
00001b89   TimerConfigure
00001c3d   TimerControlEvent
00001bc5   TimerControlLevel
00001c71   TimerControlStall
00001c01   TimerControlTrigger
00001cb9   TimerControlWaitOnTrigger
00001b63   TimerDisable
00001b45   TimerEnable
00002029   TimerIntClear
00001ff3   TimerIntDisable
00001fdb   TimerIntEnable
00001f5d   TimerIntRegister
0000200b   TimerIntStatus
00001f9f   TimerIntUnregister
00001e03   TimerLoadGet
00001e45   TimerLoadGet64
00001dd9   TimerLoadSet
00001e1f   TimerLoadSet64
00001eef   TimerMatchGet
00001f2b   TimerMatchGet64
00001ec5   TimerMatchSet
00001f0b   TimerMatchSet64
00001d6f   TimerPrescaleGet
00001db5   TimerPrescaleMatchGet
00001d8b   TimerPrescaleMatchSet
00001d45   TimerPrescaleSet
0000204d   TimerQuiesce
00001d2f   TimerRTCDisable
00001d19   TimerRTCEnable
0000203b   TimerSynchronize
00001e77   TimerValueGet
00001e93   TimerValueGet64
00000be5   UART9BitAddrSend
00000bbf   UART9BitAddrSet
00000ba9   UART9BitDisable
00000b93   UART9BitEnable
00000a3d   UARTBreakCtl
00000a67   UARTBusy
000009e5   UARTCharGet
000009c9   UARTCharGetNonBlocking
00000a1f   UARTCharPut
000009fb   UARTCharPutNonBlocking
00000999   UARTCharsAvail
00000b83   UARTClockSourceGet
00000b6f   UARTClockSourceSet
0000075f   UARTConfigGetExpClk
000006e9   UARTConfigSetExpClk
00000b35   UARTDMADisable
00000b1d   UARTDMAEnable
000007d5   UARTDisable
00000865   UARTDisableSIR
000007b1   UARTEnable
00000831   UARTEnableSIR
0000081b   UARTFIFODisable
00000805   UARTFIFOEnable
000006bd   UARTFIFOLevelGet
000006a5   UARTFIFOLevelSet
00000959   UARTFlowControlGet
0000093d   UARTFlowControlSet
00000b0b   UARTIntClear
00000ad5   UARTIntDisable
00000ab7   UARTIntEnable
00000a7f   UARTIntRegister
00000aed   UARTIntStatus
00000a9d   UARTIntUnregister
000008e7   UARTModemControlClear
00000911   UARTModemControlGet
000008c3   UARTModemControlSet
00000929   UARTModemStatusGet
0000068d   UARTParityModeGet
0000066d   UARTParityModeSet
00000b5f   UARTRxErrorClear
00000b4d   UARTRxErrorGet
000008ad   UARTSmartCardDisable
0000087b   UARTSmartCardEnable
000009b1   UARTSpaceAvail
00000987   UARTTxIntModeGet
0000096b   UARTTxIntModeSet
2000046c   __STACK_END
00000200   __STACK_SIZE
2000046c   __STACK_TOP
00004918   __TI_CINIT_Base
00004930   __TI_CINIT_Limit
000048fc   __TI_Handler_Table_Base
00004908   __TI_Handler_Table_Limit
00000001   __TI_args_main
0000422d   __TI_auto_init
200004b0   __TI_cleanup_ptr
000044a7   __TI_decompress_none
000044c7   __TI_decompress_rle24
200004b4   __TI_dtors_ptr
00000000   __TI_static_base__
00004495   __TI_zero_init
000042c1   __aeabi_memclr
000042c1   __aeabi_memclr4
000042c1   __aeabi_memclr8
00004191   __aeabi_memcpy
00004191   __aeabi_memcpy4
00004191   __aeabi_memcpy8
000042c3   __aeabi_memset
000042c3   __aeabi_memset4
000042c3   __aeabi_memset8
ffffffff   __binit__
ffffffff   __c_args__
2000026c   __stack
00004469   _args_main
00004399   _c_int00
200004a8   _lock
0000448f   _nop
00004487   _register_lock
00004481   _register_unlock
200004ac   _unlock
00004429   abort
00003c69   actuatorForward
00003c9b   actuatorReverse
00003ccb   baseClockWise
00003cf5   baseCounterClockWise
ffffffff   binit
000043e1   copy_in
00003af3   delay
00003fe5   dynoSpeedSet
00003f61   dynoWheelModeSet
00003be7   elbowClockWise
00003bbf   elbowCounterClockWise
00003c15   elbowDown
00003c41   elbowUp
00004431   exit
20000000   g_pfnRAMVectors
00000000   g_pfnVectors
00003d1d   initHardware
000039f1   main
200004b8   main_func_sp
00004191   memcpy
000042c9   memset
200004bc   myUart
00003eff   resetStruct
2000048c   rxBuffer
0000409d   setForward
000040ed   setReverse
0000412d   setStop
2000049e   txBuffer
00003b17   wristClockWise
00003b43   wristCounterClockWise
00003b97   wristDown
00003b6f   wristUp


GLOBAL SYMBOLS: SORTED BY Symbol Address 

address    name
--------   ----
00000000   __TI_static_base__
00000000   g_pfnVectors
00000001   __TI_args_main
00000200   __STACK_SIZE
0000026f   IntMasterEnable
00000279   IntMasterDisable
00000283   IntRegister
000002d5   IntUnregister
000002e9   IntPriorityGroupingSet
00000303   IntPriorityGroupingGet
0000033b   IntPrioritySet
0000038b   IntPriorityGet
000003af   IntEnable
00000421   IntDisable
00000493   IntIsEnabled
00000519   IntPendSet
00000589   IntPendClear
000005d7   IntPriorityMaskSet
000005e3   IntPriorityMaskGet
000005eb   CPUcpsid
000005f7   CPUprimask
00000605   CPUcpsie
00000611   CPUwfi
00000615   CPUbasepriSet
00000623   CPUbasepriGet
0000066d   UARTParityModeSet
0000068d   UARTParityModeGet
000006a5   UARTFIFOLevelSet
000006bd   UARTFIFOLevelGet
000006e9   UARTConfigSetExpClk
0000075f   UARTConfigGetExpClk
000007b1   UARTEnable
000007d5   UARTDisable
00000805   UARTFIFOEnable
0000081b   UARTFIFODisable
00000831   UARTEnableSIR
00000865   UARTDisableSIR
0000087b   UARTSmartCardEnable
000008ad   UARTSmartCardDisable
000008c3   UARTModemControlSet
000008e7   UARTModemControlClear
00000911   UARTModemControlGet
00000929   UARTModemStatusGet
0000093d   UARTFlowControlSet
00000959   UARTFlowControlGet
0000096b   UARTTxIntModeSet
00000987   UARTTxIntModeGet
00000999   UARTCharsAvail
000009b1   UARTSpaceAvail
000009c9   UARTCharGetNonBlocking
000009e5   UARTCharGet
000009fb   UARTCharPutNonBlocking
00000a1f   UARTCharPut
00000a3d   UARTBreakCtl
00000a67   UARTBusy
00000a7f   UARTIntRegister
00000a9d   UARTIntUnregister
00000ab7   UARTIntEnable
00000ad5   UARTIntDisable
00000aed   UARTIntStatus
00000b0b   UARTIntClear
00000b1d   UARTDMAEnable
00000b35   UARTDMADisable
00000b4d   UARTRxErrorGet
00000b5f   UARTRxErrorClear
00000b6f   UARTClockSourceSet
00000b83   UARTClockSourceGet
00000b93   UART9BitEnable
00000ba9   UART9BitDisable
00000bbf   UART9BitAddrSet
00000be5   UART9BitAddrSend
00000c63   SysCtlSRAMSizeGet
00000c73   SysCtlFlashSizeGet
00000c83   SysCtlPinPresent
00000c9d   SysCtlPeripheralPresent
00000d2d   SysCtlPeripheralReady
00000d71   SysCtlPeripheralPowerOn
00000db5   SysCtlPeripheralPowerOff
00000df9   SysCtlPeripheralReset
00000ef1   SysCtlPeripheralEnable
00000f71   SysCtlPeripheralDisable
00000fed   SysCtlPeripheralSleepEnable
00001065   SysCtlPeripheralSleepDisable
000010d5   SysCtlPeripheralDeepSleepEnable
00001149   SysCtlPeripheralDeepSleepDisable
000011bd   SysCtlPeripheralClockGating
000011e5   SysCtlIntRegister
000011f9   SysCtlIntUnregister
00001209   SysCtlIntEnable
0000121d   SysCtlIntDisable
00001231   SysCtlIntClear
00001245   SysCtlIntStatus
00001261   SysCtlLDOSet
00001275   SysCtlLDOGet
0000127b   SysCtlLDOConfigSet
0000128b   SysCtlReset
00001293   SysCtlSleep
0000129b   SysCtlDeepSleep
000012b7   SysCtlResetCauseGet
000012bd   SysCtlResetCauseClear
000012d1   SysCtlBrownOutConfigSet
000012e9   SysCtlMOSCConfigSet
000012fd   SysCtlPIOSCCalibrate
00001371   SysCtlClockSet
000015a9   SysCtlClockGet
00001849   SysCtlDeepSleepClockSet
00001859   SysCtlPWMClockSet
00001873   SysCtlPWMClockGet
0000188d   SysCtlADCSpeedSet
000018b7   SysCtlADCSpeedGet
000018c9   SysCtlIOSCVerificationSet
000018fd   SysCtlMOSCVerificationSet
00001931   SysCtlPLLVerificationSet
00001959   SysCtlClkVerificationClear
00001967   SysCtlGPIOAHBEnable
00001989   SysCtlGPIOAHBDisable
000019a1   SysCtlUSBPLLEnable
000019ad   SysCtlUSBPLLDisable
000019c5   SysCtlI2SMClkSet
00001b45   TimerEnable
00001b63   TimerDisable
00001b89   TimerConfigure
00001bc5   TimerControlLevel
00001c01   TimerControlTrigger
00001c3d   TimerControlEvent
00001c71   TimerControlStall
00001cb9   TimerControlWaitOnTrigger
00001d19   TimerRTCEnable
00001d2f   TimerRTCDisable
00001d45   TimerPrescaleSet
00001d6f   TimerPrescaleGet
00001d8b   TimerPrescaleMatchSet
00001db5   TimerPrescaleMatchGet
00001dd9   TimerLoadSet
00001e03   TimerLoadGet
00001e1f   TimerLoadSet64
00001e45   TimerLoadGet64
00001e77   TimerValueGet
00001e93   TimerValueGet64
00001ec5   TimerMatchSet
00001eef   TimerMatchGet
00001f0b   TimerMatchSet64
00001f2b   TimerMatchGet64
00001f5d   TimerIntRegister
00001f9f   TimerIntUnregister
00001fdb   TimerIntEnable
00001ff3   TimerIntDisable
0000200b   TimerIntStatus
00002029   TimerIntClear
0000203b   TimerSynchronize
0000204d   TimerQuiesce
000020d7   SoftUARTInit
000020ef   SoftUARTConfigSet
000021af   SoftUARTTxTimerTick
0000251d   SoftUARTRxTick
000029c5   SoftUARTParityModeSet
000029e1   SoftUARTParityModeGet
00002b13   SoftUARTFIFOLevelSet
00002b3b   SoftUARTFIFOLevelGet
00002b65   SoftUARTConfigGet
00002b7d   SoftUARTEnable
00002b95   SoftUARTDisable
00002bb3   SoftUARTCharsAvail
00002bcf   SoftUARTSpaceAvail
00002c5f   SoftUARTCharGetNonBlocking
00002cbd   SoftUARTCharGet
00002d15   SoftUARTCharPutNonBlocking
00002d67   SoftUARTCharPut
00002db3   SoftUARTBreakCtl
00002de5   SoftUARTBusy
00002e13   SoftUARTIntEnable
00002e29   SoftUARTIntDisable
00002e3f   SoftUARTIntStatus
00002e63   SoftUARTIntClear
00002e79   SoftUARTRxErrorGet
00002e89   SoftUARTRxErrorClear
00002e9b   SoftUARTCallbackSet
00002ead   SoftUARTTxGPIOSet
00002ed7   SoftUARTRxGPIOSet
00002f0b   SoftUARTTxBufferSet
00002f37   SoftUARTRxBufferSet
0000307d   GPIODirModeSet
000030d9   GPIODirModeGet
00003125   GPIOIntTypeSet
000031a7   GPIOIntTypeGet
00003225   GPIOPadConfigSet
0000338b   GPIOPadConfigGet
0000347d   GPIOPinIntEnable
0000349b   GPIOPinIntDisable
000034b9   GPIOPinIntStatus
000034db   GPIOPinIntClear
000034f3   GPIOPortIntRegister
00003511   GPIOPortIntUnregister
0000352b   GPIOPinRead
00003543   GPIOPinWrite
00003563   GPIOPinTypeADC
00003587   GPIOPinTypeCAN
000035ab   GPIOPinTypeComparator
000035cf   GPIOPinTypeEPI
000035f3   GPIOPinTypeEthernetLED
00003617   GPIOPinTypeEthernetMII
0000363b   GPIOPinTypeFan
0000365f   GPIOPinTypeGPIOInput
00003683   GPIOPinTypeGPIOOutput
000036a7   GPIOPinTypeGPIOOutputOD
000036cb   GPIOPinTypeI2C
000036ef   GPIOPinTypeI2CSCL
00003773   GPIOPinTypeI2S
00003797   GPIOPinTypeLPC
000037bb   GPIOPinTypePECIRx
000037df   GPIOPinTypePECITx
00003803   GPIOPinTypePWM
00003827   GPIOPinTypeQEI
0000384b   GPIOPinTypeSSI
0000386f   GPIOPinTypeTimer
00003893   GPIOPinTypeUART
000038b7   GPIOPinTypeUSBAnalog
000038db   GPIOPinTypeUSBDigital
000038ff   GPIOPinConfigure
00003961   GPIODMATriggerEnable
0000397f   GPIODMATriggerDisable
0000399d   GPIOADCTriggerEnable
000039bb   GPIOADCTriggerDisable
000039f1   main
00003af3   delay
00003b17   wristClockWise
00003b43   wristCounterClockWise
00003b6f   wristUp
00003b97   wristDown
00003bbf   elbowCounterClockWise
00003be7   elbowClockWise
00003c15   elbowDown
00003c41   elbowUp
00003c69   actuatorForward
00003c9b   actuatorReverse
00003ccb   baseClockWise
00003cf5   baseCounterClockWise
00003d1d   initHardware
00003eff   resetStruct
00003f61   dynoWheelModeSet
00003fe5   dynoSpeedSet
0000409d   setForward
000040ed   setReverse
0000412d   setStop
00004161   Timer0AIntHandler
00004191   __aeabi_memcpy
00004191   __aeabi_memcpy4
00004191   __aeabi_memcpy8
00004191   memcpy
0000422d   __TI_auto_init
000042c1   __aeabi_memclr
000042c1   __aeabi_memclr4
000042c1   __aeabi_memclr8
000042c3   __aeabi_memset
000042c3   __aeabi_memset4
000042c3   __aeabi_memset8
000042c9   memset
00004399   _c_int00
000043e1   copy_in
00004425   C$$EXIT
00004429   abort
00004431   exit
00004469   _args_main
00004481   _register_unlock
00004487   _register_lock
0000448f   _nop
00004495   __TI_zero_init
000044a7   __TI_decompress_none
000044b5   ResetISR
000044c1   SysCtlDelay
000044c7   __TI_decompress_rle24
0000469c   FORWARD_CHARACTER
0000469e   REVERSE_CHARACTER
000046a0   DYNO_CLOCKWISE
000046a4   DYNO_COUNTERCLOCKWISE
000048fc   __TI_Handler_Table_Base
00004908   __TI_Handler_Table_Limit
00004918   __TI_CINIT_Base
00004930   __TI_CINIT_Limit
20000000   g_pfnRAMVectors
2000026c   __stack
2000046c   __STACK_END
2000046c   __STACK_TOP
2000048c   rxBuffer
2000049e   txBuffer
200004a8   _lock
200004ac   _unlock
200004b0   __TI_cleanup_ptr
200004b4   __TI_dtors_ptr
200004b8   main_func_sp
200004bc   myUart
ffffffff   __binit__
ffffffff   __c_args__
ffffffff   binit
UNDEFED    SHT$$INIT_ARRAY$$Base
UNDEFED    SHT$$INIT_ARRAY$$Limit

[296 symbols]
